2025-11-26 21:03:19 | INFO     | [LOG] 日志文件: /home/ubuntu/crypto_trading_code/binance_implement/neural_strategy/logs/craz10.log
2025-11-26 21:03:19 | INFO     | ============================================================
2025-11-26 21:03:19 | INFO     | [SYSTEM] 启动自动化交易系统
2025-11-26 21:03:19 | INFO     | ============================================================
2025-11-26 21:03:19 | ERROR    | [ERROR] 配置验证失败，无法启动
2025-11-26 21:03:35 | INFO     | [LOG] 日志文件: /home/ubuntu/crypto_trading_code/binance_implement/neural_strategy/logs/craz10.log
2025-11-26 21:03:35 | INFO     | ============================================================
2025-11-26 21:03:35 | INFO     | [SYSTEM] 启动自动化交易系统
2025-11-26 21:03:35 | INFO     | ============================================================
2025-11-26 21:03:35 | INFO     | [INIT] 初始化交易组件...
2025-11-26 21:03:36 | INFO     | [OK] API连接成功 - LIVE
2025-11-26 21:03:36 | INFO     | [BALANCE] USDT总余额: 83.88
2025-11-26 21:03:36 | INFO     | [INFO] 找到 536 个活跃USDT永续合约
2025-11-26 21:03:36 | INFO     | [OK] 交易执行器初始化成功
2025-11-26 21:03:37 | INFO     | [OK] API连接测试成功，耗时: 1.064秒
2025-11-26 21:03:37 | INFO     | [OK] 优化数据处理器初始化成功
2025-11-26 21:03:37 | INFO     | [OK] 优化因子计算器初始化成功
2025-11-26 21:03:37 | INFO     |    设备: cpu
2025-11-26 21:03:37 | INFO     |    时间框架: ['1h', '2h', '4h']
2025-11-26 21:03:37 | INFO     |    模型路径: /home/ubuntu/crypto_trading_code/binance_implement/neural_strategy/../../figure_model/model_saved/baseline_epoch_45_train_0.00174_val_0.00444.pt
2025-11-26 21:03:37 | INFO     | [BALANCE] 当前账户余额: 83.88 USDT
2025-11-26 21:03:38 | INFO     | [DINGDING] 通知已发送: 📊 账户余额报告
⏰ 时间: 2025-11-26 21:03:37
💰 USDT余额: 83.88
🔧 环境: 实盘
2025-11-26 21:03:38 | INFO     | [BALANCE] 余额通知已发送: 83.88 USDT
2025-11-26 21:03:38 | INFO     | [OK] 系统初始化完成，每 1 分钟执行交易
2025-11-26 21:03:38 | INFO     | [LOOP] 开始主交易循环
2025-11-26 21:03:38 | INFO     | 
==================================================
2025-11-26 21:03:38 | INFO     | [CYCLE] 第 1 轮交易周期
2025-11-26 21:03:38 | INFO     | [TIME] 开始时间: 2025-11-26 21:03:38
2025-11-26 21:03:38 | INFO     | ==================================================
2025-11-26 21:03:38 | INFO     | [STEP 1] 平仓字典中存储的仓位...
2025-11-26 21:03:38 | INFO     | [INFO] 仓位字典为空，无需平仓
2025-11-26 21:03:38 | INFO     | [STEP 2] 跳过验证步骤...
2025-11-26 21:03:38 | INFO     | [STEP 2.5] 分析上一轮因子表现 (IC/RankIC)...
2025-11-26 21:03:38 | INFO     | [FACTOR PERFORMANCE] 首次运行，无历史数据进行IC分析
2025-11-26 21:03:38 | INFO     | [STEP 3] 提取OHLC数据并计算因子...
2025-11-26 21:03:38 | INFO     | [OK] 获取活跃交易对完成，耗时: 0.001秒
2025-11-26 21:03:41 | WARNING  | [DATA] IRYS/USDT:USDT 1h 数据不足: 获取到 6 条数据，需要 83 条
2025-11-26 21:03:41 | WARNING  | [SKIP] IRYS/USDT:USDT 跳过: 无法获取有效的多时间框架数据
