2025-10-06 10:02:56 | INFO     | [LOG] 日志文件: /home/ubuntu/crypto_trading_code/binance_implement/neural_strategy/logs/donk.log
2025-10-06 10:02:56 | INFO     | ============================================================
2025-10-06 10:02:56 | INFO     | [SYSTEM] 启动自动化交易系统
2025-10-06 10:02:56 | INFO     | ============================================================
2025-10-06 10:02:56 | INFO     | [INIT] 初始化交易组件...
2025-10-06 10:02:57 | INFO     | [OK] API连接成功 - LIVE
2025-10-06 10:02:57 | INFO     | [BALANCE] USDT总余额: 1755.52
2025-10-06 10:02:57 | INFO     | [INFO] 找到 508 个活跃USDT永续合约
2025-10-06 10:02:57 | INFO     | 示例交易对: 0G/USDT:USDT, 1000000BOB/USDT:USDT, 1000000MOG/USDT:USDT, 1000BONK/USDT:USDT, 1000CAT/USDT:USDT, 1000CHEEMS/USDT:USDT, 1000FLOKI/USDT:USDT, 1000LUNC/USDT:USDT, 1000PEPE/USDT:USDT, 1000RATS/USDT:USDT
2025-10-06 10:02:57 | INFO     | [OK] 交易执行器初始化成功
2025-10-06 10:02:58 | INFO     | [OK] API连接测试成功，耗时: 0.962秒
2025-10-06 10:02:58 | INFO     | [OK] 优化数据处理器初始化成功
2025-10-06 10:02:58 | INFO     | [OK] 优化因子计算器初始化成功
2025-10-06 10:02:58 | INFO     |    设备: cpu
2025-10-06 10:02:58 | INFO     |    时间框架: ['1h', '2h', '4h']
2025-10-06 10:02:58 | INFO     |    模型路径: /home/ubuntu/crypto_trading_code/binance_implement/neural_strategy/../../figure_model/model_saved/baseline_epoch_52_train_0.02124_val_0.02302.pt
2025-10-06 10:02:58 | INFO     | [BALANCE] 当前账户余额: 767.78 USDT
2025-10-06 10:02:59 | INFO     | [DINGDING] 通知已发送: 📊 账户余额报告
⏰ 时间: 2025-10-06 10:02:58
💰 USDT余额: 767.78
🔧 环境: 实盘
2025-10-06 10:02:59 | INFO     | [BALANCE] 余额通知已发送: 767.78 USDT
2025-10-06 10:02:59 | INFO     | [OK] 系统初始化完成，16小时周期执行 (0点、8点、16点)
2025-10-06 10:02:59 | INFO     | [SCHEDULE] 下次执行时间: 2025-10-06 12:00:00
2025-10-06 10:02:59 | INFO     | [LOOP] 开始主交易循环
2025-10-06 10:02:59 | INFO     | [16H] 等待首次执行时间: 2025-10-06 12:00:00
2025-10-06 10:02:59 | INFO     | [16H] 16小时执行模式 - 下次执行时间: 2025-10-06 12:00:00
2025-10-06 10:02:59 | INFO     | [WAIT] 等待 7021 秒 (2.0 小时)
2025-10-06 11:02:59 | INFO     | [WAIT] 剩余等待时间: 1.0 小时
2025-10-06 11:02:59 | INFO     | [WAIT] 最后等待: 3421 秒
2025-10-06 12:00:00 | INFO     | 
==================================================
2025-10-06 12:00:00 | INFO     | [CYCLE] 第 1 轮交易周期
2025-10-06 12:00:00 | INFO     | [TIME] 开始时间: 2025-10-06 12:00:00
2025-10-06 12:00:00 | INFO     | ==================================================
2025-10-06 12:00:00 | INFO     | [STEP 1] 平仓字典中存储的仓位...
2025-10-06 12:00:00 | INFO     | [INFO] 仓位字典为空，无需平仓
2025-10-06 12:00:00 | INFO     | [STEP 2] 跳过验证步骤...
2025-10-06 12:00:00 | INFO     | [STEP 3] 提取OHLC数据并计算因子...
2025-10-06 12:00:00 | INFO     | [OK] 获取活跃交易对完成，耗时: 0.001秒
2025-10-06 12:00:16 | INFO     | [FACTORS] 计算得到 506 个有效因子
2025-10-06 12:00:16 | INFO     | [STEP 4] 根据因子值选择交易标的...
2025-10-06 12:00:16 | INFO     | [STATS] 因子统计:
2025-10-06 12:00:16 | INFO     |    总计: 506 个标的
2025-10-06 12:00:16 | INFO     |    因子值范围: -0.063337 ~ 0.088282
2025-10-06 12:00:16 | INFO     |    选择做多: 2 个
2025-10-06 12:00:16 | INFO     |    选择做空: 2 个
2025-10-06 12:00:16 | INFO     | [LONG SYMBOLS] 做多标的详情:
2025-10-06 12:00:16 | INFO     |    ALPINE/USDT:USDT: 0.088282
2025-10-06 12:00:16 | INFO     |    SKYAI/USDT:USDT: 0.062138
2025-10-06 12:00:16 | INFO     | [SHORT SYMBOLS] 做空标的详情:
2025-10-06 12:00:16 | INFO     |    F/USDT:USDT: -0.056086
2025-10-06 12:00:16 | INFO     |    ENA/USDT:USDT: -0.063337
2025-10-06 12:00:16 | INFO     | [SELECTION] 选择交易标的:
2025-10-06 12:00:16 | INFO     |    做多: ['ALPINE/USDT:USDT', 'SKYAI/USDT:USDT']
2025-10-06 12:00:16 | INFO     |    做空: ['F/USDT:USDT', 'ENA/USDT:USDT']
2025-10-06 12:00:16 | INFO     | [DINGDING] 通知已发送: 交易标的选择完成:
做多 (2个):
  ALPINE/USDT:USDT: 0.088282
  SKYAI/USDT:USDT: 0.062138
做空 (2个):
  F/USDT:USDT: -0.056086
  ENA/USDT:USDT: -0.063337

因子统计:
  总计: 506 个标的
  范围: -0.063337 ~ 0.088282
2025-10-06 12:00:16 | INFO     | [STEP 5] 获取当前合约保证金...
2025-10-06 12:00:16 | INFO     | [BALANCE] 当前保证金余额: 772.28 USDT
2025-10-06 12:00:17 | INFO     | [DINGDING] 通知已发送: 📊 账户余额报告
⏰ 时间: 2025-10-06 12:00:16
💰 USDT余额: 772.28
🔧 环境: 实盘
2025-10-06 12:00:17 | INFO     | [BALANCE] 余额通知已发送: 772.28 USDT
2025-10-06 12:00:17 | INFO     | [STEP 6] 执行开仓交易...
2025-10-06 12:00:17 | INFO     | [BALANCE] 总余额: 772.28 USDT
2025-10-06 12:00:17 | INFO     | [INFO] 总仓位数: 4
2025-10-06 12:00:17 | INFO     | [VALUE] 单仓价值: 183.42 USDT
2025-10-06 12:00:17 | INFO     | [LEVERAGE] 设置杠杆为 1x...
2025-10-06 12:00:17 | INFO     | [LIVE LONG] 开多头仓位: 2 个
2025-10-06 12:00:17 | INFO     | [LIVE BUY] 做多 ALPINE/USDT:USDT: 116.8 @ 1.5709
2025-10-06 12:00:17 | INFO     | [LIVE MARKET] 创建市价单 ALPINE/USDT:USDT: buy 116.8
2025-10-06 12:00:17 | INFO     | [LIVE SUCCESS] ALPINE/USDT:USDT 市价单创建成功 ID:910280165 成交:116.8
2025-10-06 12:00:17 | INFO     | [LIVE BUY] 做多 SKYAI/USDT:USDT: 5378.8 @ 0.0341
2025-10-06 12:00:17 | INFO     | [LIVE MARKET] 创建市价单 SKYAI/USDT:USDT: buy 5378.8
2025-10-06 12:00:17 | INFO     | [LIVE SUCCESS] SKYAI/USDT:USDT 市价单创建成功 ID:231848148 成交:5378.0
2025-10-06 12:00:17 | INFO     | [LIVE OK] 多头开仓: 2/2 成功
2025-10-06 12:00:17 | INFO     | [LIVE SHORT] 开空头仓位: 2 个
2025-10-06 12:00:17 | INFO     | [LIVE SELL] 做空 F/USDT:USDT: 15357.7 @ 0.011943
2025-10-06 12:00:17 | INFO     | [LIVE MARKET] 创建市价单 F/USDT:USDT: sell 15357.7
2025-10-06 12:00:17 | INFO     | [LIVE SUCCESS] F/USDT:USDT 市价单创建成功 ID:354072110 成交:15357.0
2025-10-06 12:00:17 | INFO     | [LIVE SELL] 做空 ENA/USDT:USDT: 314.7 @ 0.5828
2025-10-06 12:00:17 | INFO     | [LIVE MARKET] 创建市价单 ENA/USDT:USDT: sell 314.7
2025-10-06 12:00:17 | INFO     | [LIVE SUCCESS] ENA/USDT:USDT 市价单创建成功 ID:11622577134 成交:314.0
2025-10-06 12:00:18 | INFO     | [LIVE OK] 空头开仓: 2/2 成功
2025-10-06 12:00:18 | INFO     | [POSITIONS] 新仓位已添加到字典: {'ALPINE/USDT:USDT': {'side': 'long', 'quantity': 116.8, 'open_price': 1.5709}, 'SKYAI/USDT:USDT': {'side': 'long', 'quantity': 5378.8, 'open_price': 0.0341}, 'F/USDT:USDT': {'side': 'short', 'quantity': 15357.7, 'open_price': 0.011943}, 'ENA/USDT:USDT': {'side': 'short', 'quantity': 314.7, 'open_price': 0.5828}}
2025-10-06 12:00:18 | INFO     | [POSITIONS] 当前仓位字典: {'ALPINE/USDT:USDT': {'side': 'long', 'quantity': 116.8, 'open_price': 1.5709}, 'SKYAI/USDT:USDT': {'side': 'long', 'quantity': 5378.8, 'open_price': 0.0341}, 'F/USDT:USDT': {'side': 'short', 'quantity': 15357.7, 'open_price': 0.011943}, 'ENA/USDT:USDT': {'side': 'short', 'quantity': 314.7, 'open_price': 0.5828}}
2025-10-06 12:00:18 | INFO     | [STEP 7] 开仓交易完成
2025-10-06 12:00:18 | INFO     | [INFO] 跳过详细仓位验证，交易周期完成
2025-10-06 12:00:18 | INFO     | [OK] 交易周期执行成功
2025-10-06 12:00:18 | INFO     | [TIME] 周期耗时: 17.9秒
2025-10-06 12:00:18 | INFO     | [16H] 16小时执行模式 - 下次执行时间: 2025-10-07 04:00:00
2025-10-06 12:00:18 | INFO     | [WAIT] 等待 57582 秒 (16.0 小时)
