2025-11-03 23:44:21 | INFO     | [LOG] 日志文件: /home/ubuntu/crypto_trading_code/binance_implement/neural_strategy/logs/shanghai.log
2025-11-03 23:44:21 | INFO     | ============================================================
2025-11-03 23:44:21 | INFO     | [SYSTEM] 启动自动化交易系统
2025-11-03 23:44:21 | INFO     | ============================================================
2025-11-03 23:44:21 | INFO     | [INIT] 初始化交易组件...
2025-11-03 23:44:22 | INFO     | [OK] API连接成功 - LIVE
2025-11-03 23:44:22 | INFO     | [BALANCE] USDT总余额: 735.50
2025-11-03 23:44:22 | INFO     | [INFO] 找到 531 个活跃USDT永续合约
2025-11-03 23:44:22 | INFO     | 示例交易对: 0G/USDT:USDT, 1000000BOB/USDT:USDT, 1000000MOG/USDT:USDT, 1000BONK/USDT:USDT, 1000CAT/USDT:USDT, 1000CHEEMS/USDT:USDT, 1000FLOKI/USDT:USDT, 1000LUNC/USDT:USDT, 1000PEPE/USDT:USDT, 1000RATS/USDT:USDT
2025-11-03 23:44:22 | INFO     | [OK] 交易执行器初始化成功
2025-11-03 23:44:23 | INFO     | [OK] API连接测试成功，耗时: 1.008秒
2025-11-03 23:44:23 | INFO     | [OK] 优化数据处理器初始化成功
2025-11-03 23:44:23 | INFO     | [OK] 优化因子计算器初始化成功
2025-11-03 23:44:23 | INFO     |    设备: cpu
2025-11-03 23:44:23 | INFO     |    时间框架: ['1h', '2h', '4h']
2025-11-03 23:44:23 | INFO     |    模型路径: /home/ubuntu/crypto_trading_code/binance_implement/neural_strategy/../../figure_model/model_saved/baseline_epoch_26_train_0.00942_val_0.01010.pt
2025-11-03 23:44:23 | INFO     | [BALANCE] 当前账户余额: 735.50 USDT
2025-11-03 23:44:24 | INFO     | [DINGDING] 通知已发送: 📊 账户余额报告
⏰ 时间: 2025-11-03 23:44:23
💰 USDT余额: 735.50
🔧 环境: 实盘
2025-11-03 23:44:24 | INFO     | [BALANCE] 余额通知已发送: 735.50 USDT
2025-11-03 23:44:24 | INFO     | [OK] 系统初始化完成，16小时周期执行 (起始 12:00)
2025-11-03 23:44:24 | INFO     | [SCHEDULE] 下次执行时间: 2025-11-04 12:00:00
2025-11-03 23:44:24 | INFO     | [LOOP] 开始主交易循环
2025-11-03 23:44:24 | INFO     | [16H] 等待首次执行时间: 2025-11-04 12:00:00
2025-11-03 23:44:24 | INFO     | [16H] 16小时执行模式 - 下次执行时间: 2025-11-04 12:00:00
2025-11-03 23:44:24 | INFO     | [WAIT] 等待 44136 秒 (12.3 小时)
