2025-10-06 06:53:09 | INFO     | [LOG] 日志文件: /home/ubuntu/crypto_trading_code/binance_implement/neural_strategy/logs/stefanie.log
2025-10-06 06:53:09 | INFO     | ============================================================
2025-10-06 06:53:09 | INFO     | [SYSTEM] 启动自动化交易系统
2025-10-06 06:53:09 | INFO     | ============================================================
2025-10-06 06:53:09 | INFO     | [INIT] 初始化交易组件...
2025-10-06 06:53:10 | INFO     | [OK] API连接成功 - LIVE
2025-10-06 06:53:10 | INFO     | [BALANCE] USDT总余额: 2221.90
2025-10-06 06:53:10 | INFO     | [INFO] 找到 507 个活跃USDT永续合约
2025-10-06 06:53:10 | INFO     | 示例交易对: 0G/USDT:USDT, 1000000BOB/USDT:USDT, 1000000MOG/USDT:USDT, 1000BONK/USDT:USDT, 1000CAT/USDT:USDT, 1000CHEEMS/USDT:USDT, 1000FLOKI/USDT:USDT, 1000LUNC/USDT:USDT, 1000PEPE/USDT:USDT, 1000RATS/USDT:USDT
2025-10-06 06:53:10 | INFO     | [OK] 交易执行器初始化成功
2025-10-06 06:53:11 | INFO     | [OK] API连接测试成功，耗时: 0.956秒
2025-10-06 06:53:11 | INFO     | [OK] 优化数据处理器初始化成功
2025-10-06 06:53:11 | INFO     | [OK] 优化因子计算器初始化成功
2025-10-06 06:53:11 | INFO     |    设备: cpu
2025-10-06 06:53:11 | INFO     |    时间框架: ['1h', '2h', '4h']
2025-10-06 06:53:11 | INFO     |    模型路径: /home/ubuntu/crypto_trading_code/binance_implement/neural_strategy/../../figure_model/model_saved/baseline_epoch_52_train_0.02124_val_0.02302.pt
2025-10-06 06:53:11 | INFO     | [BALANCE] 当前账户余额: 1459.77 USDT
2025-10-06 06:53:11 | INFO     | [DINGDING] 通知已发送: 📊 账户余额报告
⏰ 时间: 2025-10-06 06:53:11
💰 USDT余额: 1459.77
🔧 环境: 实盘
2025-10-06 06:53:11 | INFO     | [BALANCE] 余额通知已发送: 1459.77 USDT
2025-10-06 06:53:11 | INFO     | [OK] 系统初始化完成，16小时周期执行 (0点、8点、16点)
2025-10-06 06:53:11 | INFO     | [SCHEDULE] 下次执行时间: 2025-10-06 08:00:00
2025-10-06 06:53:11 | INFO     | [LOOP] 开始主交易循环
2025-10-06 06:53:11 | INFO     | [16H] 等待首次执行时间: 2025-10-06 08:00:00
2025-10-06 06:53:11 | INFO     | [16H] 16小时执行模式 - 下次执行时间: 2025-10-06 08:00:00
2025-10-06 06:53:11 | INFO     | [WAIT] 等待 4008 秒 (1.1 小时)
2025-10-06 07:53:11 | INFO     | [WAIT] 剩余等待时间: 0.1 小时
2025-10-06 07:53:11 | INFO     | [WAIT] 最后等待: 408 秒
2025-10-06 08:00:00 | INFO     | 
==================================================
2025-10-06 08:00:00 | INFO     | [CYCLE] 第 1 轮交易周期
2025-10-06 08:00:00 | INFO     | [TIME] 开始时间: 2025-10-06 08:00:00
2025-10-06 08:00:00 | INFO     | ==================================================
2025-10-06 08:00:00 | INFO     | [STEP 1] 平仓字典中存储的仓位...
2025-10-06 08:00:00 | INFO     | [INFO] 仓位字典为空，无需平仓
2025-10-06 08:00:00 | INFO     | [STEP 2] 跳过验证步骤...
2025-10-06 08:00:00 | INFO     | [STEP 3] 提取OHLC数据并计算因子...
2025-10-06 08:00:00 | INFO     | [OK] 获取活跃交易对完成，耗时: 0.001秒
2025-10-06 08:00:17 | INFO     | [FACTORS] 计算得到 506 个有效因子
2025-10-06 08:00:17 | INFO     | [STEP 4] 根据因子值选择交易标的...
2025-10-06 08:00:17 | INFO     | [STATS] 因子统计:
2025-10-06 08:00:17 | INFO     |    总计: 506 个标的
2025-10-06 08:00:17 | INFO     |    因子值范围: -0.042816 ~ 0.063798
2025-10-06 08:00:17 | INFO     |    选择做多: 2 个
2025-10-06 08:00:17 | INFO     |    选择做空: 2 个
2025-10-06 08:00:17 | INFO     | [LONG SYMBOLS] 做多标的详情:
2025-10-06 08:00:17 | INFO     |    COAI/USDT:USDT: 0.063798
2025-10-06 08:00:17 | INFO     |    CELO/USDT:USDT: 0.054586
2025-10-06 08:00:17 | INFO     | [SHORT SYMBOLS] 做空标的详情:
2025-10-06 08:00:17 | INFO     |    PROMPT/USDT:USDT: -0.040332
2025-10-06 08:00:17 | INFO     |    FLM/USDT:USDT: -0.042816
2025-10-06 08:00:17 | INFO     | [SELECTION] 选择交易标的:
2025-10-06 08:00:17 | INFO     |    做多: ['COAI/USDT:USDT', 'CELO/USDT:USDT']
2025-10-06 08:00:17 | INFO     |    做空: ['PROMPT/USDT:USDT', 'FLM/USDT:USDT']
2025-10-06 08:00:18 | INFO     | [DINGDING] 通知已发送: 交易标的选择完成:
做多 (2个):
  COAI/USDT:USDT: 0.063798
  CELO/USDT:USDT: 0.054586
做空 (2个):
  PROMPT/USDT:USDT: -0.040332
  FLM/USDT:USDT: -0.042816

因子统计:
  总计: 506 个标的
  范围: -0.042816 ~ 0.063798
2025-10-06 08:00:18 | INFO     | [STEP 5] 获取当前合约保证金...
2025-10-06 08:00:18 | INFO     | [BALANCE] 当前保证金余额: 728.50 USDT
2025-10-06 08:00:18 | INFO     | [DINGDING] 通知已发送: 📊 账户余额报告
⏰ 时间: 2025-10-06 08:00:18
💰 USDT余额: 728.50
🔧 环境: 实盘
2025-10-06 08:00:18 | INFO     | [BALANCE] 余额通知已发送: 728.50 USDT
2025-10-06 08:00:18 | INFO     | [STEP 6] 执行开仓交易...
2025-10-06 08:00:18 | INFO     | [BALANCE] 总余额: 728.50 USDT
2025-10-06 08:00:18 | INFO     | [INFO] 总仓位数: 4
2025-10-06 08:00:18 | INFO     | [VALUE] 单仓价值: 173.02 USDT
2025-10-06 08:00:18 | INFO     | [LEVERAGE] 设置杠杆为 1x...
2025-10-06 08:00:18 | INFO     | [LIVE LONG] 开多头仓位: 2 个
2025-10-06 08:00:18 | INFO     | [LIVE BUY] 做多 COAI/USDT:USDT: 182.7 @ 0.94725
2025-10-06 08:00:18 | INFO     | [LIVE MARKET] 创建市价单 COAI/USDT:USDT: buy 182.7
2025-10-06 08:00:18 | INFO     | [LIVE SUCCESS] COAI/USDT:USDT 市价单创建成功 ID:246968852 成交:182.0
2025-10-06 08:00:18 | INFO     | [LIVE BUY] 做多 CELO/USDT:USDT: 382.8 @ 0.452
2025-10-06 08:00:18 | INFO     | [LIVE MARKET] 创建市价单 CELO/USDT:USDT: buy 382.8
2025-10-06 08:00:18 | INFO     | [LIVE SUCCESS] CELO/USDT:USDT 市价单创建成功 ID:11218490864 成交:382.8
2025-10-06 08:00:19 | INFO     | [LIVE OK] 多头开仓: 2/2 成功
2025-10-06 08:00:19 | INFO     | [LIVE SHORT] 开空头仓位: 2 个
2025-10-06 08:00:19 | INFO     | [LIVE SELL] 做空 PROMPT/USDT:USDT: 1078.7 @ 0.1604
2025-10-06 08:00:19 | INFO     | [LIVE MARKET] 创建市价单 PROMPT/USDT:USDT: sell 1078.7
2025-10-06 08:00:19 | INFO     | [LIVE SUCCESS] PROMPT/USDT:USDT 市价单创建成功 ID:563459811 成交:1078.0
2025-10-06 08:00:19 | INFO     | [LIVE SELL] 做空 FLM/USDT:USDT: 6811.8 @ 0.0254
2025-10-06 08:00:19 | INFO     | [LIVE MARKET] 创建市价单 FLM/USDT:USDT: sell 6811.8
2025-10-06 08:00:19 | INFO     | [LIVE SUCCESS] FLM/USDT:USDT 市价单创建成功 ID:8743496268 成交:6811.0
2025-10-06 08:00:19 | INFO     | [LIVE OK] 空头开仓: 2/2 成功
2025-10-06 08:00:19 | INFO     | [POSITIONS] 新仓位已添加到字典: {'COAI/USDT:USDT': {'side': 'long', 'quantity': 182.7, 'open_price': 0.94725}, 'CELO/USDT:USDT': {'side': 'long', 'quantity': 382.8, 'open_price': 0.452}, 'PROMPT/USDT:USDT': {'side': 'short', 'quantity': 1078.7, 'open_price': 0.1604}, 'FLM/USDT:USDT': {'side': 'short', 'quantity': 6811.8, 'open_price': 0.0254}}
2025-10-06 08:00:19 | INFO     | [POSITIONS] 当前仓位字典: {'COAI/USDT:USDT': {'side': 'long', 'quantity': 182.7, 'open_price': 0.94725}, 'CELO/USDT:USDT': {'side': 'long', 'quantity': 382.8, 'open_price': 0.452}, 'PROMPT/USDT:USDT': {'side': 'short', 'quantity': 1078.7, 'open_price': 0.1604}, 'FLM/USDT:USDT': {'side': 'short', 'quantity': 6811.8, 'open_price': 0.0254}}
2025-10-06 08:00:19 | INFO     | [STEP 7] 开仓交易完成
2025-10-06 08:00:19 | INFO     | [INFO] 跳过详细仓位验证，交易周期完成
2025-10-06 08:00:19 | INFO     | [OK] 交易周期执行成功
2025-10-06 08:00:19 | INFO     | [TIME] 周期耗时: 19.2秒
2025-10-06 08:00:19 | INFO     | [16H] 16小时执行模式 - 下次执行时间: 2025-10-07 00:00:00
2025-10-06 08:00:19 | INFO     | [WAIT] 等待 57581 秒 (16.0 小时)
2025-10-06 09:00:19 | INFO     | [WAIT] 剩余等待时间: 15.0 小时
2025-10-06 10:00:19 | INFO     | [WAIT] 剩余等待时间: 14.0 小时
2025-10-06 11:00:19 | INFO     | [WAIT] 剩余等待时间: 13.0 小时
2025-10-06 12:00:19 | INFO     | [WAIT] 剩余等待时间: 12.0 小时
