2025-09-27 10:46:06 | INFO     | [LOG] 日志文件: /home/ubuntu/crypto_trading_code/binance_implement/neural_strategy/logs/trading_live_20250927.log
2025-09-27 10:46:06 | INFO     | ============================================================
2025-09-27 10:46:06 | INFO     | [SYSTEM] 启动自动化交易系统
2025-09-27 10:46:06 | INFO     | ============================================================
2025-09-27 10:46:06 | INFO     | [INIT] 初始化交易组件...
2025-09-27 10:46:07 | INFO     | [OK] API连接成功 - LIVE
2025-09-27 10:46:07 | INFO     | [BALANCE] USDT总余额: 600.00
2025-09-27 10:46:07 | INFO     | [INFO] 找到 500 个活跃USDT永续合约
2025-09-27 10:46:07 | INFO     | 示例交易对: 0G/USDT:USDT, 1000000BOB/USDT:USDT, 1000000MOG/USDT:USDT, 1000BONK/USDT:USDT, 1000CAT/USDT:USDT, 1000CHEEMS/USDT:USDT, 1000FLOKI/USDT:USDT, 1000LUNC/USDT:USDT, 1000PEPE/USDT:USDT, 1000RATS/USDT:USDT
2025-09-27 10:46:07 | INFO     | [OK] 交易执行器初始化成功
2025-09-27 10:46:08 | INFO     | [OK] API连接测试成功，耗时: 0.957秒
2025-09-27 10:46:08 | INFO     | [OK] 优化数据处理器初始化成功
2025-09-27 10:46:08 | INFO     | [OK] 优化因子计算器初始化成功
2025-09-27 10:46:08 | INFO     |    设备: cpu
2025-09-27 10:46:08 | INFO     |    时间框架: ['1h', '2h', '4h']
2025-09-27 10:46:08 | INFO     |    模型路径: /home/ubuntu/crypto_trading_code/binance_implement/neural_strategy/../../figure_model/model_saved/t_2025-06_2025-06_mse_256_1d.pt
2025-09-27 10:46:08 | INFO     | [BALANCE] 当前账户余额: 600.00 USDT
2025-09-27 10:46:09 | INFO     | [DINGDING] 通知已发送: 📊 账户余额报告
⏰ 时间: 2025-09-27 10:46:08
💰 USDT余额: 600.00
🔧 环境: 实盘
2025-09-27 10:46:09 | INFO     | [BALANCE] 余额通知已发送: 600.00 USDT
2025-09-27 10:46:09 | INFO     | [OK] 系统初始化完成，每日 12:00 执行交易
2025-09-27 10:46:09 | INFO     | [SCHEDULE] 下次执行时间: 2025-09-27 12:00:00
2025-09-27 10:46:09 | INFO     | [LOOP] 开始主交易循环
2025-09-27 10:46:09 | INFO     | [DAILY] 等待首次执行时间: 2025-09-27 12:00:00
2025-09-27 10:46:09 | INFO     | [DAILY] 每日执行模式 - 下次执行时间: 2025-09-27 12:00:00
2025-09-27 10:46:09 | INFO     | [WAIT] 等待 4430 秒 (1.2 小时)
2025-09-27 11:46:09 | INFO     | [WAIT] 剩余等待时间: 0.2 小时
2025-09-27 11:46:09 | INFO     | [WAIT] 最后等待: 830 秒
2025-09-27 12:00:00 | INFO     | 
==================================================
2025-09-27 12:00:00 | INFO     | [CYCLE] 第 1 轮交易周期
2025-09-27 12:00:00 | INFO     | [TIME] 开始时间: 2025-09-27 12:00:00
2025-09-27 12:00:00 | INFO     | ==================================================
2025-09-27 12:00:00 | INFO     | [STEP 1] 平仓所有现有仓位...
2025-09-27 12:00:00 | INFO     | [CLOSE] 开始平仓所有仓位...
2025-09-27 12:00:00 | INFO     | [OK] 当前无持仓，无需平仓
2025-09-27 12:00:00 | INFO     | [STEP 2] 验证平仓完成...
2025-09-27 12:00:00 | INFO     | [INFO] 跳过详细平仓验证，继续执行
2025-09-27 12:00:00 | INFO     | [STEP 3] 获取当前合约保证金...
2025-09-27 12:00:00 | INFO     | [BALANCE] 当前保证金余额: 600.00 USDT
2025-09-27 12:00:00 | INFO     | [DINGDING] 通知已发送: 📊 账户余额报告
⏰ 时间: 2025-09-27 12:00:00
💰 USDT余额: 600.00
🔧 环境: 实盘
2025-09-27 12:00:00 | INFO     | [BALANCE] 余额通知已发送: 600.00 USDT
2025-09-27 12:00:00 | INFO     | [STEP 4] 提取OHLC数据并计算因子...
2025-09-27 12:00:00 | INFO     | [OK] 获取活跃交易对完成，耗时: 0.001秒
2025-09-27 12:00:18 | INFO     | [FACTORS] 计算得到 495 个有效因子
2025-09-27 12:00:18 | INFO     | [STEP 5] 根据因子值选择交易标的...
2025-09-27 12:00:18 | INFO     | [STATS] 因子统计:
2025-09-27 12:00:18 | INFO     |    总计: 495 个标的
2025-09-27 12:00:18 | INFO     |    因子值范围: -0.067896 ~ 0.085689
2025-09-27 12:00:18 | INFO     |    选择做多: 2 个
2025-09-27 12:00:18 | INFO     |    选择做空: 2 个
2025-09-27 12:00:18 | INFO     | [LONG SYMBOLS] 做多标的详情:
2025-09-27 12:00:18 | INFO     |    ALPINE/USDT:USDT: 0.085689
2025-09-27 12:00:18 | INFO     |    SFP/USDT:USDT: 0.079715
2025-09-27 12:00:18 | INFO     | [SHORT SYMBOLS] 做空标的详情:
2025-09-27 12:00:18 | INFO     |    ZRO/USDT:USDT: -0.063944
2025-09-27 12:00:18 | INFO     |    HUMA/USDT:USDT: -0.067896
2025-09-27 12:00:18 | INFO     | [SELECTION] 选择交易标的:
2025-09-27 12:00:18 | INFO     |    做多: ['ALPINE/USDT:USDT', 'SFP/USDT:USDT']
2025-09-27 12:00:18 | INFO     |    做空: ['ZRO/USDT:USDT', 'HUMA/USDT:USDT']
2025-09-27 12:00:18 | INFO     | [STEP 6] 执行开仓交易...
2025-09-27 12:00:18 | INFO     | [BALANCE] 总余额: 600.00 USDT
2025-09-27 12:00:18 | INFO     | [INFO] 总仓位数: 4
2025-09-27 12:00:18 | INFO     | [VALUE] 单仓价值: 148.50 USDT
2025-09-27 12:00:18 | INFO     | [LEVERAGE] 设置杠杆为 1x...
2025-09-27 12:00:18 | INFO     | [LONG] 开多头仓位: 2 个
2025-09-27 12:00:18 | INFO     | [BUY] 做多 ALPINE/USDT:USDT: 30.3 @ 4.9036
2025-09-27 12:00:18 | INFO     | [MARKET] 创建市价单 ALPINE/USDT:USDT: buy 30.3
2025-09-27 12:00:18 | ERROR    | [ERROR] ALPINE/USDT:USDT 市价单创建失败: binance {"code":-4061,"msg":"Order's position side does not match user's setting."}
2025-09-27 12:00:18 | INFO     | [DINGDING] 通知已发送: 多头订单失败！ALPINE/USDT:USDT 数量: 30.3 @ 4.9036
2025-09-27 12:00:18 | INFO     | [BUY] 做多 SFP/USDT:USDT: 307.9 @ 0.4823
2025-09-27 12:00:18 | INFO     | [MARKET] 创建市价单 SFP/USDT:USDT: buy 307.9
2025-09-27 12:00:18 | ERROR    | [ERROR] SFP/USDT:USDT 市价单创建失败: binance {"code":-4061,"msg":"Order's position side does not match user's setting."}
2025-09-27 12:00:19 | INFO     | [DINGDING] 通知已发送: 多头订单失败！SFP/USDT:USDT 数量: 307.9 @ 0.4823
2025-09-27 12:00:19 | INFO     | [OK] 多头开仓: 0/2 成功
2025-09-27 12:00:19 | INFO     | [SHORT] 开空头仓位: 2 个
2025-09-27 12:00:19 | INFO     | [SELL] 做空 ZRO/USDT:USDT: 63.4 @ 2.3429
2025-09-27 12:00:19 | INFO     | [MARKET] 创建市价单 ZRO/USDT:USDT: sell 63.4
2025-09-27 12:00:19 | ERROR    | [ERROR] ZRO/USDT:USDT 市价单创建失败: binance {"code":-4061,"msg":"Order's position side does not match user's setting."}
2025-09-27 12:00:19 | INFO     | [DINGDING] 通知已发送: 空头订单失败！ZRO/USDT:USDT 数量: 63.4 @ 2.3429
2025-09-27 12:00:19 | INFO     | [SELL] 做空 HUMA/USDT:USDT: 4609.2 @ 0.032218
2025-09-27 12:00:19 | INFO     | [MARKET] 创建市价单 HUMA/USDT:USDT: sell 4609.2
2025-09-27 12:00:19 | ERROR    | [ERROR] HUMA/USDT:USDT 市价单创建失败: binance {"code":-4061,"msg":"Order's position side does not match user's setting."}
2025-09-27 12:00:20 | INFO     | [DINGDING] 通知已发送: 空头订单失败！HUMA/USDT:USDT 数量: 4609.2 @ 0.032218
2025-09-27 12:00:20 | INFO     | [OK] 空头开仓: 0/2 成功
2025-09-27 12:00:20 | ERROR    | [ERROR] 开仓失败
2025-09-27 12:00:20 | WARNING  | [WARNING] 交易周期执行失败
2025-09-27 12:00:20 | INFO     | [TIME] 周期耗时: 20.4秒
2025-09-27 12:00:20 | INFO     | [DAILY] 每日执行模式 - 下次执行时间: 2025-09-28 12:00:00
2025-09-27 12:00:20 | INFO     | [WAIT] 等待 86379 秒 (24.0 小时)
2025-09-27 12:51:06 | INFO     | [LOG] 日志文件: /home/ubuntu/crypto_trading_code/binance_implement/neural_strategy/logs/trading_live_20250927.log
2025-09-27 12:51:06 | INFO     | ============================================================
2025-09-27 12:51:06 | INFO     | [SYSTEM] 启动自动化交易系统
2025-09-27 12:51:06 | INFO     | ============================================================
2025-09-27 12:51:06 | INFO     | [INIT] 初始化交易组件...
2025-09-27 12:51:08 | INFO     | [OK] API连接成功 - LIVE
2025-09-27 12:51:08 | INFO     | [BALANCE] USDT总余额: 100.05
2025-09-27 12:51:08 | INFO     | [INFO] 找到 501 个活跃USDT永续合约
2025-09-27 12:51:08 | INFO     | 示例交易对: 0G/USDT:USDT, 1000000BOB/USDT:USDT, 1000000MOG/USDT:USDT, 1000BONK/USDT:USDT, 1000CAT/USDT:USDT, 1000CHEEMS/USDT:USDT, 1000FLOKI/USDT:USDT, 1000LUNC/USDT:USDT, 1000PEPE/USDT:USDT, 1000RATS/USDT:USDT
2025-09-27 12:51:08 | INFO     | [OK] 交易执行器初始化成功
2025-09-27 12:51:09 | INFO     | [OK] API连接测试成功，耗时: 0.982秒
2025-09-27 12:51:09 | INFO     | [OK] 优化数据处理器初始化成功
2025-09-27 12:51:09 | INFO     | [OK] 优化因子计算器初始化成功
2025-09-27 12:51:09 | INFO     |    设备: cpu
2025-09-27 12:51:09 | INFO     |    时间框架: ['1h', '2h', '4h']
2025-09-27 12:51:09 | INFO     |    模型路径: /home/ubuntu/crypto_trading_code/binance_implement/neural_strategy/../../figure_model/model_saved/t_2025-06_2025-06_mse_256_1d.pt
2025-09-27 12:51:09 | INFO     | [BALANCE] 当前账户余额: 100.05 USDT
2025-09-27 12:51:09 | INFO     | [DINGDING] 通知已发送: 📊 账户余额报告
⏰ 时间: 2025-09-27 12:51:09
💰 USDT余额: 100.05
🔧 环境: 实盘
2025-09-27 12:51:09 | INFO     | [BALANCE] 余额通知已发送: 100.05 USDT
2025-09-27 12:51:09 | INFO     | [OK] 系统初始化完成，每日 12:00 执行交易
2025-09-27 12:51:09 | INFO     | [SCHEDULE] 下次执行时间: 2025-09-28 12:00:00
2025-09-27 12:51:09 | INFO     | [LOOP] 开始主交易循环
2025-09-27 12:51:09 | INFO     | [DAILY] 等待首次执行时间: 2025-09-28 12:00:00
2025-09-27 12:51:09 | INFO     | [DAILY] 每日执行模式 - 下次执行时间: 2025-09-28 12:00:00
2025-09-27 12:51:09 | INFO     | [WAIT] 等待 83330 秒 (23.1 小时)
2025-09-27 12:51:37 | INFO     | [LOG] 日志文件: /home/ubuntu/crypto_trading_code/binance_implement/neural_strategy/logs/trading_live_20250927.log
2025-09-27 12:51:37 | INFO     | ============================================================
2025-09-27 12:51:37 | INFO     | [SYSTEM] 启动自动化交易系统
2025-09-27 12:51:37 | INFO     | ============================================================
2025-09-27 12:51:37 | INFO     | [INIT] 初始化交易组件...
2025-09-27 12:51:38 | INFO     | [OK] API连接成功 - LIVE
2025-09-27 12:51:38 | INFO     | [BALANCE] USDT总余额: 100.05
2025-09-27 12:51:38 | INFO     | [INFO] 找到 501 个活跃USDT永续合约
2025-09-27 12:51:38 | INFO     | 示例交易对: 0G/USDT:USDT, 1000000BOB/USDT:USDT, 1000000MOG/USDT:USDT, 1000BONK/USDT:USDT, 1000CAT/USDT:USDT, 1000CHEEMS/USDT:USDT, 1000FLOKI/USDT:USDT, 1000LUNC/USDT:USDT, 1000PEPE/USDT:USDT, 1000RATS/USDT:USDT
2025-09-27 12:51:38 | INFO     | [OK] 交易执行器初始化成功
2025-09-27 12:51:39 | INFO     | [OK] API连接测试成功，耗时: 0.971秒
2025-09-27 12:51:39 | INFO     | [OK] 优化数据处理器初始化成功
2025-09-27 12:51:39 | INFO     | [OK] 优化因子计算器初始化成功
2025-09-27 12:51:39 | INFO     |    设备: cpu
2025-09-27 12:51:39 | INFO     |    时间框架: ['1h', '2h', '4h']
2025-09-27 12:51:39 | INFO     |    模型路径: /home/ubuntu/crypto_trading_code/binance_implement/neural_strategy/../../figure_model/model_saved/t_2025-06_2025-06_mse_256_1d.pt
2025-09-27 12:51:39 | INFO     | [BALANCE] 当前账户余额: 100.05 USDT
2025-09-27 12:51:39 | INFO     | [DINGDING] 通知已发送: 📊 账户余额报告
⏰ 时间: 2025-09-27 12:51:39
💰 USDT余额: 100.05
🔧 环境: 实盘
2025-09-27 12:51:39 | INFO     | [BALANCE] 余额通知已发送: 100.05 USDT
2025-09-27 12:51:39 | INFO     | [OK] 系统初始化完成，每 1 分钟执行交易
2025-09-27 12:51:39 | INFO     | [LOOP] 开始主交易循环
2025-09-27 12:51:39 | INFO     | 
==================================================
2025-09-27 12:51:39 | INFO     | [CYCLE] 第 1 轮交易周期
2025-09-27 12:51:39 | INFO     | [TIME] 开始时间: 2025-09-27 12:51:39
2025-09-27 12:51:39 | INFO     | ==================================================
2025-09-27 12:51:39 | INFO     | [STEP 1] 平仓所有现有仓位...
2025-09-27 12:51:39 | INFO     | [CLOSE] 开始平仓所有仓位...
2025-09-27 12:51:39 | INFO     | [OK] 当前无持仓，无需平仓
2025-09-27 12:51:39 | INFO     | [STEP 2] 验证平仓完成...
2025-09-27 12:51:39 | INFO     | [INFO] 跳过详细平仓验证，继续执行
2025-09-27 12:51:39 | INFO     | [STEP 3] 获取当前合约保证金...
2025-09-27 12:51:39 | INFO     | [BALANCE] 当前保证金余额: 100.05 USDT
2025-09-27 12:51:40 | INFO     | [DINGDING] 通知已发送: 📊 账户余额报告
⏰ 时间: 2025-09-27 12:51:39
💰 USDT余额: 100.05
🔧 环境: 实盘
2025-09-27 12:51:40 | INFO     | [BALANCE] 余额通知已发送: 100.05 USDT
2025-09-27 12:51:40 | INFO     | [STEP 4] 提取OHLC数据并计算因子...
2025-09-27 12:51:40 | INFO     | [OK] 获取活跃交易对完成，耗时: 0.001秒
2025-09-27 12:51:55 | INFO     | [FACTORS] 计算得到 495 个有效因子
2025-09-27 12:51:55 | INFO     | [STEP 5] 根据因子值选择交易标的...
2025-09-27 12:51:55 | INFO     | [STATS] 因子统计:
2025-09-27 12:51:55 | INFO     |    总计: 495 个标的
2025-09-27 12:51:55 | INFO     |    因子值范围: -0.058338 ~ 0.056276
2025-09-27 12:51:55 | INFO     |    选择做多: 2 个
2025-09-27 12:51:55 | INFO     |    选择做空: 2 个
2025-09-27 12:51:55 | INFO     | [LONG SYMBOLS] 做多标的详情:
2025-09-27 12:51:55 | INFO     |    SFP/USDT:USDT: 0.056276
2025-09-27 12:51:55 | INFO     |    ALPINE/USDT:USDT: 0.054364
2025-09-27 12:51:55 | INFO     | [SHORT SYMBOLS] 做空标的详情:
2025-09-27 12:51:55 | INFO     |    HUMA/USDT:USDT: -0.052635
2025-09-27 12:51:55 | INFO     |    TRX/USDT:USDT: -0.058338
2025-09-27 12:51:55 | INFO     | [SELECTION] 选择交易标的:
2025-09-27 12:51:55 | INFO     |    做多: ['SFP/USDT:USDT', 'ALPINE/USDT:USDT']
2025-09-27 12:51:55 | INFO     |    做空: ['HUMA/USDT:USDT', 'TRX/USDT:USDT']
2025-09-27 12:51:55 | INFO     | [STEP 6] 执行开仓交易...
2025-09-27 12:51:55 | INFO     | [BALANCE] 总余额: 100.05 USDT
2025-09-27 12:51:55 | INFO     | [INFO] 总仓位数: 4
2025-09-27 12:51:55 | INFO     | [VALUE] 单仓价值: 24.76 USDT
2025-09-27 12:51:55 | INFO     | [LEVERAGE] 设置杠杆为 1x...
2025-09-27 12:51:56 | INFO     | [LONG] 开多头仓位: 2 个
2025-09-27 12:51:56 | INFO     | [BUY] 做多 SFP/USDT:USDT: 50.6 @ 0.4894
2025-09-27 12:51:56 | INFO     | [MARKET] 创建市价单 SFP/USDT:USDT: buy 50.6
2025-09-27 12:51:56 | INFO     | [SUCCESS] SFP/USDT:USDT 市价单创建成功 ID:4930981878 成交:50.0
2025-09-27 12:51:56 | INFO     | [BUY] 做多 ALPINE/USDT:USDT: 5.3 @ 4.6667
2025-09-27 12:51:56 | INFO     | [MARKET] 创建市价单 ALPINE/USDT:USDT: buy 5.3
2025-09-27 12:51:56 | INFO     | [SUCCESS] ALPINE/USDT:USDT 市价单创建成功 ID:598574644 成交:5.3
2025-09-27 12:51:56 | INFO     | [OK] 多头开仓: 2/2 成功
2025-09-27 12:51:56 | INFO     | [SHORT] 开空头仓位: 2 个
2025-09-27 12:51:56 | INFO     | [SELL] 做空 HUMA/USDT:USDT: 775.1 @ 0.031948
2025-09-27 12:51:56 | INFO     | [MARKET] 创建市价单 HUMA/USDT:USDT: sell 775.1
2025-09-27 12:51:56 | INFO     | [SUCCESS] HUMA/USDT:USDT 市价单创建成功 ID:1241995732 成交:775.0
2025-09-27 12:51:56 | INFO     | [SELL] 做空 TRX/USDT:USDT: 73.7 @ 0.33613
2025-09-27 12:51:56 | INFO     | [MARKET] 创建市价单 TRX/USDT:USDT: sell 73.7
2025-09-27 12:51:56 | INFO     | [SUCCESS] TRX/USDT:USDT 市价单创建成功 ID:16310908161 成交:73.0
2025-09-27 12:51:56 | INFO     | [OK] 空头开仓: 2/2 成功
2025-09-27 12:51:56 | INFO     | [STEP 7] 开仓交易完成
2025-09-27 12:51:56 | INFO     | [INFO] 跳过详细仓位验证，交易周期完成
2025-09-27 12:51:56 | INFO     | [OK] 交易周期执行成功
2025-09-27 12:51:56 | INFO     | [TIME] 周期耗时: 16.7秒
2025-09-27 12:51:56 | INFO     | [INTERVAL] 间隔执行模式 - 等待 60 秒 (1 分钟)
2025-09-27 12:53:09 | INFO     | [LOG] 日志文件: /home/ubuntu/crypto_trading_code/binance_implement/neural_strategy/logs/trading_live_20250927.log
2025-09-27 12:53:09 | INFO     | ============================================================
2025-09-27 12:53:09 | INFO     | [SYSTEM] 启动自动化交易系统
2025-09-27 12:53:09 | INFO     | ============================================================
2025-09-27 12:53:09 | INFO     | [INIT] 初始化交易组件...
2025-09-27 12:53:10 | INFO     | [OK] API连接成功 - LIVE
2025-09-27 12:53:10 | INFO     | [BALANCE] USDT总余额: 100.06
2025-09-27 12:53:10 | INFO     | [INFO] 找到 501 个活跃USDT永续合约
2025-09-27 12:53:10 | INFO     | 示例交易对: 0G/USDT:USDT, 1000000BOB/USDT:USDT, 1000000MOG/USDT:USDT, 1000BONK/USDT:USDT, 1000CAT/USDT:USDT, 1000CHEEMS/USDT:USDT, 1000FLOKI/USDT:USDT, 1000LUNC/USDT:USDT, 1000PEPE/USDT:USDT, 1000RATS/USDT:USDT
2025-09-27 12:53:10 | INFO     | [OK] 交易执行器初始化成功
2025-09-27 12:53:11 | INFO     | [OK] API连接测试成功，耗时: 0.983秒
2025-09-27 12:53:11 | INFO     | [OK] 优化数据处理器初始化成功
2025-09-27 12:53:11 | INFO     | [OK] 优化因子计算器初始化成功
2025-09-27 12:53:11 | INFO     |    设备: cpu
2025-09-27 12:53:11 | INFO     |    时间框架: ['1h', '2h', '4h']
2025-09-27 12:53:11 | INFO     |    模型路径: /home/ubuntu/crypto_trading_code/binance_implement/neural_strategy/../../figure_model/model_saved/t_2025-06_2025-06_mse_256_1d.pt
2025-09-27 12:53:11 | INFO     | [BALANCE] 当前账户余额: 100.06 USDT
2025-09-27 12:53:12 | INFO     | [DINGDING] 通知已发送: 📊 账户余额报告
⏰ 时间: 2025-09-27 12:53:11
💰 USDT余额: 100.06
🔧 环境: 实盘
2025-09-27 12:53:12 | INFO     | [BALANCE] 余额通知已发送: 100.06 USDT
2025-09-27 12:53:12 | INFO     | [OK] 系统初始化完成，每日 16:00 执行交易
2025-09-27 12:53:12 | INFO     | [SCHEDULE] 下次执行时间: 2025-09-27 16:00:00
2025-09-27 12:53:12 | INFO     | [LOOP] 开始主交易循环
2025-09-27 12:53:12 | INFO     | [DAILY] 等待首次执行时间: 2025-09-27 16:00:00
2025-09-27 12:53:12 | INFO     | [DAILY] 每日执行模式 - 下次执行时间: 2025-09-27 16:00:00
2025-09-27 12:53:12 | INFO     | [WAIT] 等待 11207 秒 (3.1 小时)
2025-09-27 12:53:56 | INFO     | [LOG] 日志文件: /home/ubuntu/crypto_trading_code/binance_implement/neural_strategy/logs/trading_live_20250927.log
2025-09-27 12:53:56 | INFO     | ============================================================
2025-09-27 12:53:56 | INFO     | [SYSTEM] 启动自动化交易系统
2025-09-27 12:53:56 | INFO     | ============================================================
2025-09-27 12:53:56 | INFO     | [INIT] 初始化交易组件...
2025-09-27 12:53:57 | INFO     | [OK] API连接成功 - LIVE
2025-09-27 12:53:57 | INFO     | [BALANCE] USDT总余额: 600.06
2025-09-27 12:53:57 | INFO     | [INFO] 找到 501 个活跃USDT永续合约
2025-09-27 12:53:57 | INFO     | 示例交易对: 0G/USDT:USDT, 1000000BOB/USDT:USDT, 1000000MOG/USDT:USDT, 1000BONK/USDT:USDT, 1000CAT/USDT:USDT, 1000CHEEMS/USDT:USDT, 1000FLOKI/USDT:USDT, 1000LUNC/USDT:USDT, 1000PEPE/USDT:USDT, 1000RATS/USDT:USDT
2025-09-27 12:53:57 | INFO     | [OK] 交易执行器初始化成功
2025-09-27 12:53:58 | INFO     | [OK] API连接测试成功，耗时: 0.967秒
2025-09-27 12:53:58 | INFO     | [OK] 优化数据处理器初始化成功
2025-09-27 12:53:58 | INFO     | [OK] 优化因子计算器初始化成功
2025-09-27 12:53:58 | INFO     |    设备: cpu
2025-09-27 12:53:58 | INFO     |    时间框架: ['1h', '2h', '4h']
2025-09-27 12:53:58 | INFO     |    模型路径: /home/ubuntu/crypto_trading_code/binance_implement/neural_strategy/../../figure_model/model_saved/t_2025-06_2025-06_mse_256_1d.pt
2025-09-27 12:53:58 | INFO     | [BALANCE] 当前账户余额: 600.06 USDT
2025-09-27 12:53:59 | INFO     | [DINGDING] 通知已发送: 📊 账户余额报告
⏰ 时间: 2025-09-27 12:53:58
💰 USDT余额: 600.06
🔧 环境: 实盘
2025-09-27 12:53:59 | INFO     | [BALANCE] 余额通知已发送: 600.06 USDT
2025-09-27 12:53:59 | INFO     | [OK] 系统初始化完成，每日 16:00 执行交易
2025-09-27 12:53:59 | INFO     | [SCHEDULE] 下次执行时间: 2025-09-27 16:00:00
2025-09-27 12:53:59 | INFO     | [LOOP] 开始主交易循环
2025-09-27 12:53:59 | INFO     | [DAILY] 等待首次执行时间: 2025-09-27 16:00:00
2025-09-27 12:53:59 | INFO     | [DAILY] 每日执行模式 - 下次执行时间: 2025-09-27 16:00:00
2025-09-27 12:53:59 | INFO     | [WAIT] 等待 11161 秒 (3.1 小时)
2025-09-27 13:53:59 | INFO     | [WAIT] 剩余等待时间: 2.1 小时
2025-09-27 16:24:13 | INFO     | [LOG] 日志文件: /home/ubuntu/crypto_trading_code/binance_implement/neural_strategy/logs/trading_live_20250927.log
2025-09-27 16:24:13 | INFO     | ============================================================
2025-09-27 16:24:13 | INFO     | [SYSTEM] 启动自动化交易系统
2025-09-27 16:24:13 | INFO     | ============================================================
2025-09-27 16:24:13 | INFO     | [INIT] 初始化交易组件...
2025-09-27 16:24:14 | INFO     | [OK] API连接成功 - LIVE
2025-09-27 16:24:14 | INFO     | [BALANCE] USDT总余额: 100.06
2025-09-27 16:24:14 | INFO     | [INFO] 找到 501 个活跃USDT永续合约
2025-09-27 16:24:14 | INFO     | 示例交易对: 0G/USDT:USDT, 1000000BOB/USDT:USDT, 1000000MOG/USDT:USDT, 1000BONK/USDT:USDT, 1000CAT/USDT:USDT, 1000CHEEMS/USDT:USDT, 1000FLOKI/USDT:USDT, 1000LUNC/USDT:USDT, 1000PEPE/USDT:USDT, 1000RATS/USDT:USDT
2025-09-27 16:24:14 | INFO     | [OK] 交易执行器初始化成功
2025-09-27 16:24:15 | INFO     | [OK] API连接测试成功，耗时: 0.953秒
2025-09-27 16:24:15 | INFO     | [OK] 优化数据处理器初始化成功
2025-09-27 16:24:15 | INFO     | [OK] 优化因子计算器初始化成功
2025-09-27 16:24:15 | INFO     |    设备: cpu
2025-09-27 16:24:15 | INFO     |    时间框架: ['1h', '2h', '4h']
2025-09-27 16:24:15 | INFO     |    模型路径: /home/ubuntu/crypto_trading_code/binance_implement/neural_strategy/../../figure_model/model_saved/t_2025-06_2025-06_mse_256_1d.pt
2025-09-27 16:24:15 | INFO     | [BALANCE] 当前账户余额: 100.06 USDT
2025-09-27 16:24:16 | INFO     | [DINGDING] 通知已发送: 📊 账户余额报告
⏰ 时间: 2025-09-27 16:24:15
💰 USDT余额: 100.06
🔧 环境: 实盘
2025-09-27 16:24:16 | INFO     | [BALANCE] 余额通知已发送: 100.06 USDT
2025-09-27 16:24:16 | INFO     | [OK] 系统初始化完成，每 1 分钟执行交易
2025-09-27 16:24:16 | INFO     | [LOOP] 开始主交易循环
2025-09-27 16:24:16 | INFO     | 
==================================================
2025-09-27 16:24:16 | INFO     | [CYCLE] 第 1 轮交易周期
2025-09-27 16:24:16 | INFO     | [TIME] 开始时间: 2025-09-27 16:24:16
2025-09-27 16:24:16 | INFO     | ==================================================
2025-09-27 16:24:16 | INFO     | [STEP 1] 平仓所有现有仓位...
2025-09-27 16:24:16 | INFO     | [LIVE CLOSE] 开始平仓所有仓位...
2025-09-27 16:24:16 | INFO     | [LIVE OK] 当前无持仓，无需平仓
2025-09-27 16:24:16 | INFO     | [STEP 2] 验证平仓完成...
2025-09-27 16:24:16 | INFO     | [INFO] 跳过详细平仓验证，继续执行
2025-09-27 16:24:16 | INFO     | [STEP 3] 获取当前合约保证金...
2025-09-27 16:24:16 | INFO     | [BALANCE] 当前保证金余额: 100.06 USDT
2025-09-27 16:24:16 | INFO     | [DINGDING] 通知已发送: 📊 账户余额报告
⏰ 时间: 2025-09-27 16:24:16
💰 USDT余额: 100.06
🔧 环境: 实盘
2025-09-27 16:24:16 | INFO     | [BALANCE] 余额通知已发送: 100.06 USDT
2025-09-27 16:24:16 | INFO     | [STEP 4] 提取OHLC数据并计算因子...
2025-09-27 16:24:16 | INFO     | [OK] 获取活跃交易对完成，耗时: 0.001秒
2025-09-27 16:24:33 | INFO     | [FACTORS] 计算得到 495 个有效因子
2025-09-27 16:24:33 | INFO     | [STEP 5] 根据因子值选择交易标的...
2025-09-27 16:24:33 | INFO     | [STATS] 因子统计:
2025-09-27 16:24:33 | INFO     |    总计: 495 个标的
2025-09-27 16:24:33 | INFO     |    因子值范围: -0.056152 ~ 0.055334
2025-09-27 16:24:33 | INFO     |    选择做多: 2 个
2025-09-27 16:24:33 | INFO     |    选择做空: 2 个
2025-09-27 16:24:33 | INFO     | [LONG SYMBOLS] 做多标的详情:
2025-09-27 16:24:33 | INFO     |    AEVO/USDT:USDT: 0.055334
2025-09-27 16:24:33 | INFO     |    MYX/USDT:USDT: 0.054570
2025-09-27 16:24:33 | INFO     | [SHORT SYMBOLS] 做空标的详情:
2025-09-27 16:24:33 | INFO     |    HIPPO/USDT:USDT: -0.050523
2025-09-27 16:24:33 | INFO     |    CELR/USDT:USDT: -0.056152
2025-09-27 16:24:33 | INFO     | [SELECTION] 选择交易标的:
2025-09-27 16:24:33 | INFO     |    做多: ['AEVO/USDT:USDT', 'MYX/USDT:USDT']
2025-09-27 16:24:33 | INFO     |    做空: ['HIPPO/USDT:USDT', 'CELR/USDT:USDT']
2025-09-27 16:24:33 | INFO     | [STEP 6] 执行开仓交易...
2025-09-27 16:24:33 | INFO     | [BALANCE] 总余额: 100.06 USDT
2025-09-27 16:24:33 | INFO     | [INFO] 总仓位数: 4
2025-09-27 16:24:33 | INFO     | [VALUE] 单仓价值: 24.77 USDT
2025-09-27 16:24:33 | INFO     | [LEVERAGE] 设置杠杆为 1x...
2025-09-27 16:24:33 | INFO     | [LIVE LONG] 开多头仓位: 2 个
2025-09-27 16:24:33 | INFO     | [LIVE BUY] 做多 AEVO/USDT:USDT: 187.8 @ 0.13187
2025-09-27 16:24:33 | INFO     | [LIVE MARKET] 创建市价单 AEVO/USDT:USDT: buy 187.8
2025-09-27 16:24:33 | INFO     | [LIVE SUCCESS] AEVO/USDT:USDT 市价单创建成功 ID:3554648751 成交:187.8
2025-09-27 16:24:33 | INFO     | [LIVE BUY] 做多 MYX/USDT:USDT: 1.7 @ 14.763
2025-09-27 16:24:33 | INFO     | [LIVE MARKET] 创建市价单 MYX/USDT:USDT: buy 1.7
2025-09-27 16:24:33 | INFO     | [LIVE SUCCESS] MYX/USDT:USDT 市价单创建成功 ID:2294601804 成交:1.0
2025-09-27 16:24:33 | INFO     | [LIVE OK] 多头开仓: 2/2 成功
2025-09-27 16:24:33 | INFO     | [LIVE SHORT] 开空头仓位: 2 个
2025-09-27 16:24:33 | INFO     | [LIVE SELL] 做空 HIPPO/USDT:USDT: 7705.4 @ 0.003214
2025-09-27 16:24:33 | INFO     | [LIVE MARKET] 创建市价单 HIPPO/USDT:USDT: sell 7705.4
2025-09-27 16:24:33 | INFO     | [LIVE SUCCESS] HIPPO/USDT:USDT 市价单创建成功 ID:1505326794 成交:7705.0
2025-09-27 16:24:33 | INFO     | [LIVE SELL] 做空 CELR/USDT:USDT: 3434.8 @ 0.00721
2025-09-27 16:24:33 | INFO     | [LIVE MARKET] 创建市价单 CELR/USDT:USDT: sell 3434.8
2025-09-27 16:24:33 | INFO     | [LIVE SUCCESS] CELR/USDT:USDT 市价单创建成功 ID:4576511307 成交:3434.0
2025-09-27 16:24:34 | INFO     | [LIVE OK] 空头开仓: 2/2 成功
2025-09-27 16:24:34 | INFO     | [STEP 7] 开仓交易完成
2025-09-27 16:24:34 | INFO     | [INFO] 跳过详细仓位验证，交易周期完成
2025-09-27 16:24:34 | INFO     | [OK] 交易周期执行成功
2025-09-27 16:24:34 | INFO     | [TIME] 周期耗时: 18.0秒
2025-09-27 16:24:34 | INFO     | [INTERVAL] 间隔执行模式 - 等待 60 秒 (1 分钟)
2025-09-27 18:06:35 | INFO     | [LOG] 日志文件: /home/ubuntu/crypto_trading_code/binance_implement/neural_strategy/logs/trading_live_20250927.log
2025-09-27 18:06:35 | INFO     | ============================================================
2025-09-27 18:06:35 | INFO     | [SYSTEM] 启动自动化交易系统
2025-09-27 18:06:35 | INFO     | ============================================================
2025-09-27 18:06:35 | INFO     | [INIT] 初始化交易组件...
2025-09-27 18:06:36 | INFO     | [OK] API连接成功 - LIVE
2025-09-27 18:06:36 | INFO     | [BALANCE] USDT总余额: 99.98
2025-09-27 18:06:36 | INFO     | [INFO] 找到 501 个活跃USDT永续合约
2025-09-27 18:06:36 | INFO     | 示例交易对: 0G/USDT:USDT, 1000000BOB/USDT:USDT, 1000000MOG/USDT:USDT, 1000BONK/USDT:USDT, 1000CAT/USDT:USDT, 1000CHEEMS/USDT:USDT, 1000FLOKI/USDT:USDT, 1000LUNC/USDT:USDT, 1000PEPE/USDT:USDT, 1000RATS/USDT:USDT
2025-09-27 18:06:36 | INFO     | [OK] 交易执行器初始化成功
2025-09-27 18:06:37 | INFO     | [OK] API连接测试成功，耗时: 0.952秒
2025-09-27 18:06:37 | INFO     | [OK] 优化数据处理器初始化成功
2025-09-27 18:06:37 | INFO     | [OK] 优化因子计算器初始化成功
2025-09-27 18:06:37 | INFO     |    设备: cpu
2025-09-27 18:06:37 | INFO     |    时间框架: ['1h', '2h', '4h']
2025-09-27 18:06:37 | INFO     |    模型路径: /home/ubuntu/crypto_trading_code/binance_implement/neural_strategy/../../figure_model/model_saved/t_2025-06_2025-06_mse_256_1d.pt
2025-09-27 18:06:37 | INFO     | [BALANCE] 当前账户余额: 99.98 USDT
2025-09-27 18:06:37 | INFO     | [DINGDING] 通知已发送: 📊 账户余额报告
⏰ 时间: 2025-09-27 18:06:37
💰 USDT余额: 99.98
🔧 环境: 实盘
2025-09-27 18:06:37 | INFO     | [BALANCE] 余额通知已发送: 99.98 USDT
2025-09-27 18:06:37 | INFO     | [OK] 系统初始化完成，每 1 分钟执行交易
2025-09-27 18:06:37 | INFO     | [LOOP] 开始主交易循环
2025-09-27 18:06:37 | INFO     | 
==================================================
2025-09-27 18:06:37 | INFO     | [CYCLE] 第 1 轮交易周期
2025-09-27 18:06:37 | INFO     | [TIME] 开始时间: 2025-09-27 18:06:37
2025-09-27 18:06:37 | INFO     | ==================================================
2025-09-27 18:06:37 | INFO     | [STEP 1] 平仓所有现有仓位...
2025-09-27 18:06:37 | INFO     | [LIVE CLOSE] 开始平仓所有仓位...
2025-09-27 18:06:37 | INFO     | [LIVE OK] 当前无持仓，无需平仓
2025-09-27 18:06:37 | INFO     | [STEP 2] 验证平仓完成...
2025-09-27 18:06:37 | INFO     | [INFO] 跳过详细平仓验证，继续执行
2025-09-27 18:06:37 | INFO     | [STEP 3] 获取当前合约保证金...
2025-09-27 18:06:37 | INFO     | [BALANCE] 当前保证金余额: 99.98 USDT
2025-09-27 18:06:38 | INFO     | [DINGDING] 通知已发送: 📊 账户余额报告
⏰ 时间: 2025-09-27 18:06:37
💰 USDT余额: 99.98
🔧 环境: 实盘
2025-09-27 18:06:38 | INFO     | [BALANCE] 余额通知已发送: 99.98 USDT
2025-09-27 18:06:38 | INFO     | [STEP 4] 提取OHLC数据并计算因子...
2025-09-27 18:06:38 | INFO     | [OK] 获取活跃交易对完成，耗时: 0.001秒
2025-09-27 18:06:54 | INFO     | [FACTORS] 计算得到 495 个有效因子
2025-09-27 18:06:54 | INFO     | [STEP 5] 根据因子值选择交易标的...
2025-09-27 18:06:54 | INFO     | [STATS] 因子统计:
2025-09-27 18:06:54 | INFO     |    总计: 495 个标的
2025-09-27 18:06:54 | INFO     |    因子值范围: -0.062402 ~ 0.084665
2025-09-27 18:06:54 | INFO     |    选择做多: 2 个
2025-09-27 18:06:54 | INFO     |    选择做空: 2 个
2025-09-27 18:06:54 | INFO     | [LONG SYMBOLS] 做多标的详情:
2025-09-27 18:06:54 | INFO     |    B/USDT:USDT: 0.084665
2025-09-27 18:06:54 | INFO     |    AEVO/USDT:USDT: 0.071332
2025-09-27 18:06:54 | INFO     | [SHORT SYMBOLS] 做空标的详情:
2025-09-27 18:06:54 | INFO     |    TRX/USDT:USDT: -0.053520
2025-09-27 18:06:54 | INFO     |    MILK/USDT:USDT: -0.062402
2025-09-27 18:06:54 | INFO     | [SELECTION] 选择交易标的:
2025-09-27 18:06:54 | INFO     |    做多: ['B/USDT:USDT', 'AEVO/USDT:USDT']
2025-09-27 18:06:54 | INFO     |    做空: ['TRX/USDT:USDT', 'MILK/USDT:USDT']
2025-09-27 18:06:54 | INFO     | [STEP 6] 执行开仓交易...
2025-09-27 18:06:54 | INFO     | [BALANCE] 总余额: 99.98 USDT
2025-09-27 18:06:54 | INFO     | [INFO] 总仓位数: 4
2025-09-27 18:06:54 | INFO     | [VALUE] 单仓价值: 24.74 USDT
2025-09-27 18:06:54 | INFO     | [LEVERAGE] 设置杠杆为 1x...
2025-09-27 18:06:54 | INFO     | [LIVE LONG] 开多头仓位: 2 个
2025-09-27 18:06:54 | INFO     | [LIVE BUY] 做多 B/USDT:USDT: 65.9 @ 0.3755
2025-09-27 18:06:54 | INFO     | [LIVE MARKET] 创建市价单 B/USDT:USDT: buy 65.9
2025-09-27 18:06:54 | INFO     | [LIVE SUCCESS] B/USDT:USDT 市价单创建成功 ID:620201182 成交:65.0
2025-09-27 18:06:54 | INFO     | [LIVE BUY] 做多 AEVO/USDT:USDT: 181.4 @ 0.13638
2025-09-27 18:06:54 | INFO     | [LIVE MARKET] 创建市价单 AEVO/USDT:USDT: buy 181.4
2025-09-27 18:06:54 | INFO     | [LIVE SUCCESS] AEVO/USDT:USDT 市价单创建成功 ID:3560246927 成交:181.4
2025-09-27 18:06:54 | INFO     | [LIVE OK] 多头开仓: 2/2 成功
2025-09-27 18:06:54 | INFO     | [LIVE SHORT] 开空头仓位: 2 个
2025-09-27 18:06:54 | INFO     | [LIVE SELL] 做空 TRX/USDT:USDT: 73.3 @ 0.33749
2025-09-27 18:06:54 | INFO     | [LIVE MARKET] 创建市价单 TRX/USDT:USDT: sell 73.3
2025-09-27 18:06:54 | INFO     | [LIVE SUCCESS] TRX/USDT:USDT 市价单创建成功 ID:16312567821 成交:73.0
2025-09-27 18:06:54 | INFO     | [LIVE SELL] 做空 MILK/USDT:USDT: 608.1 @ 0.04069
2025-09-27 18:06:54 | INFO     | [LIVE MARKET] 创建市价单 MILK/USDT:USDT: sell 608.1
2025-09-27 18:06:54 | INFO     | [LIVE SUCCESS] MILK/USDT:USDT 市价单创建成功 ID:195977610 成交:608.0
2025-09-27 18:06:55 | INFO     | [LIVE OK] 空头开仓: 2/2 成功
2025-09-27 18:06:55 | INFO     | [STEP 7] 开仓交易完成
2025-09-27 18:06:55 | INFO     | [INFO] 跳过详细仓位验证，交易周期完成
2025-09-27 18:06:55 | INFO     | [OK] 交易周期执行成功
2025-09-27 18:06:55 | INFO     | [TIME] 周期耗时: 17.5秒
2025-09-27 18:06:55 | INFO     | [INTERVAL] 间隔执行模式 - 等待 60 秒 (1 分钟)
