2025-09-30 00:49:07 | INFO     | [LOG] 日志文件: /home/ubuntu/crypto_trading_code/binance_implement/neural_strategy/logs/trading_live_20250930.log
2025-09-30 00:49:07 | INFO     | ============================================================
2025-09-30 00:49:07 | INFO     | [SYSTEM] 启动自动化交易系统
2025-09-30 00:49:07 | INFO     | ============================================================
2025-09-30 00:49:07 | INFO     | [INIT] 初始化交易组件...
2025-09-30 00:49:08 | ERROR    | [ERROR] API连接测试失败: binance {"code":-2015,"msg":"Invalid API-key, IP, or permissions for action"}
2025-09-30 00:49:08 | ERROR    | [ERROR] 交易执行器初始化失败: binance {"code":-2015,"msg":"Invalid API-key, IP, or permissions for action"}
2025-09-30 00:49:08 | ERROR    | [ERROR] 组件初始化失败: binance {"code":-2015,"msg":"Invalid API-key, IP, or permissions for action"}
2025-09-30 00:54:39 | INFO     | [LOG] 日志文件: /home/ubuntu/crypto_trading_code/binance_implement/neural_strategy/logs/trading_live_20250930.log
2025-09-30 00:54:39 | INFO     | ============================================================
2025-09-30 00:54:39 | INFO     | [SYSTEM] 启动自动化交易系统
2025-09-30 00:54:39 | INFO     | ============================================================
2025-09-30 00:54:39 | INFO     | [INIT] 初始化交易组件...
2025-09-30 00:54:40 | ERROR    | [ERROR] API连接测试失败: binance {"code":-2015,"msg":"Invalid API-key, IP, or permissions for action"}
2025-09-30 00:54:40 | ERROR    | [ERROR] 交易执行器初始化失败: binance {"code":-2015,"msg":"Invalid API-key, IP, or permissions for action"}
2025-09-30 00:54:40 | ERROR    | [ERROR] 组件初始化失败: binance {"code":-2015,"msg":"Invalid API-key, IP, or permissions for action"}
2025-09-30 01:02:22 | INFO     | [LOG] 日志文件: /home/ubuntu/crypto_trading_code/binance_implement/neural_strategy/logs/trading_live_20250930.log
2025-09-30 01:02:22 | INFO     | ============================================================
2025-09-30 01:02:22 | INFO     | [SYSTEM] 启动自动化交易系统
2025-09-30 01:02:22 | INFO     | ============================================================
2025-09-30 01:02:22 | INFO     | [INIT] 初始化交易组件...
2025-09-30 01:02:22 | ERROR    | [ERROR] API连接测试失败: binance {"code":-2008,"msg":"Invalid Api-Key ID."}
2025-09-30 01:02:22 | ERROR    | [ERROR] 交易执行器初始化失败: binance {"code":-2008,"msg":"Invalid Api-Key ID."}
2025-09-30 01:02:22 | ERROR    | [ERROR] 组件初始化失败: binance {"code":-2008,"msg":"Invalid Api-Key ID."}
2025-09-30 01:05:00 | INFO     | [LOG] 日志文件: /home/ubuntu/crypto_trading_code/binance_implement/neural_strategy/logs/trading_live_20250930.log
2025-09-30 01:05:00 | INFO     | ============================================================
2025-09-30 01:05:00 | INFO     | [SYSTEM] 启动自动化交易系统
2025-09-30 01:05:00 | INFO     | ============================================================
2025-09-30 01:05:00 | INFO     | [INIT] 初始化交易组件...
2025-09-30 01:05:01 | INFO     | [OK] API连接成功 - LIVE
2025-09-30 01:05:01 | INFO     | [BALANCE] USDT总余额: 535.23
2025-09-30 01:05:01 | INFO     | [INFO] 找到 503 个活跃USDT永续合约
2025-09-30 01:05:01 | INFO     | 示例交易对: 0G/USDT:USDT, 1000000BOB/USDT:USDT, 1000000MOG/USDT:USDT, 1000BONK/USDT:USDT, 1000CAT/USDT:USDT, 1000CHEEMS/USDT:USDT, 1000FLOKI/USDT:USDT, 1000LUNC/USDT:USDT, 1000PEPE/USDT:USDT, 1000RATS/USDT:USDT
2025-09-30 01:05:01 | INFO     | [OK] 交易执行器初始化成功
2025-09-30 01:05:02 | INFO     | [OK] API连接测试成功，耗时: 0.939秒
2025-09-30 01:05:02 | INFO     | [OK] 优化数据处理器初始化成功
2025-09-30 01:05:02 | INFO     | [OK] 优化因子计算器初始化成功
2025-09-30 01:05:02 | INFO     |    设备: cpu
2025-09-30 01:05:02 | INFO     |    时间框架: ['1h', '2h', '4h']
2025-09-30 01:05:02 | INFO     |    模型路径: /home/ubuntu/crypto_trading_code/binance_implement/neural_strategy/../../figure_model/model_saved/baseline_epoch_69_train_0.02644_val_0.02999.pt
2025-09-30 01:05:02 | INFO     | [BALANCE] 当前账户余额: 535.23 USDT
2025-09-30 01:05:02 | INFO     | [DINGDING] 通知已发送: 📊 账户余额报告
⏰ 时间: 2025-09-30 01:05:02
💰 USDT余额: 535.23
🔧 环境: 实盘
2025-09-30 01:05:02 | INFO     | [BALANCE] 余额通知已发送: 535.23 USDT
2025-09-30 01:05:02 | INFO     | [OK] 系统初始化完成，每日 04:00 执行交易
2025-09-30 01:05:02 | INFO     | [SCHEDULE] 下次执行时间: 2025-09-30 04:00:00
2025-09-30 01:05:02 | INFO     | [LOOP] 开始主交易循环
2025-09-30 01:05:02 | INFO     | [DAILY] 等待首次执行时间: 2025-09-30 04:00:00
2025-09-30 01:05:02 | INFO     | [DAILY] 每日执行模式 - 下次执行时间: 2025-09-30 04:00:00
2025-09-30 01:05:02 | INFO     | [WAIT] 等待 10497 秒 (2.9 小时)
2025-09-30 02:05:02 | INFO     | [WAIT] 剩余等待时间: 1.9 小时
2025-09-30 03:05:02 | INFO     | [WAIT] 剩余等待时间: 0.9 小时
2025-09-30 03:05:02 | INFO     | [WAIT] 最后等待: 3297 秒
2025-09-30 04:00:00 | INFO     | 
==================================================
2025-09-30 04:00:00 | INFO     | [CYCLE] 第 1 轮交易周期
2025-09-30 04:00:00 | INFO     | [TIME] 开始时间: 2025-09-30 04:00:00
2025-09-30 04:00:00 | INFO     | ==================================================
2025-09-30 04:00:00 | INFO     | [STEP 1] 平仓所有现有仓位...
2025-09-30 04:00:00 | INFO     | [LIVE CLOSE] 开始平仓所有仓位...
2025-09-30 04:00:00 | INFO     | [LIVE OK] 当前无持仓，无需平仓
2025-09-30 04:00:00 | INFO     | [STEP 2] 验证平仓完成...
2025-09-30 04:00:00 | INFO     | [INFO] 跳过详细平仓验证，继续执行
2025-09-30 04:00:00 | INFO     | [STEP 3] 获取当前合约保证金...
2025-09-30 04:00:00 | INFO     | [BALANCE] 当前保证金余额: 1735.23 USDT
2025-09-30 04:00:01 | INFO     | [DINGDING] 通知已发送: 📊 账户余额报告
⏰ 时间: 2025-09-30 04:00:00
💰 USDT余额: 1735.23
🔧 环境: 实盘
2025-09-30 04:00:01 | INFO     | [BALANCE] 余额通知已发送: 1735.23 USDT
2025-09-30 04:00:01 | INFO     | [STEP 4] 提取OHLC数据并计算因子...
2025-09-30 04:00:01 | INFO     | [OK] 获取活跃交易对完成，耗时: 0.001秒
2025-09-30 04:00:17 | INFO     | [FACTORS] 计算得到 500 个有效因子
2025-09-30 04:00:17 | INFO     | [STEP 5] 根据因子值选择交易标的...
2025-09-30 04:00:17 | INFO     | [STATS] 因子统计:
2025-09-30 04:00:17 | INFO     |    总计: 500 个标的
2025-09-30 04:00:17 | INFO     |    因子值范围: -0.090798 ~ 0.048929
2025-09-30 04:00:17 | INFO     |    选择做多: 2 个
2025-09-30 04:00:17 | INFO     |    选择做空: 2 个
2025-09-30 04:00:17 | INFO     | [LONG SYMBOLS] 做多标的详情:
2025-09-30 04:00:17 | INFO     |    DOLO/USDT:USDT: 0.048929
2025-09-30 04:00:17 | INFO     |    HIFI/USDT:USDT: 0.047095
2025-09-30 04:00:17 | INFO     | [SHORT SYMBOLS] 做空标的详情:
2025-09-30 04:00:17 | INFO     |    0G/USDT:USDT: -0.079724
2025-09-30 04:00:17 | INFO     |    AUCTION/USDT:USDT: -0.090798
2025-09-30 04:00:17 | INFO     | [SELECTION] 选择交易标的:
2025-09-30 04:00:17 | INFO     |    做多: ['DOLO/USDT:USDT', 'HIFI/USDT:USDT']
2025-09-30 04:00:17 | INFO     |    做空: ['0G/USDT:USDT', 'AUCTION/USDT:USDT']
2025-09-30 04:00:17 | INFO     | [STEP 6] 执行开仓交易...
2025-09-30 04:00:17 | INFO     | [BALANCE] 总余额: 1735.23 USDT
2025-09-30 04:00:17 | INFO     | [INFO] 总仓位数: 4
2025-09-30 04:00:17 | INFO     | [VALUE] 单仓价值: 429.47 USDT
2025-09-30 04:00:17 | INFO     | [LEVERAGE] 设置杠杆为 1x...
2025-09-30 04:00:17 | INFO     | [LIVE LONG] 开多头仓位: 2 个
2025-09-30 04:00:17 | INFO     | [LIVE BUY] 做多 DOLO/USDT:USDT: 4373.0 @ 0.09821
2025-09-30 04:00:17 | INFO     | [LIVE MARKET] 创建市价单 DOLO/USDT:USDT: buy 4373.0
2025-09-30 04:00:17 | INFO     | [LIVE SUCCESS] DOLO/USDT:USDT 市价单创建成功 ID:874474911 成交:4373.0
2025-09-30 04:00:17 | INFO     | [LIVE BUY] 做多 HIFI/USDT:USDT: 4187.9 @ 0.10255
2025-09-30 04:00:17 | INFO     | [LIVE MARKET] 创建市价单 HIFI/USDT:USDT: buy 4187.9
2025-09-30 04:00:17 | INFO     | [LIVE SUCCESS] HIFI/USDT:USDT 市价单创建成功 ID:3247996702 成交:4187.0
2025-09-30 04:00:17 | INFO     | [LIVE OK] 多头开仓: 2/2 成功
2025-09-30 04:00:17 | INFO     | [LIVE SHORT] 开空头仓位: 2 个
2025-09-30 04:00:17 | INFO     | [LIVE SELL] 做空 0G/USDT:USDT: 160.8 @ 2.6714
2025-09-30 04:00:17 | INFO     | [LIVE MARKET] 创建市价单 0G/USDT:USDT: sell 160.8
2025-09-30 04:00:17 | INFO     | [LIVE SUCCESS] 0G/USDT:USDT 市价单创建成功 ID:455484157 成交:160.0
2025-09-30 04:00:17 | INFO     | [LIVE SELL] 做空 AUCTION/USDT:USDT: 51.1 @ 8.405
2025-09-30 04:00:17 | INFO     | [LIVE MARKET] 创建市价单 AUCTION/USDT:USDT: sell 51.1
2025-09-30 04:00:17 | INFO     | [LIVE SUCCESS] AUCTION/USDT:USDT 市价单创建成功 ID:4280792587 成交:51.1
2025-09-30 04:00:17 | INFO     | [LIVE OK] 空头开仓: 2/2 成功
2025-09-30 04:00:17 | INFO     | [STEP 7] 开仓交易完成
2025-09-30 04:00:17 | INFO     | [INFO] 跳过详细仓位验证，交易周期完成
2025-09-30 04:00:17 | INFO     | [OK] 交易周期执行成功
2025-09-30 04:00:17 | INFO     | [TIME] 周期耗时: 17.6秒
2025-09-30 04:00:17 | INFO     | [DAILY] 每日执行模式 - 下次执行时间: 2025-10-01 04:00:00
2025-09-30 04:00:17 | INFO     | [WAIT] 等待 86382 秒 (24.0 小时)
2025-09-30 05:00:17 | INFO     | [WAIT] 剩余等待时间: 23.0 小时
2025-09-30 06:00:17 | INFO     | [WAIT] 剩余等待时间: 22.0 小时
2025-09-30 07:00:18 | INFO     | [WAIT] 剩余等待时间: 21.0 小时
2025-09-30 08:00:18 | INFO     | [WAIT] 剩余等待时间: 20.0 小时
2025-09-30 09:00:18 | INFO     | [WAIT] 剩余等待时间: 19.0 小时
2025-09-30 10:00:18 | INFO     | [WAIT] 剩余等待时间: 18.0 小时
2025-09-30 11:00:18 | INFO     | [WAIT] 剩余等待时间: 17.0 小时
2025-09-30 12:00:18 | INFO     | [WAIT] 剩余等待时间: 16.0 小时
2025-09-30 13:00:18 | INFO     | [WAIT] 剩余等待时间: 15.0 小时
2025-09-30 14:00:18 | INFO     | [WAIT] 剩余等待时间: 14.0 小时
2025-09-30 15:00:18 | INFO     | [WAIT] 剩余等待时间: 13.0 小时
2025-09-30 16:00:18 | INFO     | [WAIT] 剩余等待时间: 12.0 小时
2025-09-30 17:00:18 | INFO     | [WAIT] 剩余等待时间: 11.0 小时
2025-09-30 18:00:18 | INFO     | [WAIT] 剩余等待时间: 10.0 小时
2025-09-30 19:00:18 | INFO     | [WAIT] 剩余等待时间: 9.0 小时
2025-09-30 20:00:18 | INFO     | [WAIT] 剩余等待时间: 8.0 小时
2025-09-30 21:00:19 | INFO     | [WAIT] 剩余等待时间: 7.0 小时
2025-09-30 22:00:19 | INFO     | [WAIT] 剩余等待时间: 6.0 小时
2025-09-30 23:00:19 | INFO     | [WAIT] 剩余等待时间: 5.0 小时
