2025-09-28 00:35:42 | INFO     | [LOG] 日志文件: /home/ubuntu/crypto_trading_code/binance_implement/neural_strategy/logs/trading_live_20250928.log
2025-09-28 00:35:42 | INFO     | ============================================================
2025-09-28 00:35:42 | INFO     | [SYSTEM] 启动自动化交易系统
2025-09-28 00:35:42 | INFO     | ============================================================
2025-09-28 00:35:42 | INFO     | [INIT] 初始化交易组件...
2025-09-28 00:35:43 | INFO     | [OK] API连接成功 - LIVE
2025-09-28 00:35:43 | INFO     | [BALANCE] USDT总余额: 600.01
2025-09-28 00:35:43 | INFO     | [INFO] 找到 501 个活跃USDT永续合约
2025-09-28 00:35:43 | INFO     | 示例交易对: 0G/USDT:USDT, 1000000BOB/USDT:USDT, 1000000MOG/USDT:USDT, 1000BONK/USDT:USDT, 1000CAT/USDT:USDT, 1000CHEEMS/USDT:USDT, 1000FLOKI/USDT:USDT, 1000LUNC/USDT:USDT, 1000PEPE/USDT:USDT, 1000RATS/USDT:USDT
2025-09-28 00:35:43 | INFO     | [OK] 交易执行器初始化成功
2025-09-28 00:35:44 | INFO     | [OK] API连接测试成功，耗时: 0.972秒
2025-09-28 00:35:44 | INFO     | [OK] 优化数据处理器初始化成功
2025-09-28 00:35:44 | INFO     | [OK] 优化因子计算器初始化成功
2025-09-28 00:35:44 | INFO     |    设备: cpu
2025-09-28 00:35:44 | INFO     |    时间框架: ['1h', '2h', '4h']
2025-09-28 00:35:44 | INFO     |    模型路径: /home/ubuntu/crypto_trading_code/binance_implement/neural_strategy/../../figure_model/model_saved/t_2025-06_2025-06_mse_256_1d.pt
2025-09-28 00:35:44 | INFO     | [BALANCE] 当前账户余额: 600.01 USDT
2025-09-28 00:35:44 | INFO     | [DINGDING] 通知已发送: 📊 账户余额报告
⏰ 时间: 2025-09-28 00:35:44
💰 USDT余额: 600.01
🔧 环境: 实盘
2025-09-28 00:35:44 | INFO     | [BALANCE] 余额通知已发送: 600.01 USDT
2025-09-28 00:35:44 | INFO     | [OK] 系统初始化完成，每日 04:00 执行交易
2025-09-28 00:35:44 | INFO     | [SCHEDULE] 下次执行时间: 2025-09-28 04:00:00
2025-09-28 00:35:44 | INFO     | [LOOP] 开始主交易循环
2025-09-28 00:35:44 | INFO     | [DAILY] 等待首次执行时间: 2025-09-28 04:00:00
2025-09-28 00:35:44 | INFO     | [DAILY] 每日执行模式 - 下次执行时间: 2025-09-28 04:00:00
2025-09-28 00:35:44 | INFO     | [WAIT] 等待 12255 秒 (3.4 小时)
2025-09-28 01:35:44 | INFO     | [WAIT] 剩余等待时间: 2.4 小时
2025-09-28 02:35:45 | INFO     | [WAIT] 剩余等待时间: 1.4 小时
2025-09-28 03:35:45 | INFO     | [WAIT] 剩余等待时间: 0.4 小时
2025-09-28 03:35:45 | INFO     | [WAIT] 最后等待: 1455 秒
2025-09-28 04:00:00 | INFO     | 
==================================================
2025-09-28 04:00:00 | INFO     | [CYCLE] 第 1 轮交易周期
2025-09-28 04:00:00 | INFO     | [TIME] 开始时间: 2025-09-28 04:00:00
2025-09-28 04:00:00 | INFO     | ==================================================
2025-09-28 04:00:00 | INFO     | [STEP 1] 平仓所有现有仓位...
2025-09-28 04:00:00 | INFO     | [LIVE CLOSE] 开始平仓所有仓位...
2025-09-28 04:00:00 | INFO     | [LIVE OK] 当前无持仓，无需平仓
2025-09-28 04:00:00 | INFO     | [STEP 2] 验证平仓完成...
2025-09-28 04:00:00 | INFO     | [INFO] 跳过详细平仓验证，继续执行
2025-09-28 04:00:00 | INFO     | [STEP 3] 获取当前合约保证金...
2025-09-28 04:00:00 | INFO     | [BALANCE] 当前保证金余额: 600.01 USDT
2025-09-28 04:00:00 | INFO     | [DINGDING] 通知已发送: 📊 账户余额报告
⏰ 时间: 2025-09-28 04:00:00
💰 USDT余额: 600.01
🔧 环境: 实盘
2025-09-28 04:00:00 | INFO     | [BALANCE] 余额通知已发送: 600.01 USDT
2025-09-28 04:00:00 | INFO     | [STEP 4] 提取OHLC数据并计算因子...
2025-09-28 04:00:00 | INFO     | [OK] 获取活跃交易对完成，耗时: 0.001秒
2025-09-28 04:00:16 | INFO     | [FACTORS] 计算得到 495 个有效因子
2025-09-28 04:00:16 | INFO     | [STEP 5] 根据因子值选择交易标的...
2025-09-28 04:00:16 | INFO     | [STATS] 因子统计:
2025-09-28 04:00:16 | INFO     |    总计: 495 个标的
2025-09-28 04:00:16 | INFO     |    因子值范围: -0.078203 ~ 0.062027
2025-09-28 04:00:16 | INFO     |    选择做多: 2 个
2025-09-28 04:00:16 | INFO     |    选择做空: 2 个
2025-09-28 04:00:16 | INFO     | [LONG SYMBOLS] 做多标的详情:
2025-09-28 04:00:16 | INFO     |    KAITO/USDT:USDT: 0.062027
2025-09-28 04:00:16 | INFO     |    IN/USDT:USDT: 0.053787
2025-09-28 04:00:16 | INFO     | [SHORT SYMBOLS] 做空标的详情:
2025-09-28 04:00:16 | INFO     |    SNX/USDT:USDT: -0.072514
2025-09-28 04:00:16 | INFO     |    ZRO/USDT:USDT: -0.078203
2025-09-28 04:00:16 | INFO     | [SELECTION] 选择交易标的:
2025-09-28 04:00:16 | INFO     |    做多: ['KAITO/USDT:USDT', 'IN/USDT:USDT']
2025-09-28 04:00:16 | INFO     |    做空: ['SNX/USDT:USDT', 'ZRO/USDT:USDT']
2025-09-28 04:00:16 | INFO     | [STEP 6] 执行开仓交易...
2025-09-28 04:00:16 | INFO     | [BALANCE] 总余额: 600.01 USDT
2025-09-28 04:00:16 | INFO     | [INFO] 总仓位数: 4
2025-09-28 04:00:16 | INFO     | [VALUE] 单仓价值: 148.50 USDT
2025-09-28 04:00:16 | INFO     | [LEVERAGE] 设置杠杆为 1x...
2025-09-28 04:00:16 | INFO     | [LIVE LONG] 开多头仓位: 2 个
2025-09-28 04:00:16 | INFO     | [LIVE BUY] 做多 KAITO/USDT:USDT: 109.9 @ 1.3516
2025-09-28 04:00:16 | INFO     | [LIVE MARKET] 创建市价单 KAITO/USDT:USDT: buy 109.9
2025-09-28 04:00:16 | INFO     | [LIVE SUCCESS] KAITO/USDT:USDT 市价单创建成功 ID:3353821970 成交:109.9
2025-09-28 04:00:16 | INFO     | [LIVE BUY] 做多 IN/USDT:USDT: 1681.4 @ 0.08832
2025-09-28 04:00:16 | INFO     | [LIVE MARKET] 创建市价单 IN/USDT:USDT: buy 1681.4
2025-09-28 04:00:16 | INFO     | [LIVE SUCCESS] IN/USDT:USDT 市价单创建成功 ID:264406717 成交:1681.0
2025-09-28 04:00:16 | INFO     | [LIVE OK] 多头开仓: 2/2 成功
2025-09-28 04:00:16 | INFO     | [LIVE SHORT] 开空头仓位: 2 个
2025-09-28 04:00:16 | INFO     | [LIVE SELL] 做空 SNX/USDT:USDT: 132.6 @ 1.12
2025-09-28 04:00:16 | INFO     | [LIVE MARKET] 创建市价单 SNX/USDT:USDT: sell 132.6
2025-09-28 04:00:16 | INFO     | [LIVE SUCCESS] SNX/USDT:USDT 市价单创建成功 ID:10218332799 成交:132.6
2025-09-28 04:00:16 | INFO     | [LIVE SELL] 做空 ZRO/USDT:USDT: 61.3 @ 2.423
2025-09-28 04:00:16 | INFO     | [LIVE MARKET] 创建市价单 ZRO/USDT:USDT: sell 61.3
2025-09-28 04:00:16 | INFO     | [LIVE SUCCESS] ZRO/USDT:USDT 市价单创建成功 ID:5097194367 成交:61.3
2025-09-28 04:00:16 | INFO     | [LIVE OK] 空头开仓: 2/2 成功
2025-09-28 04:00:16 | INFO     | [STEP 7] 开仓交易完成
2025-09-28 04:00:16 | INFO     | [INFO] 跳过详细仓位验证，交易周期完成
2025-09-28 04:00:16 | INFO     | [OK] 交易周期执行成功
2025-09-28 04:00:16 | INFO     | [TIME] 周期耗时: 16.6秒
2025-09-28 04:00:16 | INFO     | [DAILY] 每日执行模式 - 下次执行时间: 2025-09-29 04:00:00
2025-09-28 04:00:16 | INFO     | [WAIT] 等待 86383 秒 (24.0 小时)
2025-09-28 05:00:16 | INFO     | [WAIT] 剩余等待时间: 23.0 小时
2025-09-28 06:00:16 | INFO     | [WAIT] 剩余等待时间: 22.0 小时
2025-09-28 07:00:17 | INFO     | [WAIT] 剩余等待时间: 21.0 小时
2025-09-28 08:00:17 | INFO     | [WAIT] 剩余等待时间: 20.0 小时
2025-09-28 09:00:17 | INFO     | [WAIT] 剩余等待时间: 19.0 小时
2025-09-28 10:00:17 | INFO     | [WAIT] 剩余等待时间: 18.0 小时
2025-09-28 11:00:17 | INFO     | [WAIT] 剩余等待时间: 17.0 小时
2025-09-28 12:00:17 | INFO     | [WAIT] 剩余等待时间: 16.0 小时
2025-09-28 13:00:17 | INFO     | [WAIT] 剩余等待时间: 15.0 小时
2025-09-28 14:00:17 | INFO     | [WAIT] 剩余等待时间: 14.0 小时
2025-09-28 15:00:17 | INFO     | [WAIT] 剩余等待时间: 13.0 小时
2025-09-28 16:00:17 | INFO     | [WAIT] 剩余等待时间: 12.0 小时
2025-09-28 17:00:17 | INFO     | [WAIT] 剩余等待时间: 11.0 小时
2025-09-28 18:00:17 | INFO     | [WAIT] 剩余等待时间: 10.0 小时
2025-09-28 19:00:17 | INFO     | [WAIT] 剩余等待时间: 9.0 小时
2025-09-28 20:00:17 | INFO     | [WAIT] 剩余等待时间: 8.0 小时
2025-09-28 21:00:18 | INFO     | [WAIT] 剩余等待时间: 7.0 小时
2025-09-28 22:00:18 | INFO     | [WAIT] 剩余等待时间: 6.0 小时
2025-09-28 23:00:18 | INFO     | [WAIT] 剩余等待时间: 5.0 小时
2025-09-29 00:00:18 | INFO     | [WAIT] 剩余等待时间: 4.0 小时
2025-09-29 01:00:18 | INFO     | [WAIT] 剩余等待时间: 3.0 小时
2025-09-29 02:00:18 | INFO     | [WAIT] 剩余等待时间: 2.0 小时
2025-09-29 03:00:18 | INFO     | [WAIT] 剩余等待时间: 1.0 小时
2025-09-29 03:00:18 | INFO     | [WAIT] 最后等待: 3583 秒
2025-09-29 04:00:01 | INFO     | 
==================================================
2025-09-29 04:00:01 | INFO     | [CYCLE] 第 2 轮交易周期
2025-09-29 04:00:01 | INFO     | [TIME] 开始时间: 2025-09-29 04:00:01
2025-09-29 04:00:01 | INFO     | ==================================================
2025-09-29 04:00:01 | INFO     | [STEP 1] 平仓所有现有仓位...
2025-09-29 04:00:01 | INFO     | [LIVE CLOSE] 开始平仓所有仓位...
2025-09-29 04:00:01 | INFO     | [LIVE POSITIONS] 发现 4 个持仓需要平仓
2025-09-29 04:00:01 | INFO     | [LIVE CLOSE] 平仓 ZRO/USDT:USDT: buy 61.3
2025-09-29 04:00:01 | INFO     | [LIVE MARKET] 创建市价单 ZRO/USDT:USDT: buy 61.3
2025-09-29 04:00:01 | WARNING  | [LIVE WARNING] ZRO/USDT:USDT reduceOnly参数不被接受 (错误: -1106)
2025-09-29 04:00:01 | INFO     | [LIVE RETRY] ZRO/USDT:USDT 尝试不带reduceOnly参数重新创建订单
2025-09-29 04:00:01 | INFO     | [LIVE SUCCESS] ZRO/USDT:USDT 不带reduceOnly参数创建成功 ID:5104122706 成交:61.3
2025-09-29 04:00:01 | INFO     | [LIVE SUCCESS] 平仓订单创建成功 ZRO/USDT:USDT: 5104122706
2025-09-29 04:00:01 | INFO     | [LIVE CLOSE] 平仓 KAITO/USDT:USDT: sell 109.9
2025-09-29 04:00:01 | INFO     | [LIVE MARKET] 创建市价单 KAITO/USDT:USDT: sell 109.9
2025-09-29 04:00:01 | WARNING  | [LIVE WARNING] KAITO/USDT:USDT reduceOnly参数不被接受 (错误: -1106)
2025-09-29 04:00:01 | INFO     | [LIVE RETRY] KAITO/USDT:USDT 尝试不带reduceOnly参数重新创建订单
2025-09-29 04:00:01 | INFO     | [LIVE SUCCESS] KAITO/USDT:USDT 不带reduceOnly参数创建成功 ID:3405183343 成交:109.9
2025-09-29 04:00:01 | INFO     | [LIVE SUCCESS] 平仓订单创建成功 KAITO/USDT:USDT: 3405183343
2025-09-29 04:00:01 | INFO     | [LIVE CLOSE] 平仓 SNX/USDT:USDT: buy 132.6
2025-09-29 04:00:01 | INFO     | [LIVE MARKET] 创建市价单 SNX/USDT:USDT: buy 132.6
2025-09-29 04:00:01 | WARNING  | [LIVE WARNING] SNX/USDT:USDT reduceOnly参数不被接受 (错误: -1106)
2025-09-29 04:00:01 | INFO     | [LIVE RETRY] SNX/USDT:USDT 尝试不带reduceOnly参数重新创建订单
2025-09-29 04:00:01 | INFO     | [LIVE SUCCESS] SNX/USDT:USDT 不带reduceOnly参数创建成功 ID:10228967643 成交:132.6
2025-09-29 04:00:01 | INFO     | [LIVE SUCCESS] 平仓订单创建成功 SNX/USDT:USDT: 10228967643
2025-09-29 04:00:02 | INFO     | [LIVE CLOSE] 平仓 IN/USDT:USDT: sell 1681.0
2025-09-29 04:00:02 | INFO     | [LIVE MARKET] 创建市价单 IN/USDT:USDT: sell 1681.0
2025-09-29 04:00:02 | WARNING  | [LIVE WARNING] IN/USDT:USDT reduceOnly参数不被接受 (错误: -1106)
2025-09-29 04:00:02 | INFO     | [LIVE RETRY] IN/USDT:USDT 尝试不带reduceOnly参数重新创建订单
2025-09-29 04:00:02 | INFO     | [LIVE SUCCESS] IN/USDT:USDT 不带reduceOnly参数创建成功 ID:267951867 成交:1681.0
2025-09-29 04:00:02 | INFO     | [LIVE SUCCESS] 平仓订单创建成功 IN/USDT:USDT: 267951867
2025-09-29 04:00:02 | INFO     | [LIVE WAIT] 等待 4 个平仓订单执行...
2025-09-29 04:00:04 | INFO     | [LIVE OK] 平仓操作完成
2025-09-29 04:00:04 | INFO     | [STEP 2] 验证平仓完成...
2025-09-29 04:00:04 | INFO     | [INFO] 跳过详细平仓验证，继续执行
2025-09-29 04:00:04 | INFO     | [STEP 3] 获取当前合约保证金...
2025-09-29 04:00:04 | INFO     | [BALANCE] 当前保证金余额: 634.13 USDT
2025-09-29 04:00:04 | INFO     | [DINGDING] 通知已发送: 📊 账户余额报告
⏰ 时间: 2025-09-29 04:00:04
💰 USDT余额: 634.13
🔧 环境: 实盘
2025-09-29 04:00:04 | INFO     | [BALANCE] 余额通知已发送: 634.13 USDT
2025-09-29 04:00:04 | INFO     | [STEP 4] 提取OHLC数据并计算因子...
2025-09-29 04:00:04 | INFO     | [OK] 获取活跃交易对完成，耗时: 0.001秒
2025-09-29 04:00:20 | INFO     | [FACTORS] 计算得到 496 个有效因子
2025-09-29 04:00:20 | INFO     | [STEP 5] 根据因子值选择交易标的...
2025-09-29 04:00:20 | INFO     | [STATS] 因子统计:
2025-09-29 04:00:20 | INFO     |    总计: 496 个标的
2025-09-29 04:00:20 | INFO     |    因子值范围: -0.076266 ~ 0.071185
2025-09-29 04:00:20 | INFO     |    选择做多: 2 个
2025-09-29 04:00:20 | INFO     |    选择做空: 2 个
2025-09-29 04:00:20 | INFO     | [LONG SYMBOLS] 做多标的详情:
2025-09-29 04:00:20 | INFO     |    CUDIS/USDT:USDT: 0.071185
2025-09-29 04:00:20 | INFO     |    BLESS/USDT:USDT: 0.051588
2025-09-29 04:00:20 | INFO     | [SHORT SYMBOLS] 做空标的详情:
2025-09-29 04:00:20 | INFO     |    BERA/USDT:USDT: -0.062979
2025-09-29 04:00:20 | INFO     |    KAITO/USDT:USDT: -0.076266
2025-09-29 04:00:20 | INFO     | [SELECTION] 选择交易标的:
2025-09-29 04:00:20 | INFO     |    做多: ['CUDIS/USDT:USDT', 'BLESS/USDT:USDT']
2025-09-29 04:00:20 | INFO     |    做空: ['BERA/USDT:USDT', 'KAITO/USDT:USDT']
2025-09-29 04:00:20 | INFO     | [STEP 6] 执行开仓交易...
2025-09-29 04:00:20 | INFO     | [BALANCE] 总余额: 634.13 USDT
2025-09-29 04:00:20 | INFO     | [INFO] 总仓位数: 4
2025-09-29 04:00:20 | INFO     | [VALUE] 单仓价值: 156.95 USDT
2025-09-29 04:00:20 | INFO     | [LEVERAGE] 设置杠杆为 1x...
2025-09-29 04:00:20 | INFO     | [LIVE LONG] 开多头仓位: 2 个
2025-09-29 04:00:20 | INFO     | [LIVE BUY] 做多 CUDIS/USDT:USDT: 2494.0 @ 0.06293
2025-09-29 04:00:20 | INFO     | [LIVE MARKET] 创建市价单 CUDIS/USDT:USDT: buy 2494.0
2025-09-29 04:00:20 | INFO     | [LIVE SUCCESS] CUDIS/USDT:USDT 市价单创建成功 ID:176032182 成交:2494.0
2025-09-29 04:00:20 | INFO     | [LIVE BUY] 做多 BLESS/USDT:USDT: 3948.5 @ 0.039749
2025-09-29 04:00:20 | INFO     | [LIVE MARKET] 创建市价单 BLESS/USDT:USDT: buy 3948.5
2025-09-29 04:00:20 | INFO     | [LIVE SUCCESS] BLESS/USDT:USDT 市价单创建成功 ID:175724991 成交:3948.0
2025-09-29 04:00:20 | INFO     | [LIVE OK] 多头开仓: 2/2 成功
2025-09-29 04:00:20 | INFO     | [LIVE SHORT] 开空头仓位: 2 个
2025-09-29 04:00:20 | INFO     | [LIVE SELL] 做空 BERA/USDT:USDT: 54.3 @ 2.892
2025-09-29 04:00:20 | INFO     | [LIVE MARKET] 创建市价单 BERA/USDT:USDT: sell 54.3
2025-09-29 04:00:20 | INFO     | [LIVE SUCCESS] BERA/USDT:USDT 市价单创建成功 ID:2365653700 成交:54.3
2025-09-29 04:00:21 | INFO     | [LIVE SELL] 做空 KAITO/USDT:USDT: 119.7 @ 1.3114
2025-09-29 04:00:21 | INFO     | [LIVE MARKET] 创建市价单 KAITO/USDT:USDT: sell 119.7
2025-09-29 04:00:21 | INFO     | [LIVE SUCCESS] KAITO/USDT:USDT 市价单创建成功 ID:3405188170 成交:119.7
2025-09-29 04:00:21 | INFO     | [LIVE OK] 空头开仓: 2/2 成功
2025-09-29 04:00:21 | INFO     | [STEP 7] 开仓交易完成
2025-09-29 04:00:21 | INFO     | [INFO] 跳过详细仓位验证，交易周期完成
2025-09-29 04:00:21 | INFO     | [OK] 交易周期执行成功
2025-09-29 04:00:21 | INFO     | [TIME] 周期耗时: 19.5秒
2025-09-29 04:00:21 | INFO     | [DAILY] 每日执行模式 - 下次执行时间: 2025-09-30 04:00:00
2025-09-29 04:00:21 | INFO     | [WAIT] 等待 86379 秒 (24.0 小时)
2025-09-29 05:00:21 | INFO     | [WAIT] 剩余等待时间: 23.0 小时
2025-09-29 06:00:21 | INFO     | [WAIT] 剩余等待时间: 22.0 小时
2025-09-29 07:00:21 | INFO     | [WAIT] 剩余等待时间: 21.0 小时
2025-09-29 08:00:21 | INFO     | [WAIT] 剩余等待时间: 20.0 小时
2025-09-29 09:00:21 | INFO     | [WAIT] 剩余等待时间: 19.0 小时
2025-09-29 10:00:21 | INFO     | [WAIT] 剩余等待时间: 18.0 小时
2025-09-29 11:00:21 | INFO     | [WAIT] 剩余等待时间: 17.0 小时
2025-09-29 12:00:21 | INFO     | [WAIT] 剩余等待时间: 16.0 小时
2025-09-29 13:00:21 | INFO     | [WAIT] 剩余等待时间: 15.0 小时
2025-09-29 14:00:21 | INFO     | [WAIT] 剩余等待时间: 14.0 小时
2025-09-29 15:00:21 | INFO     | [WAIT] 剩余等待时间: 13.0 小时
2025-09-29 16:00:21 | INFO     | [WAIT] 剩余等待时间: 12.0 小时
2025-09-29 17:00:21 | INFO     | [WAIT] 剩余等待时间: 11.0 小时
2025-09-29 18:00:22 | INFO     | [WAIT] 剩余等待时间: 10.0 小时
2025-09-29 19:00:22 | INFO     | [WAIT] 剩余等待时间: 9.0 小时
2025-09-29 20:00:22 | INFO     | [WAIT] 剩余等待时间: 8.0 小时
2025-09-29 21:00:22 | INFO     | [WAIT] 剩余等待时间: 7.0 小时
2025-09-29 22:00:22 | INFO     | [WAIT] 剩余等待时间: 6.0 小时
2025-09-29 23:00:22 | INFO     | [WAIT] 剩余等待时间: 5.0 小时
2025-09-30 00:00:22 | INFO     | [WAIT] 剩余等待时间: 4.0 小时
