2025-11-03 23:28:41 | INFO     | [LOG] 日志文件: /home/ubuntu/crypto_trading_code/binance_implement/neural_strategy/logs/uestc.log
2025-11-03 23:28:41 | INFO     | ============================================================
2025-11-03 23:28:41 | INFO     | [SYSTEM] 启动自动化交易系统
2025-11-03 23:28:41 | INFO     | ============================================================
2025-11-03 23:28:41 | INFO     | [INIT] 初始化交易组件...
2025-11-03 23:28:42 | INFO     | [OK] API连接成功 - LIVE
2025-11-03 23:28:42 | INFO     | [BALANCE] USDT总余额: 40.00
2025-11-03 23:28:42 | INFO     | [INFO] 找到 531 个活跃USDT永续合约
2025-11-03 23:28:42 | INFO     | 示例交易对: 0G/USDT:USDT, 1000000BOB/USDT:USDT, 1000000MOG/USDT:USDT, 1000BONK/USDT:USDT, 1000CAT/USDT:USDT, 1000CHEEMS/USDT:USDT, 1000FLOKI/USDT:USDT, 1000LUNC/USDT:USDT, 1000PEPE/USDT:USDT, 1000RATS/USDT:USDT
2025-11-03 23:28:42 | INFO     | [OK] 交易执行器初始化成功
2025-11-03 23:28:43 | INFO     | [OK] API连接测试成功，耗时: 1.008秒
2025-11-03 23:28:43 | INFO     | [OK] 优化数据处理器初始化成功
2025-11-03 23:28:43 | INFO     | [OK] 优化因子计算器初始化成功
2025-11-03 23:28:43 | INFO     |    设备: cpu
2025-11-03 23:28:43 | INFO     |    时间框架: ['1h', '2h', '4h']
2025-11-03 23:28:43 | INFO     |    模型路径: /home/ubuntu/crypto_trading_code/binance_implement/neural_strategy/../../figure_model/model_saved/baseline_epoch_26_train_0.00942_val_0.01010.pt
2025-11-03 23:28:43 | INFO     | [BALANCE] 当前账户余额: 40.00 USDT
2025-11-03 23:28:44 | INFO     | [DINGDING] 通知已发送: 📊 账户余额报告
⏰ 时间: 2025-11-03 23:28:43
💰 USDT余额: 40.00
🔧 环境: 实盘
2025-11-03 23:28:44 | INFO     | [BALANCE] 余额通知已发送: 40.00 USDT
2025-11-03 23:28:44 | INFO     | [OK] 系统初始化完成，每 1 分钟执行交易
2025-11-03 23:28:44 | INFO     | [LOOP] 开始主交易循环
2025-11-03 23:28:44 | INFO     | 
==================================================
2025-11-03 23:28:44 | INFO     | [CYCLE] 第 1 轮交易周期
2025-11-03 23:28:44 | INFO     | [TIME] 开始时间: 2025-11-03 23:28:44
2025-11-03 23:28:44 | INFO     | ==================================================
2025-11-03 23:28:44 | INFO     | [STEP 1] 平仓字典中存储的仓位...
2025-11-03 23:28:44 | INFO     | [INFO] 仓位字典为空，无需平仓
2025-11-03 23:28:44 | INFO     | [STEP 2] 跳过验证步骤...
2025-11-03 23:28:44 | INFO     | [STEP 2.5] 分析上一轮因子表现 (IC/RankIC)...
2025-11-03 23:28:44 | INFO     | [FACTOR PERFORMANCE] 首次运行，无历史数据进行IC分析
2025-11-03 23:28:44 | INFO     | [STEP 3] 提取OHLC数据并计算因子...
2025-11-03 23:28:44 | INFO     | [OK] 获取活跃交易对完成，耗时: 0.002秒
2025-11-03 23:28:45 | WARNING  | [DATA] ARC/USDT:USDT 1h 数据不足: 获取到 16 条数据，需要 83 条
2025-11-03 23:28:45 | WARNING  | [SKIP] ARC/USDT:USDT 跳过: 无法获取有效的多时间框架数据
2025-11-03 23:29:09 | INFO     | [FACTORS] 计算得到 530 个有效因子
2025-11-03 23:29:09 | INFO     | [STEP 4] 根据因子值选择交易标的...
2025-11-03 23:29:09 | INFO     | [STATS] 因子统计:
2025-11-03 23:29:09 | INFO     |    总计: 530 个标的
2025-11-03 23:29:09 | INFO     |    因子值范围: -0.125206 ~ 0.097640
2025-11-03 23:29:09 | INFO     |    选择做多: 2 个
2025-11-03 23:29:09 | INFO     |    选择做空: 2 个
2025-11-03 23:29:09 | INFO     | [TOP 20] 因子值排名前20的交易对:
2025-11-03 23:29:09 | INFO     |    第1名: SCR/USDT:USDT: 0.097640
2025-11-03 23:29:09 | INFO     |    第2名: SCRT/USDT:USDT: 0.095325
2025-11-03 23:29:09 | INFO     |    第3名: REI/USDT:USDT: 0.094178
2025-11-03 23:29:09 | INFO     |    第4名: CHR/USDT:USDT: 0.090038
2025-11-03 23:29:09 | INFO     |    第5名: C/USDT:USDT: 0.087094
2025-11-03 23:29:09 | INFO     |    第6名: AR/USDT:USDT: 0.084876
2025-11-03 23:29:09 | INFO     |    第7名: NEO/USDT:USDT: 0.075897
2025-11-03 23:29:09 | INFO     |    第8名: ARPA/USDT:USDT: 0.072644
2025-11-03 23:29:09 | INFO     |    第9名: ALT/USDT:USDT: 0.072051
2025-11-03 23:29:09 | INFO     |    第10名: 4/USDT:USDT: 0.070650
2025-11-03 23:29:09 | INFO     |    第11名: 1000WHY/USDT:USDT: 0.068522
2025-11-03 23:29:09 | INFO     |    第12名: CUDIS/USDT:USDT: 0.064234
2025-11-03 23:29:09 | INFO     |    第13名: MAV/USDT:USDT: 0.062712
2025-11-03 23:29:09 | INFO     |    第14名: SKL/USDT:USDT: 0.062305
2025-11-03 23:29:09 | INFO     |    第15名: DOLO/USDT:USDT: 0.062142
2025-11-03 23:29:09 | INFO     |    第16名: BRETT/USDT:USDT: 0.061971
2025-11-03 23:29:09 | INFO     |    第17名: ENS/USDT:USDT: 0.061690
2025-11-03 23:29:09 | INFO     |    第18名: WLD/USDT:USDT: 0.061688
2025-11-03 23:29:09 | INFO     |    第19名: ALPINE/USDT:USDT: 0.061625
2025-11-03 23:29:09 | INFO     |    第20名: COAI/USDT:USDT: 0.061575
2025-11-03 23:29:09 | INFO     | [BOTTOM 20] 因子值排名后20的交易对:
2025-11-03 23:29:09 | INFO     |    第511名: M/USDT:USDT: -0.045846
2025-11-03 23:29:09 | INFO     |    第512名: ASR/USDT:USDT: -0.046297
2025-11-03 23:29:09 | INFO     |    第513名: ALCH/USDT:USDT: -0.046318
2025-11-03 23:29:09 | INFO     |    第514名: AUCTION/USDT:USDT: -0.046945
2025-11-03 23:29:09 | INFO     |    第515名: PIPPIN/USDT:USDT: -0.049024
2025-11-03 23:29:09 | INFO     |    第516名: OBOL/USDT:USDT: -0.050597
2025-11-03 23:29:09 | INFO     |    第517名: COTI/USDT:USDT: -0.050814
2025-11-03 23:29:09 | INFO     |    第518名: DMC/USDT:USDT: -0.051965
2025-11-03 23:29:09 | INFO     |    第519名: TRUMP/USDT:USDT: -0.053111
2025-11-03 23:29:09 | INFO     |    第520名: ASTER/USDT:USDT: -0.053598
2025-11-03 23:29:09 | INFO     |    第521名: JELLYJELLY/USDT:USDT: -0.055523
2025-11-03 23:29:09 | INFO     |    第522名: FF/USDT:USDT: -0.055550
2025-11-03 23:29:09 | INFO     |    第523名: YB/USDT:USDT: -0.055694
2025-11-03 23:29:09 | INFO     |    第524名: BTCDOM/USDT:USDT: -0.061641
2025-11-03 23:29:09 | INFO     |    第525名: HEI/USDT:USDT: -0.062216
2025-11-03 23:29:09 | INFO     |    第526名: TAO/USDT:USDT: -0.067859
2025-11-03 23:29:09 | INFO     |    第527名: Q/USDT:USDT: -0.069659
2025-11-03 23:29:09 | INFO     |    第528名: OL/USDT:USDT: -0.075094
2025-11-03 23:29:09 | INFO     |    第529名: CLO/USDT:USDT: -0.090123
2025-11-03 23:29:09 | INFO     |    第530名: TAKE/USDT:USDT: -0.125206
2025-11-03 23:29:09 | INFO     | [LONG SYMBOLS] 做多标的详情:
2025-11-03 23:29:09 | INFO     |    SCR/USDT:USDT: 0.097640
2025-11-03 23:29:09 | INFO     |    SCRT/USDT:USDT: 0.095325
2025-11-03 23:29:09 | INFO     | [SHORT SYMBOLS] 做空标的详情:
2025-11-03 23:29:09 | INFO     |    CLO/USDT:USDT: -0.090123
2025-11-03 23:29:09 | INFO     |    TAKE/USDT:USDT: -0.125206
2025-11-03 23:29:09 | INFO     | [SELECTION] 选择交易标的:
2025-11-03 23:29:09 | INFO     |    做多: ['SCR/USDT:USDT', 'SCRT/USDT:USDT']
2025-11-03 23:29:09 | INFO     |    做空: ['CLO/USDT:USDT', 'TAKE/USDT:USDT']
2025-11-03 23:29:10 | INFO     | [DINGDING] 通知已发送: 交易标的选择完成:
做多 (2个):
  SCR/USDT:USDT: 0.097640
  SCRT/USDT:USDT: 0.095325
做空 (2个):
  CLO/USDT:USDT: -0.090123
  TAKE/USDT:USDT: -0.125206

因子统计:
  总计: 530 个标的
  范围: -0.125206 ~ 0.097640
2025-11-03 23:29:10 | INFO     | [STEP 5] 获取当前合约保证金...
2025-11-03 23:29:10 | INFO     | [BALANCE] 当前保证金余额: 40.00 USDT
2025-11-03 23:29:10 | INFO     | [DINGDING] 通知已发送: 📊 账户余额报告
⏰ 时间: 2025-11-03 23:29:10
💰 USDT余额: 40.00
🔧 环境: 实盘
2025-11-03 23:29:10 | INFO     | [BALANCE] 余额通知已发送: 40.00 USDT
2025-11-03 23:29:10 | INFO     | [STEP 6] 执行开仓交易...
2025-11-03 23:29:10 | INFO     | [BALANCE] 总余额: 40.00 USDT
2025-11-03 23:29:10 | INFO     | [INFO] 总仓位数: 4
2025-11-03 23:29:10 | INFO     | [VALUE] 单仓价值: 9.95 USDT
2025-11-03 23:29:10 | INFO     | [MARGIN] 设置保证金模式为 ISOLATED...
2025-11-03 23:29:10 | INFO     | [MARGIN] SCR/USDT:USDT (SCRUSDT) 保证金模式设置为 ISOLATED ✓
2025-11-03 23:29:10 | INFO     | [MARGIN] SCRT/USDT:USDT (SCRTUSDT) 保证金模式设置为 ISOLATED ✓
2025-11-03 23:29:10 | INFO     | [MARGIN] CLO/USDT:USDT (CLOUSDT) 保证金模式设置为 ISOLATED ✓
2025-11-03 23:29:11 | INFO     | [MARGIN] TAKE/USDT:USDT (TAKEUSDT) 保证金模式设置为 ISOLATED ✓
2025-11-03 23:29:11 | INFO     | [MARGIN] 保证金模式设置完成: 4/4 成功
2025-11-03 23:29:11 | INFO     | [LEVERAGE] 设置杠杆为 3x...
2025-11-03 23:29:11 | INFO     | [LIVE LONG] 开多头仓位: 2 个
2025-11-03 23:29:11 | INFO     | [LIVE BUY] 做多 SCR/USDT:USDT: 60.4 @ 0.1647
2025-11-03 23:29:11 | INFO     | [LIVE MARKET] 创建市价单 SCR/USDT:USDT: buy 60.4
2025-11-03 23:29:11 | INFO     | [LIVE SUCCESS] SCR/USDT:USDT 市价单创建成功 ID:1205643383 成交:60.0
2025-11-03 23:29:11 | INFO     | [PROTECT] SCR/USDT:USDT 止盈单创建成功 ID:1205643422 触发价:0.1976
2025-11-03 23:29:11 | INFO     | [PROTECT] SCR/USDT:USDT 止损单创建成功 ID:1205643423 触发价:0.1153
2025-11-03 23:29:11 | INFO     | [LIVE BUY] 做多 SCRT/USDT:USDT: 54.5 @ 0.1825
2025-11-03 23:29:11 | INFO     | [LIVE MARKET] 创建市价单 SCRT/USDT:USDT: buy 54.5
2025-11-03 23:29:11 | INFO     | [LIVE SUCCESS] SCRT/USDT:USDT 市价单创建成功 ID:587543131 成交:54.0
2025-11-03 23:29:11 | INFO     | [PROTECT] SCRT/USDT:USDT 止盈单创建成功 ID:587543133 触发价:0.219
2025-11-03 23:29:11 | INFO     | [PROTECT] SCRT/USDT:USDT 止损单创建成功 ID:587543134 触发价:0.1278
2025-11-03 23:29:11 | INFO     | [LIVE OK] 多头开仓: 2/2 成功
2025-11-03 23:29:11 | INFO     | [LIVE SHORT] 开空头仓位: 2 个
2025-11-03 23:29:11 | INFO     | [LIVE SELL] 做空 CLO/USDT:USDT: 35.1 @ 0.2838
2025-11-03 23:29:11 | INFO     | [LIVE MARKET] 创建市价单 CLO/USDT:USDT: sell 35.1
2025-11-03 23:29:11 | INFO     | [LIVE SUCCESS] CLO/USDT:USDT 市价单创建成功 ID:206644016 成交:35.0
2025-11-03 23:29:11 | INFO     | [PROTECT] CLO/USDT:USDT 止盈单创建成功 ID:206644042 触发价:0.227
2025-11-03 23:29:11 | INFO     | [PROTECT] CLO/USDT:USDT 止损单创建成功 ID:206644043 触发价:0.3689
2025-11-03 23:29:12 | INFO     | [LIVE SELL] 做空 TAKE/USDT:USDT: 38.9 @ 0.25606
2025-11-03 23:29:12 | INFO     | [LIVE MARKET] 创建市价单 TAKE/USDT:USDT: sell 38.9
2025-11-03 23:29:12 | INFO     | [LIVE SUCCESS] TAKE/USDT:USDT 市价单创建成功 ID:274170212 成交:38.0
2025-11-03 23:29:12 | INFO     | [PROTECT] TAKE/USDT:USDT 止盈单创建成功 ID:274170215 触发价:0.20485
2025-11-03 23:29:12 | INFO     | [PROTECT] TAKE/USDT:USDT 止损单创建成功 ID:274170218 触发价:0.33288
2025-11-03 23:29:12 | INFO     | [LIVE OK] 空头开仓: 2/2 成功
2025-11-03 23:29:12 | INFO     | [POSITIONS] 新仓位已添加到字典: {'SCR/USDT:USDT': {'side': 'long', 'quantity': 60.4, 'open_price': 0.1647, 'position_side': 'LONG', 'take_profit_order_id': '1205643422', 'take_profit_price': 0.1976, 'stop_loss_order_id': '1205643423', 'stop_loss_price': 0.1153}, 'SCRT/USDT:USDT': {'side': 'long', 'quantity': 54.5, 'open_price': 0.1825, 'position_side': 'LONG', 'take_profit_order_id': '587543133', 'take_profit_price': 0.219, 'stop_loss_order_id': '587543134', 'stop_loss_price': 0.1278}, 'CLO/USDT:USDT': {'side': 'short', 'quantity': 35.1, 'open_price': 0.2838, 'position_side': 'SHORT', 'take_profit_order_id': '206644042', 'take_profit_price': 0.227, 'stop_loss_order_id': '206644043', 'stop_loss_price': 0.3689}, 'TAKE/USDT:USDT': {'side': 'short', 'quantity': 38.9, 'open_price': 0.25606, 'position_side': 'SHORT', 'take_profit_order_id': '274170215', 'take_profit_price': 0.20485, 'stop_loss_order_id': '274170218', 'stop_loss_price': 0.33288}}
2025-11-03 23:29:12 | INFO     | [POSITIONS] 当前仓位字典: {'SCR/USDT:USDT': {'side': 'long', 'quantity': 60.4, 'open_price': 0.1647, 'position_side': 'LONG', 'take_profit_order_id': '1205643422', 'take_profit_price': 0.1976, 'stop_loss_order_id': '1205643423', 'stop_loss_price': 0.1153}, 'SCRT/USDT:USDT': {'side': 'long', 'quantity': 54.5, 'open_price': 0.1825, 'position_side': 'LONG', 'take_profit_order_id': '587543133', 'take_profit_price': 0.219, 'stop_loss_order_id': '587543134', 'stop_loss_price': 0.1278}, 'CLO/USDT:USDT': {'side': 'short', 'quantity': 35.1, 'open_price': 0.2838, 'position_side': 'SHORT', 'take_profit_order_id': '206644042', 'take_profit_price': 0.227, 'stop_loss_order_id': '206644043', 'stop_loss_price': 0.3689}, 'TAKE/USDT:USDT': {'side': 'short', 'quantity': 38.9, 'open_price': 0.25606, 'position_side': 'SHORT', 'take_profit_order_id': '274170215', 'take_profit_price': 0.20485, 'stop_loss_order_id': '274170218', 'stop_loss_price': 0.33288}}
2025-11-03 23:29:12 | INFO     | [STEP 7] 开仓交易完成
2025-11-03 23:29:12 | INFO     | [INFO] 跳过详细仓位验证，交易周期完成
2025-11-03 23:29:12 | INFO     | [STEP 8] 记录当前交易对价格和因子信息...
2025-11-03 23:29:12 | INFO     | [API] 成功获取 530 个交易对价格
2025-11-03 23:29:12 | INFO     | [RECORD] 记录了 530 个交易对的价格和因子信息
2025-11-03 23:29:12 | INFO     | [OK] 交易周期执行成功
2025-11-03 23:29:12 | INFO     | [TIME] 周期耗时: 27.6秒
2025-11-03 23:29:12 | INFO     | [INTERVAL] 间隔执行模式 - 等待 60 秒 (1 分钟)
2025-11-03 23:30:14 | INFO     | 
==================================================
2025-11-03 23:30:14 | INFO     | [CYCLE] 第 2 轮交易周期
2025-11-03 23:30:14 | INFO     | [TIME] 开始时间: 2025-11-03 23:30:14
2025-11-03 23:30:14 | INFO     | ==================================================
2025-11-03 23:30:16 | INFO     | [STEP 1] 平仓字典中存储的仓位...
2025-11-03 23:30:16 | INFO     | [POSITIONS] 当前持有仓位: {'SCR/USDT:USDT': {'side': 'long', 'quantity': 60.4, 'open_price': 0.1647, 'position_side': 'LONG', 'take_profit_order_id': '1205643422', 'take_profit_price': 0.1976, 'stop_loss_order_id': '1205643423', 'stop_loss_price': 0.1153}, 'SCRT/USDT:USDT': {'side': 'long', 'quantity': 54.5, 'open_price': 0.1825, 'position_side': 'LONG', 'take_profit_order_id': '587543133', 'take_profit_price': 0.219, 'stop_loss_order_id': '587543134', 'stop_loss_price': 0.1278}, 'CLO/USDT:USDT': {'side': 'short', 'quantity': 35.1, 'open_price': 0.2838, 'position_side': 'SHORT', 'take_profit_order_id': '206644042', 'take_profit_price': 0.227, 'stop_loss_order_id': '206644043', 'stop_loss_price': 0.3689}, 'TAKE/USDT:USDT': {'side': 'short', 'quantity': 38.9, 'open_price': 0.25606, 'position_side': 'SHORT', 'take_profit_order_id': '274170215', 'take_profit_price': 0.20485, 'stop_loss_order_id': '274170218', 'stop_loss_price': 0.33288}}
2025-11-03 23:30:16 | INFO     | [LIVE CLOSE] 开始平仓指定仓位: 4 个
2025-11-03 23:30:16 | INFO     | [PROTECT] SCR/USDT:USDT 已取消止盈单 1205643422
2025-11-03 23:30:16 | INFO     | [PROTECT] SCR/USDT:USDT 已取消止损单 1205643423
2025-11-03 23:30:16 | INFO     | [LIVE CLOSE] 平仓 SCR/USDT:USDT: sell 60.4 (原long仓位)
2025-11-03 23:30:16 | INFO     | [LIVE PROFIT] SCR/USDT:USDT 开仓价格: 0.16470000, 当前价格: 0.16520000
2025-11-03 23:30:16 | INFO     | [LIVE PROFIT] SCR/USDT:USDT 预期收益: 0.30% (约 0.03020000 USDT)
2025-11-03 23:30:16 | INFO     | [LIVE MARKET] 创建市价单 SCR/USDT:USDT: sell 60.4
2025-11-03 23:30:16 | INFO     | [LIVE SUCCESS] SCR/USDT:USDT 市价单创建成功 ID:1205645150 成交:60.0
2025-11-03 23:30:16 | INFO     | [LIVE SUCCESS] 平仓订单创建成功 SCR/USDT:USDT: 1205645150
2025-11-03 23:30:16 | INFO     | [DINGDING] 通知已发送: 🔔 [实盘] 平仓通知
📊 交易对: SCR/USDT:USDT
📈 方向: 做多
🔢 数量: 60.40000000
💵 开仓价: 0.16470000
💵 平仓价: 0.16520000
💰 收益: 0.30% (0.03020000 USDT)
2025-11-03 23:30:16 | INFO     | [PROTECT] SCRT/USDT:USDT 已取消止盈单 587543133
2025-11-03 23:30:16 | INFO     | [PROTECT] SCRT/USDT:USDT 已取消止损单 587543134
2025-11-03 23:30:16 | INFO     | [LIVE CLOSE] 平仓 SCRT/USDT:USDT: sell 54.5 (原long仓位)
2025-11-03 23:30:16 | INFO     | [LIVE PROFIT] SCRT/USDT:USDT 开仓价格: 0.18250000, 当前价格: 0.18300000
2025-11-03 23:30:16 | INFO     | [LIVE PROFIT] SCRT/USDT:USDT 预期收益: 0.27% (约 0.02725000 USDT)
2025-11-03 23:30:16 | INFO     | [LIVE MARKET] 创建市价单 SCRT/USDT:USDT: sell 54.5
2025-11-03 23:30:16 | INFO     | [LIVE SUCCESS] SCRT/USDT:USDT 市价单创建成功 ID:587546534 成交:54.0
2025-11-03 23:30:16 | INFO     | [LIVE SUCCESS] 平仓订单创建成功 SCRT/USDT:USDT: 587546534
2025-11-03 23:30:17 | INFO     | [DINGDING] 通知已发送: 🔔 [实盘] 平仓通知
📊 交易对: SCRT/USDT:USDT
📈 方向: 做多
🔢 数量: 54.50000000
💵 开仓价: 0.18250000
💵 平仓价: 0.18300000
💰 收益: 0.27% (0.02725000 USDT)
2025-11-03 23:30:17 | INFO     | [PROTECT] CLO/USDT:USDT 已取消止盈单 206644042
2025-11-03 23:30:17 | INFO     | [PROTECT] CLO/USDT:USDT 已取消止损单 206644043
2025-11-03 23:30:17 | INFO     | [LIVE CLOSE] 平仓 CLO/USDT:USDT: buy 35.1 (原short仓位)
2025-11-03 23:30:17 | INFO     | [LIVE PROFIT] CLO/USDT:USDT 开仓价格: 0.28380000, 当前价格: 0.28440000
2025-11-03 23:30:17 | INFO     | [LIVE PROFIT] CLO/USDT:USDT 预期收益: -0.21% (约 -0.02106000 USDT)
2025-11-03 23:30:17 | INFO     | [LIVE MARKET] 创建市价单 CLO/USDT:USDT: buy 35.1
2025-11-03 23:30:17 | INFO     | [LIVE SUCCESS] CLO/USDT:USDT 市价单创建成功 ID:206645140 成交:35.0
2025-11-03 23:30:17 | INFO     | [LIVE SUCCESS] 平仓订单创建成功 CLO/USDT:USDT: 206645140
2025-11-03 23:30:17 | INFO     | [DINGDING] 通知已发送: 🔔 [实盘] 平仓通知
📊 交易对: CLO/USDT:USDT
📈 方向: 做空
🔢 数量: 35.10000000
💵 开仓价: 0.28380000
💵 平仓价: 0.28440000
📉 收益: -0.21% (-0.02106000 USDT)
2025-11-03 23:30:17 | INFO     | [PROTECT] TAKE/USDT:USDT 已取消止盈单 274170215
2025-11-03 23:30:17 | INFO     | [PROTECT] TAKE/USDT:USDT 已取消止损单 274170218
2025-11-03 23:30:17 | INFO     | [LIVE CLOSE] 平仓 TAKE/USDT:USDT: buy 38.9 (原short仓位)
2025-11-03 23:30:17 | INFO     | [LIVE PROFIT] TAKE/USDT:USDT 开仓价格: 0.25606000, 当前价格: 0.25616000
2025-11-03 23:30:17 | INFO     | [LIVE PROFIT] TAKE/USDT:USDT 预期收益: -0.04% (约 -0.00389000 USDT)
2025-11-03 23:30:17 | INFO     | [LIVE MARKET] 创建市价单 TAKE/USDT:USDT: buy 38.9
2025-11-03 23:30:17 | INFO     | [LIVE SUCCESS] TAKE/USDT:USDT 市价单创建成功 ID:274172438 成交:38.0
2025-11-03 23:30:17 | INFO     | [LIVE SUCCESS] 平仓订单创建成功 TAKE/USDT:USDT: 274172438
2025-11-03 23:30:18 | INFO     | [DINGDING] 通知已发送: 🔔 [实盘] 平仓通知
📊 交易对: TAKE/USDT:USDT
📈 方向: 做空
🔢 数量: 38.90000000
💵 开仓价: 0.25606000
💵 平仓价: 0.25616000
📉 收益: -0.04% (-0.00389000 USDT)
2025-11-03 23:30:18 | INFO     | [LIVE WAIT] 等待 4 个平仓订单执行...
2025-11-03 23:30:20 | INFO     | [LIVE OK] 平仓操作完成，成功: 4/4
2025-11-03 23:30:20 | INFO     | [INFO] 仓位字典已清空
2025-11-03 23:30:20 | INFO     | [STEP 2] 跳过验证步骤...
2025-11-03 23:30:20 | INFO     | [STEP 2.5] 分析上一轮因子表现 (IC/RankIC)...
2025-11-03 23:30:20 | INFO     | [API] 成功获取 530 个交易对价格
2025-11-03 23:30:20 | INFO     | ==================================================
2025-11-03 23:30:20 | INFO     | [FACTOR PERFORMANCE] IC分析结果:
2025-11-03 23:30:20 | INFO     |    参与分析的交易对数量: 530
2025-11-03 23:30:20 | INFO     |    时间跨度: 2025-11-03 23:29 -> 2025-11-03 23:30
2025-11-03 23:30:20 | INFO     |    因子IC: -0.0419 (负相关)
2025-11-03 23:30:20 | INFO     |    因子RankIC: 0.0139 (正相关)
2025-11-03 23:30:20 | INFO     |    收益率分布: 383个正收益, 83个负收益
2025-11-03 23:30:20 | INFO     |    收益率范围: -0.0069 ~ 0.0160
2025-11-03 23:30:20 | INFO     | ==================================================
2025-11-03 23:30:20 | INFO     | [DINGDING] 通知已发送: 🔍 因子表现分析:
IC: -0.0419 ❌
RankIC: 0.0139 ⚠️
分析样本: 530个交易对
收益分布: 383↗️ 83↘️
⚠️ 因子表现较差
2025-11-03 23:30:20 | INFO     | [STEP 3] 提取OHLC数据并计算因子...
2025-11-03 23:30:20 | INFO     | [OK] 获取活跃交易对完成，耗时: 0.001秒
2025-11-03 23:34:40 | INFO     | [LOG] 日志文件: /home/ubuntu/crypto_trading_code/binance_implement/neural_strategy/logs/uestc.log
2025-11-03 23:34:40 | INFO     | ============================================================
2025-11-03 23:34:40 | INFO     | [SYSTEM] 启动自动化交易系统
2025-11-03 23:34:40 | INFO     | ============================================================
2025-11-03 23:34:40 | INFO     | [INIT] 初始化交易组件...
2025-11-03 23:34:41 | INFO     | [OK] API连接成功 - LIVE
2025-11-03 23:34:41 | INFO     | [BALANCE] USDT总余额: 980.97
2025-11-03 23:34:41 | INFO     | [INFO] 找到 531 个活跃USDT永续合约
2025-11-03 23:34:41 | INFO     | 示例交易对: 0G/USDT:USDT, 1000000BOB/USDT:USDT, 1000000MOG/USDT:USDT, 1000BONK/USDT:USDT, 1000CAT/USDT:USDT, 1000CHEEMS/USDT:USDT, 1000FLOKI/USDT:USDT, 1000LUNC/USDT:USDT, 1000PEPE/USDT:USDT, 1000RATS/USDT:USDT
2025-11-03 23:34:41 | INFO     | [OK] 交易执行器初始化成功
2025-11-03 23:34:42 | INFO     | [OK] API连接测试成功，耗时: 0.962秒
2025-11-03 23:34:42 | INFO     | [OK] 优化数据处理器初始化成功
2025-11-03 23:34:42 | INFO     | [OK] 优化因子计算器初始化成功
2025-11-03 23:34:42 | INFO     |    设备: cpu
2025-11-03 23:34:42 | INFO     |    时间框架: ['1h', '2h', '4h']
2025-11-03 23:34:42 | INFO     |    模型路径: /home/ubuntu/crypto_trading_code/binance_implement/neural_strategy/../../figure_model/model_saved/baseline_epoch_26_train_0.00942_val_0.01010.pt
2025-11-03 23:34:42 | INFO     | [BALANCE] 当前账户余额: 980.97 USDT
2025-11-03 23:34:43 | INFO     | [DINGDING] 通知已发送: 📊 账户余额报告
⏰ 时间: 2025-11-03 23:34:42
💰 USDT余额: 980.97
🔧 环境: 实盘
2025-11-03 23:34:43 | INFO     | [BALANCE] 余额通知已发送: 980.97 USDT
2025-11-03 23:34:43 | INFO     | [OK] 系统初始化完成，16小时周期执行 (起始 00:00)
2025-11-03 23:34:43 | INFO     | [SCHEDULE] 下次执行时间: 2025-11-04 00:00:00
2025-11-03 23:34:43 | INFO     | [LOOP] 开始主交易循环
2025-11-03 23:34:43 | INFO     | [16H] 等待首次执行时间: 2025-11-04 00:00:00
2025-11-03 23:34:43 | INFO     | [16H] 16小时执行模式 - 下次执行时间: 2025-11-04 00:00:00
2025-11-03 23:34:43 | INFO     | [WAIT] 等待 1516 秒 (0.4 小时)
2025-11-03 23:34:43 | INFO     | [WAIT] 最后等待: 1516 秒
