2025-11-26 06:16:33 | INFO     | [LOG] 日志文件: /home/ubuntu/crypto_trading_code/binance_implement/whole_strategy/logs/craz_sh.log
2025-11-26 06:16:33 | INFO     | ============================================================
2025-11-26 06:16:33 | INFO     | [SYSTEM] 启动自动化交易系统
2025-11-26 06:16:33 | INFO     | ============================================================
2025-11-26 06:16:33 | INFO     | [INIT] 初始化交易组件...
2025-11-26 06:16:34 | INFO     | [OK] API连接成功 - LIVE
2025-11-26 06:16:34 | INFO     | [BALANCE] USDT总余额: 0.00
2025-11-26 06:16:34 | INFO     | [INFO] 找到 535 个活跃USDT永续合约
2025-11-26 06:16:34 | INFO     | [OK] 交易执行器初始化成功
2025-11-26 06:16:35 | INFO     | [OK] API连接测试成功，耗时: 0.964秒
2025-11-26 06:16:35 | INFO     | [OK] 优化数据处理器初始化成功
2025-11-26 06:16:35 | INFO     | [OK] 优化因子计算器初始化成功
2025-11-26 06:16:35 | INFO     |    设备: cpu
2025-11-26 06:16:35 | INFO     |    时间框架: ['1h', '2h', '4h']
2025-11-26 06:16:35 | INFO     |    模型路径: /home/ubuntu/crypto_trading_code/binance_implement/whole_strategy/../../figure_model/model_saved/baseline_epoch_45_train_0.00174_val_0.00444.pt
2025-11-26 06:16:35 | INFO     | [BALANCE] 当前账户余额: 0.00 USDT
2025-11-26 06:16:36 | INFO     | [DINGDING] 通知已发送:  账户余额报告
 时间: 2025-11-26 06:16:35
 USDT余额: 0.00
2025-11-26 06:16:36 | INFO     | [BALANCE] 余额通知已发送: 0.00 USDT
2025-11-26 06:16:36 | INFO     | [BALANCE] 16小时模式首次每个cycle可用资金: 0.00 USDT
2025-11-26 06:16:36 | INFO     | [OK] 系统初始化完成，16小时周期执行 (起始 07:00)
2025-11-26 06:16:36 | INFO     | [SCHEDULE] Cycle 0/4 下次执行时间: 2025-11-26 07:00:00
2025-11-26 06:16:36 | INFO     | [LOOP] 开始主交易循环
2025-11-26 06:16:36 | INFO     | [16H] Cycle 0/4 下次执行时间: 2025-11-26 07:00:00
2025-11-26 06:16:36 | INFO     | [WAIT] 等待 2604 秒 (0.7 小时)
2025-11-26 06:17:29 | INFO     | [LOG] 日志文件: /home/ubuntu/crypto_trading_code/binance_implement/whole_strategy/logs/craz_sh.log
2025-11-26 06:17:29 | INFO     | ============================================================
2025-11-26 06:17:29 | INFO     | [SYSTEM] 启动自动化交易系统
2025-11-26 06:17:29 | INFO     | ============================================================
2025-11-26 06:17:29 | INFO     | [INIT] 初始化交易组件...
2025-11-26 06:17:31 | INFO     | [OK] API连接成功 - LIVE
2025-11-26 06:17:31 | INFO     | [BALANCE] USDT总余额: 80.00
2025-11-26 06:17:31 | INFO     | [INFO] 找到 535 个活跃USDT永续合约
2025-11-26 06:17:31 | INFO     | [OK] 交易执行器初始化成功
2025-11-26 06:17:32 | INFO     | [OK] API连接测试成功，耗时: 0.941秒
2025-11-26 06:17:32 | INFO     | [OK] 优化数据处理器初始化成功
2025-11-26 06:17:32 | INFO     | [OK] 优化因子计算器初始化成功
2025-11-26 06:17:32 | INFO     |    设备: cpu
2025-11-26 06:17:32 | INFO     |    时间框架: ['1h', '2h', '4h']
2025-11-26 06:17:32 | INFO     |    模型路径: /home/ubuntu/crypto_trading_code/binance_implement/whole_strategy/../../figure_model/model_saved/baseline_epoch_45_train_0.00174_val_0.00444.pt
2025-11-26 06:17:32 | INFO     | [BALANCE] 当前账户余额: 80.00 USDT
2025-11-26 06:17:32 | INFO     | [DINGDING] 通知已发送:  账户余额报告
 时间: 2025-11-26 06:17:32
 USDT余额: 80.00
2025-11-26 06:17:32 | INFO     | [BALANCE] 余额通知已发送: 80.00 USDT
2025-11-26 06:17:32 | INFO     | [BALANCE] 16小时模式首次每个cycle可用资金: 20.00 USDT
2025-11-26 06:17:32 | INFO     | [OK] 系统初始化完成，16小时周期执行 (起始 07:00)
2025-11-26 06:17:32 | INFO     | [SCHEDULE] Cycle 0/4 下次执行时间: 2025-11-26 07:00:00
2025-11-26 06:17:32 | INFO     | [LOOP] 开始主交易循环
2025-11-26 06:17:32 | INFO     | [16H] Cycle 0/4 下次执行时间: 2025-11-26 07:00:00
2025-11-26 06:17:32 | INFO     | [WAIT] 等待 2547 秒 (0.7 小时)
2025-11-26 06:19:12 | INFO     | [WAIT] Cycle 0/4 剩余等待时间: 40.8 分钟
2025-11-26 06:20:52 | INFO     | [WAIT] Cycle 0/4 剩余等待时间: 39.1 分钟
2025-11-26 06:22:32 | INFO     | [WAIT] Cycle 0/4 剩余等待时间: 37.5 分钟
2025-11-26 06:24:12 | INFO     | [WAIT] Cycle 0/4 剩余等待时间: 35.8 分钟
2025-11-26 06:25:53 | INFO     | [WAIT] Cycle 0/4 剩余等待时间: 34.1 分钟
2025-11-26 06:27:33 | INFO     | [WAIT] Cycle 0/4 剩余等待时间: 32.4 分钟
2025-11-26 06:29:13 | INFO     | [WAIT] Cycle 0/4 剩余等待时间: 30.8 分钟
2025-11-26 06:30:53 | INFO     | [WAIT] Cycle 0/4 剩余等待时间: 29.1 分钟
2025-11-26 06:32:33 | INFO     | [WAIT] Cycle 0/4 剩余等待时间: 27.4 分钟
2025-11-26 06:34:13 | INFO     | [WAIT] Cycle 0/4 剩余等待时间: 25.8 分钟
2025-11-26 06:35:53 | INFO     | [WAIT] Cycle 0/4 剩余等待时间: 24.1 分钟
2025-11-26 06:37:33 | INFO     | [WAIT] Cycle 0/4 剩余等待时间: 22.4 分钟
2025-11-26 06:39:13 | INFO     | [WAIT] Cycle 0/4 剩余等待时间: 20.8 分钟
2025-11-26 06:40:53 | INFO     | [WAIT] Cycle 0/4 剩余等待时间: 19.1 分钟
2025-11-26 06:42:34 | INFO     | [WAIT] Cycle 0/4 剩余等待时间: 17.4 分钟
2025-11-26 06:44:14 | INFO     | [WAIT] Cycle 0/4 剩余等待时间: 15.8 分钟
2025-11-26 06:45:54 | INFO     | [WAIT] Cycle 0/4 剩余等待时间: 14.1 分钟
2025-11-26 06:47:34 | INFO     | [WAIT] Cycle 0/4 剩余等待时间: 12.4 分钟
2025-11-26 06:49:14 | INFO     | [WAIT] Cycle 0/4 剩余等待时间: 10.8 分钟
2025-11-26 06:50:54 | INFO     | [WAIT] Cycle 0/4 剩余等待时间: 9.1 分钟
2025-11-26 06:52:34 | INFO     | [WAIT] Cycle 0/4 剩余等待时间: 7.4 分钟
2025-11-26 06:54:14 | INFO     | [WAIT] Cycle 0/4 剩余等待时间: 5.8 分钟
2025-11-26 06:55:54 | INFO     | [WAIT] Cycle 0/4 剩余等待时间: 4.1 分钟
2025-11-26 06:57:04 | INFO     | [WAIT] Cycle 0/4 最后等待: 175 秒
2025-11-26 07:00:00 | INFO     | 
==================================================
2025-11-26 07:00:00 | INFO     | [CYCLE] 第 1 轮交易周期 (Cycle 0/4)
2025-11-26 07:00:00 | INFO     | [TIME] 开始时间: 2025-11-26 07:00:00
2025-11-26 07:00:00 | INFO     | ==================================================
2025-11-26 07:00:00 | INFO     | [STEP 1] Cycle 0/4 平仓字典中存储的仓位...
2025-11-26 07:00:00 | INFO     | [INFO] 仓位字典为空，无需平仓
2025-11-26 07:00:00 | INFO     | [STEP 2] 跳过验证步骤...
2025-11-26 07:00:00 | INFO     | [STEP 3] 提取OHLC数据并计算因子...
2025-11-26 07:00:00 | INFO     | [OK] 获取活跃交易对完成，耗时: 0.001秒
2025-11-26 07:01:13 | INFO     | [FACTORS] 计算得到 534 个有效因子
2025-11-26 07:01:13 | INFO     | [STEP 4] 根据因子值选择交易标的...
2025-11-26 07:01:13 | INFO     | [FILTER] 忽略 1 个交易对: ['BTC/USDT:USDT']
2025-11-26 07:01:13 | INFO     | [STATS] 因子统计:
2025-11-26 07:01:13 | INFO     |    总计: 533 个标的
2025-11-26 07:01:13 | INFO     |    因子值范围: -0.115579 ~ 0.283081
2025-11-26 07:01:13 | INFO     |    选择做多: 2 个
2025-11-26 07:01:13 | INFO     |    选择做空: 2 个
2025-11-26 07:01:13 | INFO     | [TOP 20] 因子值排名前20的交易对:
2025-11-26 07:01:13 | INFO     |    第1名: BEAT/USDT:USDT: 0.283081
2025-11-26 07:01:13 | INFO     |    第2名: SYRUP/USDT:USDT: 0.233325
2025-11-26 07:01:13 | INFO     |    第3名: LIGHT/USDT:USDT: 0.182296
2025-11-26 07:01:13 | INFO     |    第4名: RECALL/USDT:USDT: 0.174393
2025-11-26 07:01:13 | INFO     |    第5名: DEGO/USDT:USDT: 0.171220
2025-11-26 07:01:13 | INFO     |    第6名: SKYAI/USDT:USDT: 0.166571
2025-11-26 07:01:13 | INFO     |    第7名: BROCCOLIF3B/USDT:USDT: 0.165886
2025-11-26 07:01:13 | INFO     |    第8名: YALA/USDT:USDT: 0.155578
2025-11-26 07:01:13 | INFO     |    第9名: MEME/USDT:USDT: 0.155508
2025-11-26 07:01:13 | INFO     |    第10名: GRT/USDT:USDT: 0.151566
2025-11-26 07:01:13 | INFO     |    第11名: NTRN/USDT:USDT: 0.151296
2025-11-26 07:01:13 | INFO     |    第12名: AEVO/USDT:USDT: 0.150271
2025-11-26 07:01:13 | INFO     |    第13名: XAN/USDT:USDT: 0.147134
2025-11-26 07:01:13 | INFO     |    第14名: HYPE/USDT:USDT: 0.147085
2025-11-26 07:01:13 | INFO     |    第15名: UNI/USDT:USDT: 0.146799
2025-11-26 07:01:13 | INFO     |    第16名: RIVER/USDT:USDT: 0.143661
2025-11-26 07:01:13 | INFO     |    第17名: AIXBT/USDT:USDT: 0.140956
2025-11-26 07:01:13 | INFO     |    第18名: BAS/USDT:USDT: 0.139511
2025-11-26 07:01:13 | INFO     |    第19名: BLUR/USDT:USDT: 0.138432
2025-11-26 07:01:13 | INFO     |    第20名: VELVET/USDT:USDT: 0.135259
2025-11-26 07:01:13 | INFO     | [BOTTOM 20] 因子值排名后20的交易对:
2025-11-26 07:01:13 | INFO     |    第514名: ASR/USDT:USDT: -0.017955
2025-11-26 07:01:13 | INFO     |    第515名: 币安人生/USDT:USDT: -0.018278
2025-11-26 07:01:13 | INFO     |    第516名: COS/USDT:USDT: -0.018858
2025-11-26 07:01:13 | INFO     |    第517名: EVAA/USDT:USDT: -0.018973
2025-11-26 07:01:13 | INFO     |    第518名: D/USDT:USDT: -0.019407
2025-11-26 07:01:13 | INFO     |    第519名: JOE/USDT:USDT: -0.019648
2025-11-26 07:01:13 | INFO     |    第520名: VANRY/USDT:USDT: -0.019682
2025-11-26 07:01:13 | INFO     |    第521名: VFY/USDT:USDT: -0.020247
2025-11-26 07:01:13 | INFO     |    第522名: BEL/USDT:USDT: -0.020312
2025-11-26 07:01:13 | INFO     |    第523名: F/USDT:USDT: -0.020764
2025-11-26 07:01:13 | INFO     |    第524名: SKATE/USDT:USDT: -0.021203
2025-11-26 07:01:13 | INFO     |    第525名: KAITO/USDT:USDT: -0.023472
2025-11-26 07:01:13 | INFO     |    第526名: HOME/USDT:USDT: -0.025934
2025-11-26 07:01:13 | INFO     |    第527名: ONDO/USDT:USDT: -0.026420
2025-11-26 07:01:13 | INFO     |    第528名: SCR/USDT:USDT: -0.027441
2025-11-26 07:01:13 | INFO     |    第529名: ZKC/USDT:USDT: -0.033946
2025-11-26 07:01:13 | INFO     |    第530名: NAORIS/USDT:USDT: -0.039092
2025-11-26 07:01:13 | INFO     |    第531名: ZRX/USDT:USDT: -0.053068
2025-11-26 07:01:13 | INFO     |    第532名: TLM/USDT:USDT: -0.053785
2025-11-26 07:01:13 | INFO     |    第533名: RVV/USDT:USDT: -0.115579
2025-11-26 07:01:13 | INFO     | [LONG SYMBOLS] 做多标的详情:
2025-11-26 07:01:13 | INFO     |    BEAT/USDT:USDT: 0.283081
2025-11-26 07:01:13 | INFO     |    SYRUP/USDT:USDT: 0.233325
2025-11-26 07:01:13 | INFO     | [SHORT SYMBOLS] 做空标的详情:
2025-11-26 07:01:13 | INFO     |    RVV/USDT:USDT: -0.115579
2025-11-26 07:01:13 | INFO     |    TLM/USDT:USDT: -0.053785
2025-11-26 07:01:13 | INFO     | [SELECTION] 选择交易标的:
2025-11-26 07:01:13 | INFO     |    做多: ['BEAT/USDT:USDT', 'SYRUP/USDT:USDT']
2025-11-26 07:01:13 | INFO     |    做空: ['RVV/USDT:USDT', 'TLM/USDT:USDT']
2025-11-26 07:01:14 | INFO     | [DINGDING] 通知已发送: Cycle 0/4 交易标的选择完成:
做多 (2个):
  BEAT/USDT:USDT: 0.283081
  SYRUP/USDT:USDT: 0.233325
做空 (2个):
  RVV/USDT:USDT: -0.115579
  TLM/USDT:USDT: -0.053785

因子统计:
  总计: 534 个标的
  范围: -0.115579 ~ 0.283081
2025-11-26 07:01:14 | INFO     | [STEP 5] 获取当前合约保证金...
2025-11-26 07:01:14 | INFO     | [BALANCE] 当前保证金余额: 80.00 USDT
2025-11-26 07:01:15 | INFO     | [DINGDING] 通知已发送:  账户余额报告
 时间: 2025-11-26 07:01:14
 USDT余额: 80.00
2025-11-26 07:01:15 | INFO     | [BALANCE] 余额通知已发送: 80.00 USDT
2025-11-26 07:01:15 | INFO     | [BALANCE] Cycle 0/4 首次交易，使用预分配资金 20.00 USDT
2025-11-26 07:01:15 | INFO     | [STEP 6] 执行开仓交易...
2025-11-26 07:01:15 | INFO     | [BALANCE] 总余额: 20.00 USDT
2025-11-26 07:01:15 | INFO     | [INFO] 总仓位数: 4
2025-11-26 07:01:15 | INFO     | [VALUE] 单仓价值: 14.70 USDT
2025-11-26 07:01:15 | INFO     | [MARGIN] 设置保证金模式为 ISOLATED...
2025-11-26 07:01:15 | INFO     | [MARGIN] BEAT/USDT:USDT (BEATUSDT) 保证金模式设置为 ISOLATED ✓
2025-11-26 07:01:15 | INFO     | [MARGIN] SYRUP/USDT:USDT (SYRUPUSDT) 保证金模式设置为 ISOLATED ✓
2025-11-26 07:01:15 | INFO     | [MARGIN] RVV/USDT:USDT (RVVUSDT) 保证金模式设置为 ISOLATED ✓
2025-11-26 07:01:15 | INFO     | [MARGIN] TLM/USDT:USDT (TLMUSDT) 保证金模式设置为 ISOLATED ✓
2025-11-26 07:01:15 | INFO     | [MARGIN] 保证金模式设置完成: 4/4 成功
2025-11-26 07:01:15 | INFO     | [LEVERAGE] 设置杠杆为 3x...
2025-11-26 07:01:15 | INFO     | [LIVE LONG] 开多头仓位: 2 个
2025-11-26 07:01:15 | INFO     | [LIVE BUY] 做多 BEAT/USDT:USDT: 17.9 @ 0.81935
2025-11-26 07:01:15 | INFO     | [LIVE MARKET] 创建市价单 BEAT/USDT:USDT: buy 17.9
2025-11-26 07:01:15 | INFO     | [LIVE SUCCESS] BEAT/USDT:USDT 市价单创建成功 ID:444770280 成交:17.0
2025-11-26 07:01:15 | INFO     | [PROTECT] BEAT/USDT:USDT 止盈单创建成功 ID:444770281 触发价:0.98322
2025-11-26 07:01:15 | INFO     | [PROTECT] BEAT/USDT:USDT 止损单创建成功 ID:444770290 触发价:0.65548
2025-11-26 07:01:15 | INFO     | [LIVE BUY] 做多 SYRUP/USDT:USDT: 49.1 @ 0.2988
2025-11-26 07:01:15 | INFO     | [LIVE MARKET] 创建市价单 SYRUP/USDT:USDT: buy 49.1
2025-11-26 07:01:15 | INFO     | [LIVE SUCCESS] SYRUP/USDT:USDT 市价单创建成功 ID:1836525113 成交:49.0
2025-11-26 07:01:15 | INFO     | [PROTECT] SYRUP/USDT:USDT 止盈单创建成功 ID:1836525119 触发价:0.35856
2025-11-26 07:01:16 | INFO     | [PROTECT] SYRUP/USDT:USDT 止损单创建成功 ID:1836525123 触发价:0.23904
2025-11-26 07:01:16 | INFO     | [LIVE OK] 多头开仓: 2/2 成功
2025-11-26 07:01:16 | INFO     | [LIVE SHORT] 开空头仓位: 2 个
2025-11-26 07:01:16 | INFO     | [LIVE SELL] 做空 RVV/USDT:USDT: 2609.6 @ 0.005633
2025-11-26 07:01:16 | INFO     | [LIVE MARKET] 创建市价单 RVV/USDT:USDT: sell 2609.6
2025-11-26 07:01:16 | INFO     | [LIVE SUCCESS] RVV/USDT:USDT 市价单创建成功 ID:231459601 成交:2609.0
2025-11-26 07:01:16 | INFO     | [PROTECT] RVV/USDT:USDT 止盈单创建成功 ID:231459633 触发价:0.004506
2025-11-26 07:01:16 | INFO     | [PROTECT] RVV/USDT:USDT 止损单创建成功 ID:231459703 触发价:0.00676
2025-11-26 07:01:16 | INFO     | [LIVE SELL] 做空 TLM/USDT:USDT: 5865.9 @ 0.002506
2025-11-26 07:01:16 | INFO     | [LIVE MARKET] 创建市价单 TLM/USDT:USDT: sell 5865.9
2025-11-26 07:01:16 | INFO     | [LIVE SUCCESS] TLM/USDT:USDT 市价单创建成功 ID:2507400574 成交:5865.0
2025-11-26 07:01:16 | INFO     | [PROTECT] TLM/USDT:USDT 止盈单创建成功 ID:2507400582 触发价:0.002005
2025-11-26 07:01:16 | INFO     | [PROTECT] TLM/USDT:USDT 止损单创建成功 ID:2507400583 触发价:0.003007
2025-11-26 07:01:16 | INFO     | [LIVE OK] 空头开仓: 2/2 成功
2025-11-26 07:01:16 | INFO     | [POSITIONS] 新仓位已添加到字典: {'BEAT/USDT:USDT': {'side': 'long', 'quantity': 17.9, 'open_price': 0.81935, 'position_side': 'LONG', 'take_profit_order_id': '444770281', 'take_profit_price': 0.98322, 'stop_loss_order_id': '444770290', 'stop_loss_price': 0.65548}, 'SYRUP/USDT:USDT': {'side': 'long', 'quantity': 49.1, 'open_price': 0.2988, 'position_side': 'LONG', 'take_profit_order_id': '1836525119', 'take_profit_price': 0.35856, 'stop_loss_order_id': '1836525123', 'stop_loss_price': 0.23904}, 'RVV/USDT:USDT': {'side': 'short', 'quantity': 2609.6, 'open_price': 0.005633, 'position_side': 'SHORT', 'take_profit_order_id': '231459633', 'take_profit_price': 0.004506, 'stop_loss_order_id': '231459703', 'stop_loss_price': 0.00676}, 'TLM/USDT:USDT': {'side': 'short', 'quantity': 5865.9, 'open_price': 0.002506, 'position_side': 'SHORT', 'take_profit_order_id': '2507400582', 'take_profit_price': 0.002005, 'stop_loss_order_id': '2507400583', 'stop_loss_price': 0.003007}}
2025-11-26 07:01:16 | INFO     | [POSITIONS] 当前仓位字典: {'BEAT/USDT:USDT': {'side': 'long', 'quantity': 17.9, 'open_price': 0.81935, 'position_side': 'LONG', 'take_profit_order_id': '444770281', 'take_profit_price': 0.98322, 'stop_loss_order_id': '444770290', 'stop_loss_price': 0.65548}, 'SYRUP/USDT:USDT': {'side': 'long', 'quantity': 49.1, 'open_price': 0.2988, 'position_side': 'LONG', 'take_profit_order_id': '1836525119', 'take_profit_price': 0.35856, 'stop_loss_order_id': '1836525123', 'stop_loss_price': 0.23904}, 'RVV/USDT:USDT': {'side': 'short', 'quantity': 2609.6, 'open_price': 0.005633, 'position_side': 'SHORT', 'take_profit_order_id': '231459633', 'take_profit_price': 0.004506, 'stop_loss_order_id': '231459703', 'stop_loss_price': 0.00676}, 'TLM/USDT:USDT': {'side': 'short', 'quantity': 5865.9, 'open_price': 0.002506, 'position_side': 'SHORT', 'take_profit_order_id': '2507400582', 'take_profit_price': 0.002005, 'stop_loss_order_id': '2507400583', 'stop_loss_price': 0.003007}}
2025-11-26 07:01:16 | INFO     | [STEP 7] 开仓交易完成
2025-11-26 07:01:16 | INFO     | [INFO] 跳过详细仓位验证，交易周期完成
2025-11-26 07:01:16 | INFO     | [STEP 8] 记录当前交易对价格和因子信息...
2025-11-26 07:01:16 | INFO     | [API] 成功获取 534 个交易对价格
2025-11-26 07:01:16 | INFO     | [RECORD] 记录了 534 个交易对的价格和因子信息
2025-11-26 07:01:16 | INFO     | [OK] 交易周期执行成功
2025-11-26 07:01:16 | INFO     | [TIME] 周期耗时: 76.6秒
2025-11-26 07:01:16 | INFO     | [16H] Cycle 1/4 下次执行时间: 2025-11-26 11:00:00
2025-11-26 07:01:16 | INFO     | [WAIT] 等待 14323 秒 (4.0 小时)
2025-11-26 07:03:34 | INFO     | [WAIT] Cycle 1/4 剩余等待时间: 236.4 分钟
2025-11-26 07:05:51 | INFO     | [WAIT] Cycle 1/4 剩余等待时间: 234.1 分钟
2025-11-26 07:08:08 | INFO     | [WAIT] Cycle 1/4 剩余等待时间: 231.9 分钟
2025-11-26 07:10:26 | INFO     | [WAIT] Cycle 1/4 剩余等待时间: 229.6 分钟
2025-11-26 07:12:43 | INFO     | [WAIT] Cycle 1/4 剩余等待时间: 227.3 分钟
2025-11-26 07:15:01 | INFO     | [WAIT] Cycle 1/4 剩余等待时间: 225.0 分钟
2025-11-26 07:17:18 | INFO     | [WAIT] Cycle 1/4 剩余等待时间: 222.7 分钟
2025-11-26 07:19:36 | INFO     | [WAIT] Cycle 1/4 剩余等待时间: 220.4 分钟
2025-11-26 07:21:53 | INFO     | [WAIT] Cycle 1/4 剩余等待时间: 218.1 分钟
2025-11-26 07:24:11 | INFO     | [WAIT] Cycle 1/4 剩余等待时间: 215.8 分钟
2025-11-26 07:26:28 | INFO     | [WAIT] Cycle 1/4 剩余等待时间: 213.5 分钟
2025-11-26 07:28:45 | INFO     | [WAIT] Cycle 1/4 剩余等待时间: 211.2 分钟
2025-11-26 07:31:03 | INFO     | [WAIT] Cycle 1/4 剩余等待时间: 208.9 分钟
2025-11-26 07:33:20 | INFO     | [WAIT] Cycle 1/4 剩余等待时间: 206.7 分钟
2025-11-26 07:35:38 | INFO     | [WAIT] Cycle 1/4 剩余等待时间: 204.4 分钟
2025-11-26 07:37:55 | INFO     | [WAIT] Cycle 1/4 剩余等待时间: 202.1 分钟
2025-11-26 07:40:13 | INFO     | [WAIT] Cycle 1/4 剩余等待时间: 199.8 分钟
2025-11-26 07:42:30 | INFO     | [WAIT] Cycle 1/4 剩余等待时间: 197.5 分钟
2025-11-26 07:44:48 | INFO     | [WAIT] Cycle 1/4 剩余等待时间: 195.2 分钟
2025-11-26 07:47:06 | INFO     | [WAIT] Cycle 1/4 剩余等待时间: 192.9 分钟
2025-11-26 07:49:24 | INFO     | [WAIT] Cycle 1/4 剩余等待时间: 190.6 分钟
2025-11-26 07:51:42 | INFO     | [WAIT] Cycle 1/4 剩余等待时间: 188.3 分钟
2025-11-26 07:54:00 | INFO     | [WAIT] Cycle 1/4 剩余等待时间: 186.0 分钟
2025-11-26 07:56:18 | INFO     | [WAIT] Cycle 1/4 剩余等待时间: 183.7 分钟
2025-11-26 07:58:38 | INFO     | [WAIT] Cycle 1/4 剩余等待时间: 181.4 分钟
2025-11-26 08:00:56 | INFO     | [WAIT] Cycle 1/4 剩余等待时间: 179.1 分钟
2025-11-26 08:03:14 | INFO     | [WAIT] Cycle 1/4 剩余等待时间: 176.8 分钟
2025-11-26 08:05:32 | INFO     | [WAIT] Cycle 1/4 剩余等待时间: 174.5 分钟
2025-11-26 08:07:50 | INFO     | [WAIT] Cycle 1/4 剩余等待时间: 172.2 分钟
2025-11-26 08:10:08 | INFO     | [WAIT] Cycle 1/4 剩余等待时间: 169.9 分钟
2025-11-26 08:12:26 | INFO     | [WAIT] Cycle 1/4 剩余等待时间: 167.6 分钟
2025-11-26 08:14:44 | INFO     | [WAIT] Cycle 1/4 剩余等待时间: 165.3 分钟
2025-11-26 08:17:02 | INFO     | [WAIT] Cycle 1/4 剩余等待时间: 163.0 分钟
2025-11-26 08:19:20 | INFO     | [WAIT] Cycle 1/4 剩余等待时间: 160.7 分钟
2025-11-26 08:21:38 | INFO     | [WAIT] Cycle 1/4 剩余等待时间: 158.4 分钟
2025-11-26 08:23:56 | INFO     | [WAIT] Cycle 1/4 剩余等待时间: 156.1 分钟
2025-11-26 08:26:14 | INFO     | [WAIT] Cycle 1/4 剩余等待时间: 153.8 分钟
2025-11-26 08:28:32 | INFO     | [WAIT] Cycle 1/4 剩余等待时间: 151.5 分钟
2025-11-26 08:30:50 | INFO     | [WAIT] Cycle 1/4 剩余等待时间: 149.2 分钟
2025-11-26 08:31:29 | INFO     | [PROTECT] RVV/USDT:USDT 已取消止盈单 231459633
2025-11-26 08:31:30 | INFO     | [PROTECT] Cycle 0/4 RVV/USDT:USDT 仓位已由保护单或外部操作平仓 (止损单已触发 (状态: closed))，自动移除
2025-11-26 08:31:31 | INFO     | [DINGDING] 通知已发送: 🛡️ 仓位监控
Cycle: Cycle 0/4
交易对: RVV/USDT:USDT
方向: short
原因: 止损单已触发 (状态: closed)
2025-11-26 08:33:01 | INFO     | [WAIT] Cycle 1/4 剩余等待时间: 147.0 分钟
2025-11-26 08:35:10 | INFO     | [WAIT] Cycle 1/4 剩余等待时间: 144.8 分钟
2025-11-26 08:37:18 | INFO     | [WAIT] Cycle 1/4 剩余等待时间: 142.7 分钟
2025-11-26 08:39:26 | INFO     | [WAIT] Cycle 1/4 剩余等待时间: 140.6 分钟
2025-11-26 08:41:34 | INFO     | [WAIT] Cycle 1/4 剩余等待时间: 138.4 分钟
2025-11-26 08:43:42 | INFO     | [WAIT] Cycle 1/4 剩余等待时间: 136.3 分钟
2025-11-26 08:45:51 | INFO     | [WAIT] Cycle 1/4 剩余等待时间: 134.1 分钟
2025-11-26 08:47:59 | INFO     | [WAIT] Cycle 1/4 剩余等待时间: 132.0 分钟
2025-11-26 08:50:07 | INFO     | [WAIT] Cycle 1/4 剩余等待时间: 129.9 分钟
2025-11-26 08:52:15 | INFO     | [WAIT] Cycle 1/4 剩余等待时间: 127.7 分钟
2025-11-26 08:54:24 | INFO     | [WAIT] Cycle 1/4 剩余等待时间: 125.6 分钟
2025-11-26 08:56:32 | INFO     | [WAIT] Cycle 1/4 剩余等待时间: 123.5 分钟
2025-11-26 08:58:40 | INFO     | [WAIT] Cycle 1/4 剩余等待时间: 121.3 分钟
2025-11-26 09:00:48 | INFO     | [WAIT] Cycle 1/4 剩余等待时间: 119.2 分钟
2025-11-26 09:02:57 | INFO     | [WAIT] Cycle 1/4 剩余等待时间: 117.0 分钟
2025-11-26 09:05:05 | INFO     | [WAIT] Cycle 1/4 剩余等待时间: 114.9 分钟
2025-11-26 09:07:13 | INFO     | [WAIT] Cycle 1/4 剩余等待时间: 112.8 分钟
2025-11-26 09:09:21 | INFO     | [WAIT] Cycle 1/4 剩余等待时间: 110.6 分钟
2025-11-26 09:11:29 | INFO     | [WAIT] Cycle 1/4 剩余等待时间: 108.5 分钟
2025-11-26 09:13:38 | INFO     | [WAIT] Cycle 1/4 剩余等待时间: 106.4 分钟
2025-11-26 09:15:46 | INFO     | [WAIT] Cycle 1/4 剩余等待时间: 104.2 分钟
2025-11-26 09:17:54 | INFO     | [WAIT] Cycle 1/4 剩余等待时间: 102.1 分钟
2025-11-26 09:20:02 | INFO     | [WAIT] Cycle 1/4 剩余等待时间: 100.0 分钟
2025-11-26 09:22:10 | INFO     | [WAIT] Cycle 1/4 剩余等待时间: 97.8 分钟
2025-11-26 09:24:18 | INFO     | [WAIT] Cycle 1/4 剩余等待时间: 95.7 分钟
2025-11-26 09:26:27 | INFO     | [WAIT] Cycle 1/4 剩余等待时间: 93.5 分钟
2025-11-26 09:28:35 | INFO     | [WAIT] Cycle 1/4 剩余等待时间: 91.4 分钟
2025-11-26 09:30:43 | INFO     | [WAIT] Cycle 1/4 剩余等待时间: 89.3 分钟
2025-11-26 09:32:51 | INFO     | [WAIT] Cycle 1/4 剩余等待时间: 87.1 分钟
2025-11-26 09:34:59 | INFO     | [WAIT] Cycle 1/4 剩余等待时间: 85.0 分钟
2025-11-26 09:37:07 | INFO     | [WAIT] Cycle 1/4 剩余等待时间: 82.9 分钟
2025-11-26 09:39:16 | INFO     | [WAIT] Cycle 1/4 剩余等待时间: 80.7 分钟
2025-11-26 09:41:24 | INFO     | [WAIT] Cycle 1/4 剩余等待时间: 78.6 分钟
2025-11-26 09:43:32 | INFO     | [WAIT] Cycle 1/4 剩余等待时间: 76.5 分钟
2025-11-26 09:45:40 | INFO     | [WAIT] Cycle 1/4 剩余等待时间: 74.3 分钟
2025-11-26 09:47:48 | INFO     | [WAIT] Cycle 1/4 剩余等待时间: 72.2 分钟
2025-11-26 09:49:56 | INFO     | [WAIT] Cycle 1/4 剩余等待时间: 70.1 分钟
2025-11-26 09:52:05 | INFO     | [WAIT] Cycle 1/4 剩余等待时间: 67.9 分钟
2025-11-26 09:54:13 | INFO     | [WAIT] Cycle 1/4 剩余等待时间: 65.8 分钟
2025-11-26 09:56:21 | INFO     | [WAIT] Cycle 1/4 剩余等待时间: 63.6 分钟
2025-11-26 09:58:29 | INFO     | [WAIT] Cycle 1/4 剩余等待时间: 61.5 分钟
2025-11-26 10:00:37 | INFO     | [WAIT] Cycle 1/4 剩余等待时间: 59.4 分钟
2025-11-26 10:02:46 | INFO     | [WAIT] Cycle 1/4 剩余等待时间: 57.2 分钟
2025-11-26 10:04:54 | INFO     | [WAIT] Cycle 1/4 剩余等待时间: 55.1 分钟
2025-11-26 10:07:02 | INFO     | [WAIT] Cycle 1/4 剩余等待时间: 53.0 分钟
2025-11-26 10:09:10 | INFO     | [WAIT] Cycle 1/4 剩余等待时间: 50.8 分钟
2025-11-26 10:11:19 | INFO     | [WAIT] Cycle 1/4 剩余等待时间: 48.7 分钟
2025-11-26 10:13:27 | INFO     | [WAIT] Cycle 1/4 剩余等待时间: 46.5 分钟
2025-11-26 10:15:35 | INFO     | [WAIT] Cycle 1/4 剩余等待时间: 44.4 分钟
2025-11-26 10:17:43 | INFO     | [WAIT] Cycle 1/4 剩余等待时间: 42.3 分钟
2025-11-26 10:19:52 | INFO     | [WAIT] Cycle 1/4 剩余等待时间: 40.1 分钟
2025-11-26 10:22:00 | INFO     | [WAIT] Cycle 1/4 剩余等待时间: 38.0 分钟
2025-11-26 10:24:08 | INFO     | [WAIT] Cycle 1/4 剩余等待时间: 35.9 分钟
2025-11-26 10:26:17 | INFO     | [WAIT] Cycle 1/4 剩余等待时间: 33.7 分钟
2025-11-26 10:28:25 | INFO     | [WAIT] Cycle 1/4 剩余等待时间: 31.6 分钟
2025-11-26 10:30:33 | INFO     | [WAIT] Cycle 1/4 剩余等待时间: 29.4 分钟
2025-11-26 10:32:42 | INFO     | [WAIT] Cycle 1/4 剩余等待时间: 27.3 分钟
2025-11-26 10:34:50 | INFO     | [WAIT] Cycle 1/4 剩余等待时间: 25.2 分钟
2025-11-26 10:36:58 | INFO     | [WAIT] Cycle 1/4 剩余等待时间: 23.0 分钟
2025-11-26 10:39:06 | INFO     | [WAIT] Cycle 1/4 剩余等待时间: 20.9 分钟
2025-11-26 10:41:15 | INFO     | [WAIT] Cycle 1/4 剩余等待时间: 18.7 分钟
2025-11-26 10:43:23 | INFO     | [WAIT] Cycle 1/4 剩余等待时间: 16.6 分钟
2025-11-26 10:45:31 | INFO     | [WAIT] Cycle 1/4 剩余等待时间: 14.5 分钟
2025-11-26 10:47:39 | INFO     | [WAIT] Cycle 1/4 剩余等待时间: 12.3 分钟
2025-11-26 10:49:47 | INFO     | [WAIT] Cycle 1/4 剩余等待时间: 10.2 分钟
2025-11-26 10:51:56 | INFO     | [WAIT] Cycle 1/4 剩余等待时间: 8.1 分钟
2025-11-26 10:54:04 | INFO     | [WAIT] Cycle 1/4 剩余等待时间: 5.9 分钟
2025-11-26 10:56:12 | INFO     | [WAIT] Cycle 1/4 剩余等待时间: 3.8 分钟
2025-11-26 10:57:04 | INFO     | [WAIT] Cycle 1/4 最后等待: 176 秒
2025-11-26 11:00:00 | INFO     | 
==================================================
2025-11-26 11:00:00 | INFO     | [CYCLE] 第 2 轮交易周期 (Cycle 1/4)
2025-11-26 11:00:00 | INFO     | [TIME] 开始时间: 2025-11-26 11:00:00
2025-11-26 11:00:00 | INFO     | ==================================================
2025-11-26 11:00:00 | INFO     | [STEP 1] Cycle 1/4 平仓字典中存储的仓位...
2025-11-26 11:00:00 | INFO     | [INFO] 仓位字典为空，无需平仓
2025-11-26 11:00:00 | INFO     | [STEP 2] 跳过验证步骤...
2025-11-26 11:00:00 | INFO     | [STEP 3] 提取OHLC数据并计算因子...
2025-11-26 11:00:00 | INFO     | [OK] 获取活跃交易对完成，耗时: 0.001秒
2025-11-26 11:01:15 | INFO     | [FACTORS] 计算得到 534 个有效因子
2025-11-26 11:01:15 | INFO     | [STEP 4] 根据因子值选择交易标的...
2025-11-26 11:01:15 | INFO     | [FILTER] 忽略 1 个交易对: ['BTC/USDT:USDT']
2025-11-26 11:01:15 | INFO     | [STATS] 因子统计:
2025-11-26 11:01:15 | INFO     |    总计: 533 个标的
2025-11-26 11:01:15 | INFO     |    因子值范围: -0.092035 ~ 0.260424
2025-11-26 11:01:15 | INFO     |    选择做多: 2 个
2025-11-26 11:01:15 | INFO     |    选择做空: 2 个
2025-11-26 11:01:15 | INFO     | [TOP 20] 因子值排名前20的交易对:
2025-11-26 11:01:15 | INFO     |    第1名: BEAT/USDT:USDT: 0.260424
2025-11-26 11:01:15 | INFO     |    第2名: UNI/USDT:USDT: 0.251801
2025-11-26 11:01:15 | INFO     |    第3名: SYRUP/USDT:USDT: 0.248080
2025-11-26 11:01:15 | INFO     |    第4名: ZEN/USDT:USDT: 0.206911
2025-11-26 11:01:15 | INFO     |    第5名: VINE/USDT:USDT: 0.205661
2025-11-26 11:01:15 | INFO     |    第6名: STRK/USDT:USDT: 0.198384
2025-11-26 11:01:15 | INFO     |    第7名: YALA/USDT:USDT: 0.174133
2025-11-26 11:01:15 | INFO     |    第8名: H/USDT:USDT: 0.173266
2025-11-26 11:01:15 | INFO     |    第9名: FORM/USDT:USDT: 0.162110
2025-11-26 11:01:15 | INFO     |    第10名: MEME/USDT:USDT: 0.161342
2025-11-26 11:01:15 | INFO     |    第11名: FIS/USDT:USDT: 0.157335
2025-11-26 11:01:15 | INFO     |    第12名: IOTX/USDT:USDT: 0.156437
2025-11-26 11:01:15 | INFO     |    第13名: AEVO/USDT:USDT: 0.152258
2025-11-26 11:01:15 | INFO     |    第14名: WCT/USDT:USDT: 0.149809
2025-11-26 11:01:15 | INFO     |    第15名: SKYAI/USDT:USDT: 0.145723
2025-11-26 11:01:15 | INFO     |    第16名: NOM/USDT:USDT: 0.140808
2025-11-26 11:01:15 | INFO     |    第17名: GMT/USDT:USDT: 0.138293
2025-11-26 11:01:15 | INFO     |    第18名: ASTER/USDT:USDT: 0.138110
2025-11-26 11:01:15 | INFO     |    第19名: S/USDT:USDT: 0.138007
2025-11-26 11:01:15 | INFO     |    第20名: DEGO/USDT:USDT: 0.137187
2025-11-26 11:01:15 | INFO     | [BOTTOM 20] 因子值排名后20的交易对:
2025-11-26 11:01:15 | INFO     |    第514名: ASR/USDT:USDT: -0.017752
2025-11-26 11:01:15 | INFO     |    第515名: FOLKS/USDT:USDT: -0.018407
2025-11-26 11:01:15 | INFO     |    第516名: PHA/USDT:USDT: -0.020196
2025-11-26 11:01:15 | INFO     |    第517名: KAITO/USDT:USDT: -0.021301
2025-11-26 11:01:15 | INFO     |    第518名: ORDI/USDT:USDT: -0.021360
2025-11-26 11:01:15 | INFO     |    第519名: SOL/USDT:USDT: -0.021578
2025-11-26 11:01:15 | INFO     |    第520名: SPX/USDT:USDT: -0.024929
2025-11-26 11:01:15 | INFO     |    第521名: VANRY/USDT:USDT: -0.028036
2025-11-26 11:01:15 | INFO     |    第522名: FLUX/USDT:USDT: -0.028778
2025-11-26 11:01:15 | INFO     |    第523名: 1000000BOB/USDT:USDT: -0.029111
2025-11-26 11:01:15 | INFO     |    第524名: AVA/USDT:USDT: -0.029639
2025-11-26 11:01:15 | INFO     |    第525名: EVAA/USDT:USDT: -0.030455
2025-11-26 11:01:15 | INFO     |    第526名: ZKC/USDT:USDT: -0.032073
2025-11-26 11:01:15 | INFO     |    第527名: EPIC/USDT:USDT: -0.034042
2025-11-26 11:01:15 | INFO     |    第528名: COAI/USDT:USDT: -0.039936
2025-11-26 11:01:15 | INFO     |    第529名: MTL/USDT:USDT: -0.040861
2025-11-26 11:01:15 | INFO     |    第530名: OM/USDT:USDT: -0.041834
2025-11-26 11:01:15 | INFO     |    第531名: ZIL/USDT:USDT: -0.042528
2025-11-26 11:01:15 | INFO     |    第532名: 1000000MOG/USDT:USDT: -0.046680
2025-11-26 11:01:15 | INFO     |    第533名: RVV/USDT:USDT: -0.092035
2025-11-26 11:01:15 | INFO     | [LONG SYMBOLS] 做多标的详情:
2025-11-26 11:01:15 | INFO     |    BEAT/USDT:USDT: 0.260424
2025-11-26 11:01:15 | INFO     |    UNI/USDT:USDT: 0.251801
2025-11-26 11:01:15 | INFO     | [SHORT SYMBOLS] 做空标的详情:
2025-11-26 11:01:15 | INFO     |    RVV/USDT:USDT: -0.092035
2025-11-26 11:01:15 | INFO     |    1000000MOG/USDT:USDT: -0.046680
2025-11-26 11:01:15 | INFO     | [SELECTION] 选择交易标的:
2025-11-26 11:01:15 | INFO     |    做多: ['BEAT/USDT:USDT', 'UNI/USDT:USDT']
2025-11-26 11:01:15 | INFO     |    做空: ['RVV/USDT:USDT', '1000000MOG/USDT:USDT']
2025-11-26 11:01:16 | INFO     | [DINGDING] 通知已发送: Cycle 1/4 交易标的选择完成:
做多 (2个):
  BEAT/USDT:USDT: 0.260424
  UNI/USDT:USDT: 0.251801
做空 (2个):
  RVV/USDT:USDT: -0.092035
  1000000MOG/USDT:USDT: -0.046680

因子统计:
  总计: 534 个标的
  范围: -0.092035 ~ 0.260424
2025-11-26 11:01:16 | INFO     | [STEP 5] 获取当前合约保证金...
2025-11-26 11:01:16 | INFO     | [BALANCE] 当前保证金余额: 62.43 USDT
2025-11-26 11:01:17 | INFO     | [DINGDING] 通知已发送:  账户余额报告
 时间: 2025-11-26 11:01:16
 USDT余额: 62.43
2025-11-26 11:01:17 | INFO     | [BALANCE] 余额通知已发送: 62.43 USDT
2025-11-26 11:01:17 | INFO     | [BALANCE] Cycle 1/4 首次交易，使用预分配资金 20.00 USDT
2025-11-26 11:01:17 | INFO     | [STEP 6] 执行开仓交易...
2025-11-26 11:01:17 | INFO     | [BALANCE] 总余额: 20.00 USDT
2025-11-26 11:01:17 | INFO     | [INFO] 总仓位数: 4
2025-11-26 11:01:17 | INFO     | [VALUE] 单仓价值: 14.70 USDT
2025-11-26 11:01:17 | INFO     | [MARGIN] 设置保证金模式为 ISOLATED...
2025-11-26 11:01:17 | INFO     | [MARGIN] BEAT/USDT:USDT 已经是 ISOLATED 模式
2025-11-26 11:01:17 | INFO     | [MARGIN] UNI/USDT:USDT (UNIUSDT) 保证金模式设置为 ISOLATED ✓
2025-11-26 11:01:17 | INFO     | [MARGIN] RVV/USDT:USDT 已经是 ISOLATED 模式
2025-11-26 11:01:17 | INFO     | [MARGIN] 1000000MOG/USDT:USDT (1000000MOGUSDT) 保证金模式设置为 ISOLATED ✓
2025-11-26 11:01:17 | INFO     | [MARGIN] 保证金模式设置完成: 4/4 成功
2025-11-26 11:01:17 | INFO     | [LEVERAGE] 设置杠杆为 3x...
2025-11-26 11:01:17 | INFO     | [LIVE LONG] 开多头仓位: 2 个
2025-11-26 11:01:17 | INFO     | [LIVE BUY] 做多 BEAT/USDT:USDT: 18.2 @ 0.80348
2025-11-26 11:01:17 | INFO     | [LIVE MARKET] 创建市价单 BEAT/USDT:USDT: buy 18.2
2025-11-26 11:01:17 | INFO     | [LIVE SUCCESS] BEAT/USDT:USDT 市价单创建成功 ID:446382633 成交:18.0
2025-11-26 11:01:17 | INFO     | [PROTECT] BEAT/USDT:USDT 止盈单创建成功 ID:446382642 触发价:0.96418
2025-11-26 11:01:17 | INFO     | [PROTECT] BEAT/USDT:USDT 止损单创建成功 ID:446382650 触发价:0.64278
2025-11-26 11:01:17 | INFO     | [LIVE BUY] 做多 UNI/USDT:USDT: 2.4 @ 6.091
2025-11-26 11:01:17 | INFO     | [LIVE MARKET] 创建市价单 UNI/USDT:USDT: buy 2.4
2025-11-26 11:01:17 | INFO     | [LIVE SUCCESS] UNI/USDT:USDT 市价单创建成功 ID:29353627241 成交:2.0
2025-11-26 11:01:17 | INFO     | [PROTECT] UNI/USDT:USDT 止盈单创建成功 ID:29353627245 触发价:7.309
2025-11-26 11:01:17 | INFO     | [PROTECT] UNI/USDT:USDT 止损单创建成功 ID:29353627251 触发价:4.873
2025-11-26 11:01:17 | INFO     | [LIVE OK] 多头开仓: 2/2 成功
2025-11-26 11:01:17 | INFO     | [LIVE SHORT] 开空头仓位: 2 个
2025-11-26 11:01:17 | INFO     | [LIVE SELL] 做空 RVV/USDT:USDT: 1976.9 @ 0.007436
2025-11-26 11:01:17 | INFO     | [LIVE MARKET] 创建市价单 RVV/USDT:USDT: sell 1976.9
2025-11-26 11:01:17 | INFO     | [LIVE SUCCESS] RVV/USDT:USDT 市价单创建成功 ID:242548640 成交:1976.0
2025-11-26 11:01:17 | INFO     | [PROTECT] RVV/USDT:USDT 止盈单创建成功 ID:242548642 触发价:0.005949
2025-11-26 11:01:17 | INFO     | [PROTECT] RVV/USDT:USDT 止损单创建成功 ID:242548650 触发价:0.008923
2025-11-26 11:01:18 | INFO     | [LIVE SELL] 做空 1000000MOG/USDT:USDT: 54.7 @ 0.2685
2025-11-26 11:01:18 | INFO     | [LIVE MARKET] 创建市价单 1000000MOG/USDT:USDT: sell 54.7
2025-11-26 11:01:18 | INFO     | [LIVE SUCCESS] 1000000MOG/USDT:USDT 市价单创建成功 ID:1549548929 成交:54.7
2025-11-26 11:01:18 | INFO     | [PROTECT] 1000000MOG/USDT:USDT 止盈单创建成功 ID:1549548930 触发价:0.2148
2025-11-26 11:01:18 | INFO     | [PROTECT] 1000000MOG/USDT:USDT 止损单创建成功 ID:1549548931 触发价:0.3222
2025-11-26 11:01:18 | INFO     | [LIVE OK] 空头开仓: 2/2 成功
2025-11-26 11:01:18 | INFO     | [POSITIONS] 新仓位已添加到字典: {'BEAT/USDT:USDT': {'side': 'long', 'quantity': 18.2, 'open_price': 0.80348, 'position_side': 'LONG', 'take_profit_order_id': '446382642', 'take_profit_price': 0.96418, 'stop_loss_order_id': '446382650', 'stop_loss_price': 0.64278}, 'UNI/USDT:USDT': {'side': 'long', 'quantity': 2.4, 'open_price': 6.091, 'position_side': 'LONG', 'take_profit_order_id': '29353627245', 'take_profit_price': 7.309, 'stop_loss_order_id': '29353627251', 'stop_loss_price': 4.873}, 'RVV/USDT:USDT': {'side': 'short', 'quantity': 1976.9, 'open_price': 0.007436, 'position_side': 'SHORT', 'take_profit_order_id': '242548642', 'take_profit_price': 0.005949, 'stop_loss_order_id': '242548650', 'stop_loss_price': 0.008923}, '1000000MOG/USDT:USDT': {'side': 'short', 'quantity': 54.7, 'open_price': 0.2685, 'position_side': 'SHORT', 'take_profit_order_id': '1549548930', 'take_profit_price': 0.2148, 'stop_loss_order_id': '1549548931', 'stop_loss_price': 0.3222}}
2025-11-26 11:01:18 | INFO     | [POSITIONS] 当前仓位字典: {'BEAT/USDT:USDT': {'side': 'long', 'quantity': 18.2, 'open_price': 0.80348, 'position_side': 'LONG', 'take_profit_order_id': '446382642', 'take_profit_price': 0.96418, 'stop_loss_order_id': '446382650', 'stop_loss_price': 0.64278}, 'UNI/USDT:USDT': {'side': 'long', 'quantity': 2.4, 'open_price': 6.091, 'position_side': 'LONG', 'take_profit_order_id': '29353627245', 'take_profit_price': 7.309, 'stop_loss_order_id': '29353627251', 'stop_loss_price': 4.873}, 'RVV/USDT:USDT': {'side': 'short', 'quantity': 1976.9, 'open_price': 0.007436, 'position_side': 'SHORT', 'take_profit_order_id': '242548642', 'take_profit_price': 0.005949, 'stop_loss_order_id': '242548650', 'stop_loss_price': 0.008923}, '1000000MOG/USDT:USDT': {'side': 'short', 'quantity': 54.7, 'open_price': 0.2685, 'position_side': 'SHORT', 'take_profit_order_id': '1549548930', 'take_profit_price': 0.2148, 'stop_loss_order_id': '1549548931', 'stop_loss_price': 0.3222}}
2025-11-26 11:01:18 | INFO     | [STEP 7] 开仓交易完成
2025-11-26 11:01:18 | INFO     | [INFO] 跳过详细仓位验证，交易周期完成
2025-11-26 11:01:18 | INFO     | [STEP 8] 记录当前交易对价格和因子信息...
2025-11-26 11:01:18 | INFO     | [API] 成功获取 534 个交易对价格
2025-11-26 11:01:18 | INFO     | [RECORD] 记录了 534 个交易对的价格和因子信息
2025-11-26 11:01:18 | INFO     | [OK] 交易周期执行成功
2025-11-26 11:01:18 | INFO     | [TIME] 周期耗时: 78.3秒
2025-11-26 11:01:18 | INFO     | [16H] Cycle 2/4 下次执行时间: 2025-11-26 15:00:00
2025-11-26 11:01:18 | INFO     | [WAIT] 等待 14322 秒 (4.0 小时)
2025-11-26 11:04:04 | INFO     | [WAIT] Cycle 2/4 剩余等待时间: 235.9 分钟
2025-11-26 11:06:51 | INFO     | [WAIT] Cycle 2/4 剩余等待时间: 233.1 分钟
2025-11-26 11:09:38 | INFO     | [WAIT] Cycle 2/4 剩余等待时间: 230.4 分钟
2025-11-26 11:12:24 | INFO     | [WAIT] Cycle 2/4 剩余等待时间: 227.6 分钟
2025-11-26 11:15:11 | INFO     | [WAIT] Cycle 2/4 剩余等待时间: 224.8 分钟
2025-11-26 11:17:57 | INFO     | [WAIT] Cycle 2/4 剩余等待时间: 222.0 分钟
2025-11-26 11:20:44 | INFO     | [WAIT] Cycle 2/4 剩余等待时间: 219.3 分钟
2025-11-26 11:23:31 | INFO     | [WAIT] Cycle 2/4 剩余等待时间: 216.5 分钟
2025-11-26 11:26:17 | INFO     | [WAIT] Cycle 2/4 剩余等待时间: 213.7 分钟
2025-11-26 11:29:04 | INFO     | [WAIT] Cycle 2/4 剩余等待时间: 210.9 分钟
2025-11-26 11:31:50 | INFO     | [WAIT] Cycle 2/4 剩余等待时间: 208.2 分钟
2025-11-26 11:34:37 | INFO     | [WAIT] Cycle 2/4 剩余等待时间: 205.4 分钟
2025-11-26 11:37:24 | INFO     | [WAIT] Cycle 2/4 剩余等待时间: 202.6 分钟
2025-11-26 11:40:10 | INFO     | [WAIT] Cycle 2/4 剩余等待时间: 199.8 分钟
2025-11-26 11:42:57 | INFO     | [WAIT] Cycle 2/4 剩余等待时间: 197.0 分钟
2025-11-26 11:45:44 | INFO     | [WAIT] Cycle 2/4 剩余等待时间: 194.3 分钟
2025-11-26 11:48:30 | INFO     | [WAIT] Cycle 2/4 剩余等待时间: 191.5 分钟
2025-11-26 11:51:17 | INFO     | [WAIT] Cycle 2/4 剩余等待时间: 188.7 分钟
2025-11-26 11:54:05 | INFO     | [WAIT] Cycle 2/4 剩余等待时间: 185.9 分钟
2025-11-26 11:56:52 | INFO     | [WAIT] Cycle 2/4 剩余等待时间: 183.1 分钟
2025-11-26 11:59:39 | INFO     | [WAIT] Cycle 2/4 剩余等待时间: 180.3 分钟
2025-11-26 12:02:26 | INFO     | [WAIT] Cycle 2/4 剩余等待时间: 177.6 分钟
2025-11-26 12:05:13 | INFO     | [WAIT] Cycle 2/4 剩余等待时间: 174.8 分钟
2025-11-26 12:08:00 | INFO     | [WAIT] Cycle 2/4 剩余等待时间: 172.0 分钟
2025-11-26 12:10:47 | INFO     | [WAIT] Cycle 2/4 剩余等待时间: 169.2 分钟
2025-11-26 12:13:34 | INFO     | [WAIT] Cycle 2/4 剩余等待时间: 166.4 分钟
2025-11-26 12:16:22 | INFO     | [WAIT] Cycle 2/4 剩余等待时间: 163.6 分钟
2025-11-26 12:19:09 | INFO     | [WAIT] Cycle 2/4 剩余等待时间: 160.8 分钟
2025-11-26 12:21:56 | INFO     | [WAIT] Cycle 2/4 剩余等待时间: 158.1 分钟
2025-11-26 12:24:43 | INFO     | [WAIT] Cycle 2/4 剩余等待时间: 155.3 分钟
2025-11-26 12:27:30 | INFO     | [WAIT] Cycle 2/4 剩余等待时间: 152.5 分钟
2025-11-26 12:30:17 | INFO     | [WAIT] Cycle 2/4 剩余等待时间: 149.7 分钟
2025-11-26 12:33:04 | INFO     | [WAIT] Cycle 2/4 剩余等待时间: 146.9 分钟
2025-11-26 12:35:51 | INFO     | [WAIT] Cycle 2/4 剩余等待时间: 144.1 分钟
2025-11-26 12:38:38 | INFO     | [WAIT] Cycle 2/4 剩余等待时间: 141.4 分钟
2025-11-26 12:41:25 | INFO     | [WAIT] Cycle 2/4 剩余等待时间: 138.6 分钟
2025-11-26 12:44:12 | INFO     | [WAIT] Cycle 2/4 剩余等待时间: 135.8 分钟
2025-11-26 12:46:59 | INFO     | [WAIT] Cycle 2/4 剩余等待时间: 133.0 分钟
2025-11-26 12:49:46 | INFO     | [WAIT] Cycle 2/4 剩余等待时间: 130.2 分钟
2025-11-26 12:52:34 | INFO     | [WAIT] Cycle 2/4 剩余等待时间: 127.4 分钟
2025-11-26 12:55:21 | INFO     | [WAIT] Cycle 2/4 剩余等待时间: 124.6 分钟
2025-11-26 12:58:08 | INFO     | [WAIT] Cycle 2/4 剩余等待时间: 121.9 分钟
2025-11-26 13:00:55 | INFO     | [WAIT] Cycle 2/4 剩余等待时间: 119.1 分钟
2025-11-26 13:03:42 | INFO     | [WAIT] Cycle 2/4 剩余等待时间: 116.3 分钟
2025-11-26 13:06:29 | INFO     | [WAIT] Cycle 2/4 剩余等待时间: 113.5 分钟
2025-11-26 13:09:16 | INFO     | [WAIT] Cycle 2/4 剩余等待时间: 110.7 分钟
2025-11-26 13:12:03 | INFO     | [WAIT] Cycle 2/4 剩余等待时间: 107.9 分钟
2025-11-26 13:14:50 | INFO     | [WAIT] Cycle 2/4 剩余等待时间: 105.2 分钟
2025-11-26 13:17:38 | INFO     | [WAIT] Cycle 2/4 剩余等待时间: 102.4 分钟
2025-11-26 13:20:25 | INFO     | [WAIT] Cycle 2/4 剩余等待时间: 99.6 分钟
2025-11-26 13:23:12 | INFO     | [WAIT] Cycle 2/4 剩余等待时间: 96.8 分钟
2025-11-26 13:25:59 | INFO     | [WAIT] Cycle 2/4 剩余等待时间: 94.0 分钟
2025-11-26 13:28:47 | INFO     | [WAIT] Cycle 2/4 剩余等待时间: 91.2 分钟
2025-11-26 13:31:34 | INFO     | [WAIT] Cycle 2/4 剩余等待时间: 88.4 分钟
2025-11-26 13:34:21 | INFO     | [WAIT] Cycle 2/4 剩余等待时间: 85.6 分钟
2025-11-26 13:37:08 | INFO     | [WAIT] Cycle 2/4 剩余等待时间: 82.9 分钟
2025-11-26 13:39:56 | INFO     | [WAIT] Cycle 2/4 剩余等待时间: 80.1 分钟
2025-11-26 13:42:43 | INFO     | [WAIT] Cycle 2/4 剩余等待时间: 77.3 分钟
2025-11-26 13:45:30 | INFO     | [WAIT] Cycle 2/4 剩余等待时间: 74.5 分钟
2025-11-26 13:48:18 | INFO     | [WAIT] Cycle 2/4 剩余等待时间: 71.7 分钟
2025-11-26 13:51:05 | INFO     | [WAIT] Cycle 2/4 剩余等待时间: 68.9 分钟
2025-11-26 13:53:52 | INFO     | [WAIT] Cycle 2/4 剩余等待时间: 66.1 分钟
2025-11-26 13:56:39 | INFO     | [WAIT] Cycle 2/4 剩余等待时间: 63.3 分钟
2025-11-26 13:59:27 | INFO     | [WAIT] Cycle 2/4 剩余等待时间: 60.5 分钟
2025-11-26 14:02:14 | INFO     | [WAIT] Cycle 2/4 剩余等待时间: 57.8 分钟
2025-11-26 14:05:02 | INFO     | [WAIT] Cycle 2/4 剩余等待时间: 55.0 分钟
2025-11-26 14:07:49 | INFO     | [WAIT] Cycle 2/4 剩余等待时间: 52.2 分钟
2025-11-26 14:10:36 | INFO     | [WAIT] Cycle 2/4 剩余等待时间: 49.4 分钟
2025-11-26 14:13:24 | INFO     | [WAIT] Cycle 2/4 剩余等待时间: 46.6 分钟
2025-11-26 14:16:11 | INFO     | [WAIT] Cycle 2/4 剩余等待时间: 43.8 分钟
2025-11-26 14:18:59 | INFO     | [WAIT] Cycle 2/4 剩余等待时间: 41.0 分钟
2025-11-26 14:21:46 | INFO     | [WAIT] Cycle 2/4 剩余等待时间: 38.2 分钟
2025-11-26 14:24:33 | INFO     | [WAIT] Cycle 2/4 剩余等待时间: 35.4 分钟
2025-11-26 14:27:20 | INFO     | [WAIT] Cycle 2/4 剩余等待时间: 32.7 分钟
2025-11-26 14:30:08 | INFO     | [WAIT] Cycle 2/4 剩余等待时间: 29.9 分钟
2025-11-26 14:32:55 | INFO     | [WAIT] Cycle 2/4 剩余等待时间: 27.1 分钟
2025-11-26 14:35:42 | INFO     | [WAIT] Cycle 2/4 剩余等待时间: 24.3 分钟
2025-11-26 14:38:30 | INFO     | [WAIT] Cycle 2/4 剩余等待时间: 21.5 分钟
2025-11-26 14:41:17 | INFO     | [WAIT] Cycle 2/4 剩余等待时间: 18.7 分钟
2025-11-26 14:44:04 | INFO     | [WAIT] Cycle 2/4 剩余等待时间: 15.9 分钟
2025-11-26 14:46:52 | INFO     | [WAIT] Cycle 2/4 剩余等待时间: 13.1 分钟
2025-11-26 14:49:39 | INFO     | [WAIT] Cycle 2/4 剩余等待时间: 10.3 分钟
2025-11-26 14:52:27 | INFO     | [WAIT] Cycle 2/4 剩余等待时间: 7.5 分钟
2025-11-26 14:53:02 | INFO     | [PROTECT] RVV/USDT:USDT 已取消止损单 242548650
2025-11-26 14:53:02 | INFO     | [PROTECT] Cycle 1/4 RVV/USDT:USDT 仓位已由保护单或外部操作平仓 (止盈单已触发 (状态: closed))，自动移除
2025-11-26 14:53:03 | INFO     | [DINGDING] 通知已发送: 🛡️ 仓位监控
Cycle: Cycle 1/4
交易对: RVV/USDT:USDT
方向: short
原因: 止盈单已触发 (状态: closed)
2025-11-26 14:55:07 | INFO     | [WAIT] Cycle 2/4 剩余等待时间: 4.9 分钟
2025-11-26 14:57:14 | INFO     | [WAIT] Cycle 2/4 最后等待: 166 秒
2025-11-26 15:00:00 | INFO     | 
==================================================
2025-11-26 15:00:00 | INFO     | [CYCLE] 第 3 轮交易周期 (Cycle 2/4)
2025-11-26 15:00:00 | INFO     | [TIME] 开始时间: 2025-11-26 15:00:00
2025-11-26 15:00:00 | INFO     | ==================================================
2025-11-26 15:00:02 | INFO     | [STEP 1] Cycle 2/4 平仓字典中存储的仓位...
2025-11-26 15:00:02 | INFO     | [INFO] 仓位字典为空，无需平仓
2025-11-26 15:00:02 | INFO     | [STEP 2] 跳过验证步骤...
2025-11-26 15:00:02 | INFO     | [STEP 3] 提取OHLC数据并计算因子...
2025-11-26 15:00:02 | INFO     | [OK] 获取活跃交易对完成，耗时: 0.001秒
2025-11-26 15:01:16 | INFO     | [FACTORS] 计算得到 534 个有效因子
2025-11-26 15:01:16 | INFO     | [STEP 4] 根据因子值选择交易标的...
2025-11-26 15:01:16 | INFO     | [FILTER] 忽略 1 个交易对: ['BTC/USDT:USDT']
2025-11-26 15:01:16 | INFO     | [STATS] 因子统计:
2025-11-26 15:01:16 | INFO     |    总计: 533 个标的
2025-11-26 15:01:16 | INFO     |    因子值范围: -0.223109 ~ 0.261049
2025-11-26 15:01:16 | INFO     |    选择做多: 2 个
2025-11-26 15:01:16 | INFO     |    选择做空: 2 个
2025-11-26 15:01:16 | INFO     | [TOP 20] 因子值排名前20的交易对:
2025-11-26 15:01:16 | INFO     |    第1名: AEVO/USDT:USDT: 0.261049
2025-11-26 15:01:16 | INFO     |    第2名: VINE/USDT:USDT: 0.233274
2025-11-26 15:01:16 | INFO     |    第3名: DODOX/USDT:USDT: 0.225596
2025-11-26 15:01:16 | INFO     |    第4名: AERO/USDT:USDT: 0.217643
2025-11-26 15:01:16 | INFO     |    第5名: UNI/USDT:USDT: 0.210268
2025-11-26 15:01:16 | INFO     |    第6名: SOON/USDT:USDT: 0.203241
2025-11-26 15:01:16 | INFO     |    第7名: YALA/USDT:USDT: 0.187508
2025-11-26 15:01:16 | INFO     |    第8名: LRC/USDT:USDT: 0.186786
2025-11-26 15:01:16 | INFO     |    第9名: ME/USDT:USDT: 0.186573
2025-11-26 15:01:16 | INFO     |    第10名: EDEN/USDT:USDT: 0.178999
2025-11-26 15:01:16 | INFO     |    第11名: MANTA/USDT:USDT: 0.173969
2025-11-26 15:01:16 | INFO     |    第12名: SYRUP/USDT:USDT: 0.172509
2025-11-26 15:01:16 | INFO     |    第13名: ALT/USDT:USDT: 0.172403
2025-11-26 15:01:16 | INFO     |    第14名: BERA/USDT:USDT: 0.169472
2025-11-26 15:01:16 | INFO     |    第15名: BLUR/USDT:USDT: 0.168655
2025-11-26 15:01:16 | INFO     |    第16名: ALPINE/USDT:USDT: 0.163290
2025-11-26 15:01:16 | INFO     |    第17名: M/USDT:USDT: 0.161717
2025-11-26 15:01:16 | INFO     |    第18名: BAS/USDT:USDT: 0.157636
2025-11-26 15:01:16 | INFO     |    第19名: AXL/USDT:USDT: 0.156332
2025-11-26 15:01:16 | INFO     |    第20名: CHR/USDT:USDT: 0.154457
2025-11-26 15:01:16 | INFO     | [BOTTOM 20] 因子值排名后20的交易对:
2025-11-26 15:01:16 | INFO     |    第514名: ARPA/USDT:USDT: -0.018468
2025-11-26 15:01:16 | INFO     |    第515名: PUMP/USDT:USDT: -0.020036
2025-11-26 15:01:16 | INFO     |    第516名: UAI/USDT:USDT: -0.021638
2025-11-26 15:01:16 | INFO     |    第517名: SKL/USDT:USDT: -0.021747
2025-11-26 15:01:16 | INFO     |    第518名: JST/USDT:USDT: -0.022688
2025-11-26 15:01:16 | INFO     |    第519名: ZKC/USDT:USDT: -0.025271
2025-11-26 15:01:16 | INFO     |    第520名: FLUX/USDT:USDT: -0.025595
2025-11-26 15:01:16 | INFO     |    第521名: AAVE/USDT:USDT: -0.026899
2025-11-26 15:01:16 | INFO     |    第522名: VIRTUAL/USDT:USDT: -0.026930
2025-11-26 15:01:16 | INFO     |    第523名: SPX/USDT:USDT: -0.031327
2025-11-26 15:01:16 | INFO     |    第524名: METIS/USDT:USDT: -0.031819
2025-11-26 15:01:16 | INFO     |    第525名: VANRY/USDT:USDT: -0.041233
2025-11-26 15:01:16 | INFO     |    第526名: EPIC/USDT:USDT: -0.041433
2025-11-26 15:01:16 | INFO     |    第527名: COAI/USDT:USDT: -0.044703
2025-11-26 15:01:16 | INFO     |    第528名: AIN/USDT:USDT: -0.044974
2025-11-26 15:01:16 | INFO     |    第529名: RVV/USDT:USDT: -0.046630
2025-11-26 15:01:16 | INFO     |    第530名: 1000000MOG/USDT:USDT: -0.046868
2025-11-26 15:01:16 | INFO     |    第531名: FOLKS/USDT:USDT: -0.049880
2025-11-26 15:01:16 | INFO     |    第532名: OM/USDT:USDT: -0.059490
2025-11-26 15:01:16 | INFO     |    第533名: TAC/USDT:USDT: -0.223109
2025-11-26 15:01:16 | INFO     | [LONG SYMBOLS] 做多标的详情:
2025-11-26 15:01:16 | INFO     |    AEVO/USDT:USDT: 0.261049
2025-11-26 15:01:16 | INFO     |    VINE/USDT:USDT: 0.233274
2025-11-26 15:01:16 | INFO     | [SHORT SYMBOLS] 做空标的详情:
2025-11-26 15:01:16 | INFO     |    TAC/USDT:USDT: -0.223109
2025-11-26 15:01:16 | INFO     |    OM/USDT:USDT: -0.059490
2025-11-26 15:01:16 | INFO     | [SELECTION] 选择交易标的:
2025-11-26 15:01:16 | INFO     |    做多: ['AEVO/USDT:USDT', 'VINE/USDT:USDT']
2025-11-26 15:01:16 | INFO     |    做空: ['TAC/USDT:USDT', 'OM/USDT:USDT']
2025-11-26 15:01:17 | INFO     | [DINGDING] 通知已发送: Cycle 2/4 交易标的选择完成:
做多 (2个):
  AEVO/USDT:USDT: 0.261049
  VINE/USDT:USDT: 0.233274
做空 (2个):
  TAC/USDT:USDT: -0.223109
  OM/USDT:USDT: -0.059490

因子统计:
  总计: 534 个标的
  范围: -0.223109 ~ 0.261049
2025-11-26 15:01:17 | INFO     | [STEP 5] 获取当前合约保证金...
2025-11-26 15:01:17 | INFO     | [BALANCE] 当前保证金余额: 51.62 USDT
2025-11-26 15:01:17 | INFO     | [DINGDING] 通知已发送:  账户余额报告
 时间: 2025-11-26 15:01:17
 USDT余额: 51.62
2025-11-26 15:01:17 | INFO     | [BALANCE] 余额通知已发送: 51.62 USDT
2025-11-26 15:01:17 | INFO     | [BALANCE] Cycle 2/4 首次交易，使用预分配资金 20.00 USDT
2025-11-26 15:01:17 | INFO     | [STEP 6] 执行开仓交易...
2025-11-26 15:01:17 | INFO     | [BALANCE] 总余额: 20.00 USDT
2025-11-26 15:01:17 | INFO     | [INFO] 总仓位数: 4
2025-11-26 15:01:17 | INFO     | [VALUE] 单仓价值: 14.70 USDT
2025-11-26 15:01:17 | INFO     | [MARGIN] 设置保证金模式为 ISOLATED...
2025-11-26 15:01:17 | INFO     | [MARGIN] AEVO/USDT:USDT (AEVOUSDT) 保证金模式设置为 ISOLATED ✓
2025-11-26 15:01:17 | INFO     | [MARGIN] VINE/USDT:USDT (VINEUSDT) 保证金模式设置为 ISOLATED ✓
2025-11-26 15:01:17 | INFO     | [MARGIN] TAC/USDT:USDT (TACUSDT) 保证金模式设置为 ISOLATED ✓
2025-11-26 15:01:17 | INFO     | [MARGIN] OM/USDT:USDT (OMUSDT) 保证金模式设置为 ISOLATED ✓
2025-11-26 15:01:18 | INFO     | [MARGIN] 保证金模式设置完成: 4/4 成功
2025-11-26 15:01:18 | INFO     | [LEVERAGE] 设置杠杆为 3x...
2025-11-26 15:01:18 | INFO     | [LIVE LONG] 开多头仓位: 2 个
2025-11-26 15:01:18 | INFO     | [LIVE BUY] 做多 AEVO/USDT:USDT: 314.1 @ 0.0468
2025-11-26 15:01:18 | INFO     | [LIVE MARKET] 创建市价单 AEVO/USDT:USDT: buy 314.1
2025-11-26 15:01:18 | INFO     | [LIVE SUCCESS] AEVO/USDT:USDT 市价单创建成功 ID:3874633954 成交:314.1
2025-11-26 15:01:18 | INFO     | [PROTECT] AEVO/USDT:USDT 止盈单创建成功 ID:3874633959 触发价:0.05616
2025-11-26 15:01:18 | INFO     | [PROTECT] AEVO/USDT:USDT 止损单创建成功 ID:3874633972 触发价:0.03744
2025-11-26 15:01:18 | INFO     | [LIVE BUY] 做多 VINE/USDT:USDT: 499.6 @ 0.02942
2025-11-26 15:01:18 | INFO     | [LIVE MARKET] 创建市价单 VINE/USDT:USDT: buy 499.6
2025-11-26 15:01:18 | INFO     | [LIVE SUCCESS] VINE/USDT:USDT 市价单创建成功 ID:2382593899 成交:499.0
2025-11-26 15:01:18 | INFO     | [PROTECT] VINE/USDT:USDT 止盈单创建成功 ID:2382593901 触发价:0.0353
2025-11-26 15:01:18 | INFO     | [PROTECT] VINE/USDT:USDT 止损单创建成功 ID:2382593903 触发价:0.02354
2025-11-26 15:01:18 | INFO     | [LIVE OK] 多头开仓: 2/2 成功
2025-11-26 15:01:18 | INFO     | [LIVE SHORT] 开空头仓位: 2 个
2025-11-26 15:01:18 | INFO     | [LIVE SELL] 做空 TAC/USDT:USDT: 2267.5 @ 0.006483
2025-11-26 15:01:18 | INFO     | [LIVE MARKET] 创建市价单 TAC/USDT:USDT: sell 2267.5
2025-11-26 15:01:18 | INFO     | [LIVE SUCCESS] TAC/USDT:USDT 市价单创建成功 ID:174714603 成交:2267.0
2025-11-26 15:01:18 | INFO     | [PROTECT] TAC/USDT:USDT 止盈单创建成功 ID:174714638 触发价:0.005186
2025-11-26 15:01:18 | INFO     | [PROTECT] TAC/USDT:USDT 止损单创建成功 ID:174714761 触发价:0.00778
2025-11-26 15:01:18 | INFO     | [LIVE SELL] 做空 OM/USDT:USDT: 173.5 @ 0.08471
2025-11-26 15:01:18 | INFO     | [LIVE MARKET] 创建市价单 OM/USDT:USDT: sell 173.5
2025-11-26 15:01:18 | INFO     | [LIVE SUCCESS] OM/USDT:USDT 市价单创建成功 ID:8583996052 成交:173.5
2025-11-26 15:01:18 | INFO     | [PROTECT] OM/USDT:USDT 止盈单创建成功 ID:8583996057 触发价:0.06777
2025-11-26 15:01:19 | INFO     | [PROTECT] OM/USDT:USDT 止损单创建成功 ID:8583996062 触发价:0.10165
2025-11-26 15:01:19 | INFO     | [LIVE OK] 空头开仓: 2/2 成功
2025-11-26 15:01:19 | INFO     | [POSITIONS] 新仓位已添加到字典: {'AEVO/USDT:USDT': {'side': 'long', 'quantity': 314.1, 'open_price': 0.0468, 'position_side': 'LONG', 'take_profit_order_id': '3874633959', 'take_profit_price': 0.05616, 'stop_loss_order_id': '3874633972', 'stop_loss_price': 0.03744}, 'VINE/USDT:USDT': {'side': 'long', 'quantity': 499.6, 'open_price': 0.02942, 'position_side': 'LONG', 'take_profit_order_id': '2382593901', 'take_profit_price': 0.0353, 'stop_loss_order_id': '2382593903', 'stop_loss_price': 0.02354}, 'TAC/USDT:USDT': {'side': 'short', 'quantity': 2267.5, 'open_price': 0.006483, 'position_side': 'SHORT', 'take_profit_order_id': '174714638', 'take_profit_price': 0.005186, 'stop_loss_order_id': '174714761', 'stop_loss_price': 0.00778}, 'OM/USDT:USDT': {'side': 'short', 'quantity': 173.5, 'open_price': 0.08471, 'position_side': 'SHORT', 'take_profit_order_id': '8583996057', 'take_profit_price': 0.06777, 'stop_loss_order_id': '8583996062', 'stop_loss_price': 0.10165}}
2025-11-26 15:01:19 | INFO     | [POSITIONS] 当前仓位字典: {'AEVO/USDT:USDT': {'side': 'long', 'quantity': 314.1, 'open_price': 0.0468, 'position_side': 'LONG', 'take_profit_order_id': '3874633959', 'take_profit_price': 0.05616, 'stop_loss_order_id': '3874633972', 'stop_loss_price': 0.03744}, 'VINE/USDT:USDT': {'side': 'long', 'quantity': 499.6, 'open_price': 0.02942, 'position_side': 'LONG', 'take_profit_order_id': '2382593901', 'take_profit_price': 0.0353, 'stop_loss_order_id': '2382593903', 'stop_loss_price': 0.02354}, 'TAC/USDT:USDT': {'side': 'short', 'quantity': 2267.5, 'open_price': 0.006483, 'position_side': 'SHORT', 'take_profit_order_id': '174714638', 'take_profit_price': 0.005186, 'stop_loss_order_id': '174714761', 'stop_loss_price': 0.00778}, 'OM/USDT:USDT': {'side': 'short', 'quantity': 173.5, 'open_price': 0.08471, 'position_side': 'SHORT', 'take_profit_order_id': '8583996057', 'take_profit_price': 0.06777, 'stop_loss_order_id': '8583996062', 'stop_loss_price': 0.10165}}
2025-11-26 15:01:19 | INFO     | [STEP 7] 开仓交易完成
2025-11-26 15:01:19 | INFO     | [INFO] 跳过详细仓位验证，交易周期完成
2025-11-26 15:01:19 | INFO     | [STEP 8] 记录当前交易对价格和因子信息...
2025-11-26 15:01:19 | INFO     | [API] 成功获取 534 个交易对价格
2025-11-26 15:01:19 | INFO     | [RECORD] 记录了 534 个交易对的价格和因子信息
2025-11-26 15:01:19 | INFO     | [OK] 交易周期执行成功
2025-11-26 15:01:19 | INFO     | [TIME] 周期耗时: 79.2秒
2025-11-26 15:01:19 | INFO     | [16H] Cycle 3/4 下次执行时间: 2025-11-26 19:00:00
2025-11-26 15:01:19 | INFO     | [WAIT] 等待 14321 秒 (4.0 小时)
2025-11-26 15:04:35 | INFO     | [WAIT] Cycle 3/4 剩余等待时间: 235.4 分钟
2025-11-26 15:07:51 | INFO     | [WAIT] Cycle 3/4 剩余等待时间: 232.1 分钟
2025-11-26 15:11:07 | INFO     | [WAIT] Cycle 3/4 剩余等待时间: 228.9 分钟
2025-11-26 15:14:24 | INFO     | [WAIT] Cycle 3/4 剩余等待时间: 225.6 分钟
2025-11-26 15:17:40 | INFO     | [WAIT] Cycle 3/4 剩余等待时间: 222.3 分钟
2025-11-26 15:20:57 | INFO     | [WAIT] Cycle 3/4 剩余等待时间: 219.0 分钟
2025-11-26 15:24:13 | INFO     | [WAIT] Cycle 3/4 剩余等待时间: 215.8 分钟
2025-11-26 15:27:29 | INFO     | [WAIT] Cycle 3/4 剩余等待时间: 212.5 分钟
2025-11-26 15:30:46 | INFO     | [WAIT] Cycle 3/4 剩余等待时间: 209.2 分钟
2025-11-26 15:34:02 | INFO     | [WAIT] Cycle 3/4 剩余等待时间: 206.0 分钟
2025-11-26 15:37:19 | INFO     | [WAIT] Cycle 3/4 剩余等待时间: 202.7 分钟
2025-11-26 15:40:35 | INFO     | [WAIT] Cycle 3/4 剩余等待时间: 199.4 分钟
2025-11-26 15:43:50 | INFO     | [WAIT] Cycle 3/4 剩余等待时间: 196.2 分钟
2025-11-26 15:47:06 | INFO     | [WAIT] Cycle 3/4 剩余等待时间: 192.9 分钟
2025-11-26 15:50:23 | INFO     | [WAIT] Cycle 3/4 剩余等待时间: 189.6 分钟
2025-11-26 15:53:39 | INFO     | [WAIT] Cycle 3/4 剩余等待时间: 186.3 分钟
2025-11-26 15:56:56 | INFO     | [WAIT] Cycle 3/4 剩余等待时间: 183.1 分钟
2025-11-26 16:00:12 | INFO     | [WAIT] Cycle 3/4 剩余等待时间: 179.8 分钟
2025-11-26 16:03:28 | INFO     | [WAIT] Cycle 3/4 剩余等待时间: 176.5 分钟
2025-11-26 16:06:45 | INFO     | [WAIT] Cycle 3/4 剩余等待时间: 173.2 分钟
2025-11-26 16:10:01 | INFO     | [WAIT] Cycle 3/4 剩余等待时间: 170.0 分钟
2025-11-26 16:13:18 | INFO     | [WAIT] Cycle 3/4 剩余等待时间: 166.7 分钟
2025-11-26 16:16:34 | INFO     | [WAIT] Cycle 3/4 剩余等待时间: 163.4 分钟
2025-11-26 16:19:51 | INFO     | [WAIT] Cycle 3/4 剩余等待时间: 160.1 分钟
2025-11-26 16:23:07 | INFO     | [WAIT] Cycle 3/4 剩余等待时间: 156.9 分钟
2025-11-26 16:26:24 | INFO     | [WAIT] Cycle 3/4 剩余等待时间: 153.6 分钟
2025-11-26 16:29:40 | INFO     | [WAIT] Cycle 3/4 剩余等待时间: 150.3 分钟
2025-11-26 16:32:57 | INFO     | [WAIT] Cycle 3/4 剩余等待时间: 147.0 分钟
2025-11-26 16:36:13 | INFO     | [WAIT] Cycle 3/4 剩余等待时间: 143.8 分钟
2025-11-26 16:39:30 | INFO     | [WAIT] Cycle 3/4 剩余等待时间: 140.5 分钟
2025-11-26 16:42:47 | INFO     | [WAIT] Cycle 3/4 剩余等待时间: 137.2 分钟
2025-11-26 16:46:03 | INFO     | [WAIT] Cycle 3/4 剩余等待时间: 133.9 分钟
2025-11-26 16:49:20 | INFO     | [WAIT] Cycle 3/4 剩余等待时间: 130.7 分钟
2025-11-26 16:52:36 | INFO     | [WAIT] Cycle 3/4 剩余等待时间: 127.4 分钟
2025-11-26 16:55:53 | INFO     | [WAIT] Cycle 3/4 剩余等待时间: 124.1 分钟
2025-11-26 16:56:16 | WARNING  | [PROTECT WARNING] 获取 AEVO/USDT:USDT 持仓信息失败: binance {"code":-1007,"msg":"Timeout waiting for response from backend server. Send status unknown; execution status unknown."}
2025-11-26 16:59:11 | INFO     | [WAIT] Cycle 3/4 剩余等待时间: 120.8 分钟
2025-11-26 17:02:27 | INFO     | [WAIT] Cycle 3/4 剩余等待时间: 117.5 分钟
2025-11-26 17:05:44 | INFO     | [WAIT] Cycle 3/4 剩余等待时间: 114.3 分钟
2025-11-26 17:09:00 | INFO     | [WAIT] Cycle 3/4 剩余等待时间: 111.0 分钟
2025-11-26 17:12:18 | INFO     | [WAIT] Cycle 3/4 剩余等待时间: 107.7 分钟
2025-11-26 17:15:34 | INFO     | [WAIT] Cycle 3/4 剩余等待时间: 104.4 分钟
2025-11-26 17:18:51 | INFO     | [WAIT] Cycle 3/4 剩余等待时间: 101.1 分钟
2025-11-26 17:22:07 | INFO     | [WAIT] Cycle 3/4 剩余等待时间: 97.9 分钟
2025-11-26 17:25:24 | INFO     | [WAIT] Cycle 3/4 剩余等待时间: 94.6 分钟
2025-11-26 17:28:41 | INFO     | [WAIT] Cycle 3/4 剩余等待时间: 91.3 分钟
2025-11-26 17:31:58 | INFO     | [WAIT] Cycle 3/4 剩余等待时间: 88.0 分钟
2025-11-26 17:35:14 | INFO     | [WAIT] Cycle 3/4 剩余等待时间: 84.8 分钟
2025-11-26 17:38:31 | INFO     | [WAIT] Cycle 3/4 剩余等待时间: 81.5 分钟
2025-11-26 17:41:47 | INFO     | [WAIT] Cycle 3/4 剩余等待时间: 78.2 分钟
2025-11-26 17:45:04 | INFO     | [WAIT] Cycle 3/4 剩余等待时间: 74.9 分钟
2025-11-26 17:48:20 | INFO     | [WAIT] Cycle 3/4 剩余等待时间: 71.7 分钟
2025-11-26 17:51:37 | INFO     | [WAIT] Cycle 3/4 剩余等待时间: 68.4 分钟
2025-11-26 17:54:53 | INFO     | [WAIT] Cycle 3/4 剩余等待时间: 65.1 分钟
2025-11-26 17:58:09 | INFO     | [WAIT] Cycle 3/4 剩余等待时间: 61.8 分钟
2025-11-26 18:01:25 | INFO     | [WAIT] Cycle 3/4 剩余等待时间: 58.6 分钟
2025-11-26 18:04:42 | INFO     | [WAIT] Cycle 3/4 剩余等待时间: 55.3 分钟
2025-11-26 18:07:58 | INFO     | [WAIT] Cycle 3/4 剩余等待时间: 52.0 分钟
2025-11-26 18:11:15 | INFO     | [WAIT] Cycle 3/4 剩余等待时间: 48.7 分钟
2025-11-26 18:14:31 | INFO     | [WAIT] Cycle 3/4 剩余等待时间: 45.5 分钟
2025-11-26 18:17:47 | INFO     | [WAIT] Cycle 3/4 剩余等待时间: 42.2 分钟
2025-11-26 18:21:04 | INFO     | [WAIT] Cycle 3/4 剩余等待时间: 38.9 分钟
2025-11-26 18:24:20 | INFO     | [WAIT] Cycle 3/4 剩余等待时间: 35.7 分钟
2025-11-26 18:27:36 | INFO     | [WAIT] Cycle 3/4 剩余等待时间: 32.4 分钟
2025-11-26 18:30:53 | INFO     | [WAIT] Cycle 3/4 剩余等待时间: 29.1 分钟
2025-11-26 18:34:09 | INFO     | [WAIT] Cycle 3/4 剩余等待时间: 25.8 分钟
2025-11-26 18:37:25 | INFO     | [WAIT] Cycle 3/4 剩余等待时间: 22.6 分钟
2025-11-26 18:40:42 | INFO     | [WAIT] Cycle 3/4 剩余等待时间: 19.3 分钟
2025-11-26 18:43:58 | INFO     | [WAIT] Cycle 3/4 剩余等待时间: 16.0 分钟
2025-11-26 18:47:15 | INFO     | [WAIT] Cycle 3/4 剩余等待时间: 12.7 分钟
2025-11-26 18:50:31 | INFO     | [WAIT] Cycle 3/4 剩余等待时间: 9.5 分钟
2025-11-26 18:53:47 | INFO     | [WAIT] Cycle 3/4 剩余等待时间: 6.2 分钟
2025-11-26 18:57:04 | INFO     | [WAIT] Cycle 3/4 剩余等待时间: 2.9 分钟
2025-11-26 18:57:04 | INFO     | [WAIT] Cycle 3/4 最后等待: 175 秒
2025-11-26 19:00:00 | INFO     | 
==================================================
2025-11-26 19:00:00 | INFO     | [CYCLE] 第 4 轮交易周期 (Cycle 3/4)
2025-11-26 19:00:00 | INFO     | [TIME] 开始时间: 2025-11-26 19:00:00
2025-11-26 19:00:00 | INFO     | ==================================================
2025-11-26 19:00:04 | INFO     | [STEP 1] Cycle 3/4 平仓字典中存储的仓位...
2025-11-26 19:00:04 | INFO     | [INFO] 仓位字典为空，无需平仓
2025-11-26 19:00:04 | INFO     | [STEP 2] 跳过验证步骤...
2025-11-26 19:00:04 | INFO     | [STEP 3] 提取OHLC数据并计算因子...
2025-11-26 19:00:04 | INFO     | [OK] 获取活跃交易对完成，耗时: 0.001秒
2025-11-26 19:01:18 | INFO     | [FACTORS] 计算得到 534 个有效因子
2025-11-26 19:01:18 | INFO     | [STEP 4] 根据因子值选择交易标的...
2025-11-26 19:01:18 | INFO     | [FILTER] 忽略 1 个交易对: ['BTC/USDT:USDT']
2025-11-26 19:01:18 | INFO     | [STATS] 因子统计:
2025-11-26 19:01:18 | INFO     |    总计: 533 个标的
2025-11-26 19:01:18 | INFO     |    因子值范围: -0.199153 ~ 0.220467
2025-11-26 19:01:18 | INFO     |    选择做多: 2 个
2025-11-26 19:01:18 | INFO     |    选择做空: 2 个
2025-11-26 19:01:18 | INFO     | [TOP 20] 因子值排名前20的交易对:
2025-11-26 19:01:18 | INFO     |    第1名: RVV/USDT:USDT: 0.220467
2025-11-26 19:01:18 | INFO     |    第2名: DODOX/USDT:USDT: 0.215937
2025-11-26 19:01:18 | INFO     |    第3名: YALA/USDT:USDT: 0.208581
2025-11-26 19:01:18 | INFO     |    第4名: WCT/USDT:USDT: 0.186092
2025-11-26 19:01:18 | INFO     |    第5名: UNI/USDT:USDT: 0.179392
2025-11-26 19:01:18 | INFO     |    第6名: VINE/USDT:USDT: 0.179183
2025-11-26 19:01:18 | INFO     |    第7名: AERO/USDT:USDT: 0.176233
2025-11-26 19:01:18 | INFO     |    第8名: SOON/USDT:USDT: 0.156032
2025-11-26 19:01:18 | INFO     |    第9名: ICNT/USDT:USDT: 0.147138
2025-11-26 19:01:18 | INFO     |    第10名: INIT/USDT:USDT: 0.143911
2025-11-26 19:01:18 | INFO     |    第11名: EDEN/USDT:USDT: 0.143288
2025-11-26 19:01:18 | INFO     |    第12名: APT/USDT:USDT: 0.128227
2025-11-26 19:01:18 | INFO     |    第13名: CUDIS/USDT:USDT: 0.126441
2025-11-26 19:01:18 | INFO     |    第14名: BAS/USDT:USDT: 0.125265
2025-11-26 19:01:18 | INFO     |    第15名: STRK/USDT:USDT: 0.123744
2025-11-26 19:01:18 | INFO     |    第16名: MANTA/USDT:USDT: 0.123427
2025-11-26 19:01:18 | INFO     |    第17名: AVNT/USDT:USDT: 0.121914
2025-11-26 19:01:18 | INFO     |    第18名: AR/USDT:USDT: 0.120973
2025-11-26 19:01:18 | INFO     |    第19名: LSK/USDT:USDT: 0.119727
2025-11-26 19:01:18 | INFO     |    第20名: CC/USDT:USDT: 0.118669
2025-11-26 19:01:18 | INFO     | [BOTTOM 20] 因子值排名后20的交易对:
2025-11-26 19:01:18 | INFO     |    第514名: API3/USDT:USDT: -0.017130
2025-11-26 19:01:18 | INFO     |    第515名: LINEA/USDT:USDT: -0.017166
2025-11-26 19:01:18 | INFO     |    第516名: AIN/USDT:USDT: -0.017847
2025-11-26 19:01:18 | INFO     |    第517名: AGT/USDT:USDT: -0.018254
2025-11-26 19:01:18 | INFO     |    第518名: PENDLE/USDT:USDT: -0.020312
2025-11-26 19:01:18 | INFO     |    第519名: BABY/USDT:USDT: -0.020758
2025-11-26 19:01:18 | INFO     |    第520名: CATI/USDT:USDT: -0.022385
2025-11-26 19:01:18 | INFO     |    第521名: ENA/USDT:USDT: -0.023273
2025-11-26 19:01:18 | INFO     |    第522名: C/USDT:USDT: -0.024141
2025-11-26 19:01:18 | INFO     |    第523名: ORDER/USDT:USDT: -0.025371
2025-11-26 19:01:18 | INFO     |    第524名: EPIC/USDT:USDT: -0.030098
2025-11-26 19:01:18 | INFO     |    第525名: COAI/USDT:USDT: -0.030472
2025-11-26 19:01:18 | INFO     |    第526名: SPX/USDT:USDT: -0.031272
2025-11-26 19:01:18 | INFO     |    第527名: SAFE/USDT:USDT: -0.036879
2025-11-26 19:01:18 | INFO     |    第528名: FARTCOIN/USDT:USDT: -0.040756
2025-11-26 19:01:18 | INFO     |    第529名: SKL/USDT:USDT: -0.045364
2025-11-26 19:01:18 | INFO     |    第530名: OM/USDT:USDT: -0.045878
2025-11-26 19:01:18 | INFO     |    第531名: FOLKS/USDT:USDT: -0.048301
2025-11-26 19:01:18 | INFO     |    第532名: TANSSI/USDT:USDT: -0.049453
2025-11-26 19:01:18 | INFO     |    第533名: TAC/USDT:USDT: -0.199153
2025-11-26 19:01:18 | INFO     | [LONG SYMBOLS] 做多标的详情:
2025-11-26 19:01:18 | INFO     |    RVV/USDT:USDT: 0.220467
2025-11-26 19:01:18 | INFO     |    DODOX/USDT:USDT: 0.215937
2025-11-26 19:01:18 | INFO     | [SHORT SYMBOLS] 做空标的详情:
2025-11-26 19:01:18 | INFO     |    TAC/USDT:USDT: -0.199153
2025-11-26 19:01:18 | INFO     |    TANSSI/USDT:USDT: -0.049453
2025-11-26 19:01:18 | INFO     | [SELECTION] 选择交易标的:
2025-11-26 19:01:18 | INFO     |    做多: ['RVV/USDT:USDT', 'DODOX/USDT:USDT']
2025-11-26 19:01:18 | INFO     |    做空: ['TAC/USDT:USDT', 'TANSSI/USDT:USDT']
2025-11-26 19:01:19 | INFO     | [DINGDING] 通知已发送: Cycle 3/4 交易标的选择完成:
做多 (2个):
  RVV/USDT:USDT: 0.220467
  DODOX/USDT:USDT: 0.215937
做空 (2个):
  TAC/USDT:USDT: -0.199153
  TANSSI/USDT:USDT: -0.049453

因子统计:
  总计: 534 个标的
  范围: -0.199153 ~ 0.220467
2025-11-26 19:01:19 | INFO     | [STEP 5] 获取当前合约保证金...
2025-11-26 19:01:19 | INFO     | [BALANCE] 当前保证金余额: 32.00 USDT
2025-11-26 19:01:20 | INFO     | [DINGDING] 通知已发送:  账户余额报告
 时间: 2025-11-26 19:01:19
 USDT余额: 32.00
2025-11-26 19:01:20 | INFO     | [BALANCE] 余额通知已发送: 32.00 USDT
2025-11-26 19:01:20 | INFO     | [BALANCE] Cycle 3/4 首次交易，使用预分配资金 20.00 USDT
2025-11-26 19:01:20 | INFO     | [STEP 6] 执行开仓交易...
2025-11-26 19:01:20 | INFO     | [BALANCE] 总余额: 20.00 USDT
2025-11-26 19:01:20 | INFO     | [INFO] 总仓位数: 4
2025-11-26 19:01:20 | INFO     | [VALUE] 单仓价值: 14.70 USDT
2025-11-26 19:01:20 | INFO     | [MARGIN] 设置保证金模式为 ISOLATED...
2025-11-26 19:01:20 | INFO     | [MARGIN] RVV/USDT:USDT 已经是 ISOLATED 模式
2025-11-26 19:01:20 | INFO     | [MARGIN] DODOX/USDT:USDT (DODOXUSDT) 保证金模式设置为 ISOLATED ✓
2025-11-26 19:01:20 | INFO     | [MARGIN] TAC/USDT:USDT 已经是 ISOLATED 模式
2025-11-26 19:01:20 | INFO     | [MARGIN] TANSSI/USDT:USDT (TANSSIUSDT) 保证金模式设置为 ISOLATED ✓
2025-11-26 19:01:20 | INFO     | [MARGIN] 保证金模式设置完成: 4/4 成功
2025-11-26 19:01:20 | INFO     | [LEVERAGE] 设置杠杆为 3x...
2025-11-26 19:01:20 | INFO     | [LIVE LONG] 开多头仓位: 2 个
2025-11-26 19:01:20 | INFO     | [LIVE BUY] 做多 RVV/USDT:USDT: 2472.2 @ 0.005946
2025-11-26 19:01:20 | INFO     | [LIVE MARKET] 创建市价单 RVV/USDT:USDT: buy 2472.2
2025-11-26 19:01:20 | INFO     | [LIVE SUCCESS] RVV/USDT:USDT 市价单创建成功 ID:252990750 成交:2472.0
2025-11-26 19:01:20 | INFO     | [PROTECT] RVV/USDT:USDT 止盈单创建成功 ID:252990753 触发价:0.007135
2025-11-26 19:01:20 | INFO     | [PROTECT] RVV/USDT:USDT 止损单创建成功 ID:252990756 触发价:0.004757
2025-11-26 19:01:20 | INFO     | [LIVE BUY] 做多 DODOX/USDT:USDT: 470.3 @ 0.031254
2025-11-26 19:01:20 | INFO     | [LIVE MARKET] 创建市价单 DODOX/USDT:USDT: buy 470.3
2025-11-26 19:01:20 | INFO     | [LIVE SUCCESS] DODOX/USDT:USDT 市价单创建成功 ID:2882966126 成交:470.0
2025-11-26 19:01:20 | INFO     | [PROTECT] DODOX/USDT:USDT 止盈单创建成功 ID:2882966133 触发价:0.037505
2025-11-26 19:01:20 | INFO     | [PROTECT] DODOX/USDT:USDT 止损单创建成功 ID:2882966145 触发价:0.025003
2025-11-26 19:01:21 | INFO     | [LIVE OK] 多头开仓: 2/2 成功
2025-11-26 19:01:21 | INFO     | [LIVE SHORT] 开空头仓位: 2 个
2025-11-26 19:01:21 | INFO     | [LIVE SELL] 做空 TAC/USDT:USDT: 2483.5 @ 0.005919
2025-11-26 19:01:21 | INFO     | [LIVE MARKET] 创建市价单 TAC/USDT:USDT: sell 2483.5
2025-11-26 19:01:21 | INFO     | [LIVE SUCCESS] TAC/USDT:USDT 市价单创建成功 ID:184009596 成交:2483.0
2025-11-26 19:01:21 | INFO     | [PROTECT] TAC/USDT:USDT 止盈单创建成功 ID:184009608 触发价:0.004735
2025-11-26 19:01:21 | INFO     | [PROTECT] TAC/USDT:USDT 止损单创建成功 ID:184009637 触发价:0.007103
2025-11-26 19:01:21 | INFO     | [LIVE SELL] 做空 TANSSI/USDT:USDT: 766.0 @ 0.01919
2025-11-26 19:01:21 | INFO     | [LIVE MARKET] 创建市价单 TANSSI/USDT:USDT: sell 766.0
2025-11-26 19:01:21 | INFO     | [LIVE SUCCESS] TANSSI/USDT:USDT 市价单创建成功 ID:242102304 成交:766.0
2025-11-26 19:01:21 | INFO     | [PROTECT] TANSSI/USDT:USDT 止盈单创建成功 ID:242102305 触发价:0.01535
2025-11-26 19:01:21 | INFO     | [PROTECT] TANSSI/USDT:USDT 止损单创建成功 ID:242102306 触发价:0.02303
2025-11-26 19:01:21 | INFO     | [LIVE OK] 空头开仓: 2/2 成功
2025-11-26 19:01:21 | INFO     | [POSITIONS] 新仓位已添加到字典: {'RVV/USDT:USDT': {'side': 'long', 'quantity': 2472.2, 'open_price': 0.005946, 'position_side': 'LONG', 'take_profit_order_id': '252990753', 'take_profit_price': 0.007135, 'stop_loss_order_id': '252990756', 'stop_loss_price': 0.004757}, 'DODOX/USDT:USDT': {'side': 'long', 'quantity': 470.3, 'open_price': 0.031254, 'position_side': 'LONG', 'take_profit_order_id': '2882966133', 'take_profit_price': 0.037505, 'stop_loss_order_id': '2882966145', 'stop_loss_price': 0.025003}, 'TAC/USDT:USDT': {'side': 'short', 'quantity': 2483.5, 'open_price': 0.005919, 'position_side': 'SHORT', 'take_profit_order_id': '184009608', 'take_profit_price': 0.004735, 'stop_loss_order_id': '184009637', 'stop_loss_price': 0.007103}, 'TANSSI/USDT:USDT': {'side': 'short', 'quantity': 766.0, 'open_price': 0.01919, 'position_side': 'SHORT', 'take_profit_order_id': '242102305', 'take_profit_price': 0.01535, 'stop_loss_order_id': '242102306', 'stop_loss_price': 0.02303}}
2025-11-26 19:01:21 | INFO     | [POSITIONS] 当前仓位字典: {'RVV/USDT:USDT': {'side': 'long', 'quantity': 2472.2, 'open_price': 0.005946, 'position_side': 'LONG', 'take_profit_order_id': '252990753', 'take_profit_price': 0.007135, 'stop_loss_order_id': '252990756', 'stop_loss_price': 0.004757}, 'DODOX/USDT:USDT': {'side': 'long', 'quantity': 470.3, 'open_price': 0.031254, 'position_side': 'LONG', 'take_profit_order_id': '2882966133', 'take_profit_price': 0.037505, 'stop_loss_order_id': '2882966145', 'stop_loss_price': 0.025003}, 'TAC/USDT:USDT': {'side': 'short', 'quantity': 2483.5, 'open_price': 0.005919, 'position_side': 'SHORT', 'take_profit_order_id': '184009608', 'take_profit_price': 0.004735, 'stop_loss_order_id': '184009637', 'stop_loss_price': 0.007103}, 'TANSSI/USDT:USDT': {'side': 'short', 'quantity': 766.0, 'open_price': 0.01919, 'position_side': 'SHORT', 'take_profit_order_id': '242102305', 'take_profit_price': 0.01535, 'stop_loss_order_id': '242102306', 'stop_loss_price': 0.02303}}
2025-11-26 19:01:21 | INFO     | [STEP 7] 开仓交易完成
2025-11-26 19:01:21 | INFO     | [INFO] 跳过详细仓位验证，交易周期完成
2025-11-26 19:01:21 | INFO     | [STEP 8] 记录当前交易对价格和因子信息...
2025-11-26 19:01:21 | INFO     | [API] 成功获取 534 个交易对价格
2025-11-26 19:01:21 | INFO     | [RECORD] 记录了 534 个交易对的价格和因子信息
2025-11-26 19:01:21 | INFO     | [OK] 交易周期执行成功
2025-11-26 19:01:21 | INFO     | [TIME] 周期耗时: 81.5秒
2025-11-26 19:01:21 | INFO     | [16H] Cycle 0/4 下次执行时间: 2025-11-26 23:00:00
2025-11-26 19:01:21 | INFO     | [WAIT] 等待 14318 秒 (4.0 小时)
2025-11-26 19:05:16 | INFO     | [WAIT] Cycle 0/4 剩余等待时间: 234.7 分钟
2025-11-26 19:09:11 | INFO     | [WAIT] Cycle 0/4 剩余等待时间: 230.8 分钟
2025-11-26 19:13:05 | INFO     | [WAIT] Cycle 0/4 剩余等待时间: 226.9 分钟
2025-11-26 19:17:00 | INFO     | [WAIT] Cycle 0/4 剩余等待时间: 223.0 分钟
2025-11-26 19:20:55 | INFO     | [WAIT] Cycle 0/4 剩余等待时间: 219.1 分钟
2025-11-26 19:24:50 | INFO     | [WAIT] Cycle 0/4 剩余等待时间: 215.2 分钟
2025-11-26 19:28:45 | INFO     | [WAIT] Cycle 0/4 剩余等待时间: 211.2 分钟
2025-11-26 19:32:40 | INFO     | [WAIT] Cycle 0/4 剩余等待时间: 207.3 分钟
2025-11-26 19:36:35 | INFO     | [WAIT] Cycle 0/4 剩余等待时间: 203.4 分钟
2025-11-26 19:40:30 | INFO     | [WAIT] Cycle 0/4 剩余等待时间: 199.5 分钟
2025-11-26 19:44:25 | INFO     | [WAIT] Cycle 0/4 剩余等待时间: 195.6 分钟
2025-11-26 19:48:21 | INFO     | [WAIT] Cycle 0/4 剩余等待时间: 191.6 分钟
2025-11-26 19:52:16 | INFO     | [WAIT] Cycle 0/4 剩余等待时间: 187.7 分钟
2025-11-26 19:56:12 | INFO     | [WAIT] Cycle 0/4 剩余等待时间: 183.8 分钟
2025-11-26 20:00:07 | INFO     | [WAIT] Cycle 0/4 剩余等待时间: 179.9 分钟
2025-11-26 20:04:03 | INFO     | [WAIT] Cycle 0/4 剩余等待时间: 175.9 分钟
2025-11-26 20:07:58 | INFO     | [WAIT] Cycle 0/4 剩余等待时间: 172.0 分钟
2025-11-26 20:11:54 | INFO     | [WAIT] Cycle 0/4 剩余等待时间: 168.1 分钟
2025-11-26 20:15:50 | INFO     | [WAIT] Cycle 0/4 剩余等待时间: 164.2 分钟
